<html>
<body>
<pre>
<h1>µVision Build Log</h1>
<h2>Tool Versions:</h2>
IDE-Version: ¦ÌVision V5.14.0.0
Copyright (C) 2015 ARM Ltd and ARM Germany GmbH. All rights reserved.
License Information: 1 1, 1, LIC=HN0AE-5ACDD-01NP1-C4HM7-6WJZX-XG2UA
 
Tool Versions:
Toolchain:       MDK-ARM Standard  Version: 5.14.0.0
Toolchain Path:  D:\Software\Keil_v5\ARM\ARMCC\Bin
C Compiler:      Armcc.exe V5.05 update 1 (build 106)
Assembler:       Armasm.exe V5.05 update 1 (build 106)
Linker/Locator:  ArmLink.exe V5.05 update 1 (build 106)
Library Manager: ArmAr.exe V5.05 update 1 (build 106)
Hex Converter:   FromElf.exe V5.05 update 1 (build 106)
CPU DLL:         SARMCM3.DLL V5.14.0.0
Dialog DLL:      DCM.DLL V1.13.1.0
Target DLL:      STLink\ST-LINKIII-KEIL_SWO.dll V2.0.14.0_KEIL
Dialog DLL:      TCM.DLL V1.14.4.0
 
<h2>Project:</h2>
C:\Users\63526\Desktop\Lock-inAmplifier\Software\TpLockInAmp\MDK-ARM\TpLockInAmp.uvprojx
Project File Date:  10/26/2023

<h2>Output:</h2>
Rebuild target 'TpLockInAmp'
assembling startup_stm32g431xx.s...
compiling main.c...
..\Users\Inc\ssd1306.h(238): warning:  #1295-D: Deprecated declaration ssd1306_I2C_Init - give arg types
  void ssd1306_I2C_Init();
../Core/Src/main.c(121): warning:  #223-D: function "Usermain" declared implicitly
                Usermain();
../Core/Src/main.c: 2 warnings, 0 errors
compiling gpio.c...
compiling adc.c...
compiling dac.c...
compiling dma.c...
compiling i2c.c...
compiling opamp.c...
compiling spi.c...
compiling tim.c...
compiling usart.c...
compiling stm32g4xx_it.c...
compiling stm32g4xx_hal_msp.c...
compiling stm32g4xx_hal_adc.c...
compiling stm32g4xx_hal_adc_ex.c...
compiling stm32g4xx_ll_adc.c...
compiling stm32g4xx_hal.c...
compiling stm32g4xx_hal_rcc.c...
compiling stm32g4xx_hal_rcc_ex.c...
compiling stm32g4xx_hal_flash.c...
compiling stm32g4xx_hal_flash_ex.c...
compiling stm32g4xx_hal_flash_ramfunc.c...
compiling stm32g4xx_hal_gpio.c...
compiling stm32g4xx_hal_exti.c...
compiling stm32g4xx_hal_dma.c...
compiling stm32g4xx_hal_dma_ex.c...
compiling stm32g4xx_hal_pwr.c...
compiling stm32g4xx_hal_pwr_ex.c...
compiling stm32g4xx_hal_cortex.c...
compiling stm32g4xx_hal_dac.c...
compiling stm32g4xx_hal_dac_ex.c...
compiling stm32g4xx_hal_i2c.c...
compiling stm32g4xx_hal_i2c_ex.c...
compiling stm32g4xx_hal_opamp.c...
compiling stm32g4xx_hal_opamp_ex.c...
compiling stm32g4xx_hal_spi.c...
compiling stm32g4xx_hal_spi_ex.c...
compiling stm32g4xx_hal_tim.c...
compiling stm32g4xx_hal_tim_ex.c...
compiling stm32g4xx_hal_uart.c...
compiling stm32g4xx_hal_uart_ex.c...
compiling system_stm32g4xx.c...
compiling Usermain.c...
..\Users\Inc\ssd1306.h(238): warning:  #1295-D: Deprecated declaration ssd1306_I2C_Init - give arg types
  void ssd1306_I2C_Init();
..\Users\Src\Usermain.c(77): warning:  #188-D: enumerated type mixed with another type
        SSD1306_Puts("Ready!", &Font_11x18, 1);
..\Users\Src\Usermain.c(110): warning:  #188-D: enumerated type mixed with another type
                        SSD1306_Puts(TIME_CNT, &Font_7x10, 1);
..\Users\Src\Usermain.c(115): warning:  #188-D: enumerated type mixed with another type
                        SSD1306_Puts(AVE, &Font_11x18, 1);
..\Users\Src\Usermain.c(122): warning:  #1035-D: single-precision operand implicitly converted to double-precision
                        sum_value += (float)adc1_val_buf[i][ADC1_CHANNEL_1]*3.3/4095;
..\Users\Src\Usermain.c(125): warning:  #1035-D: single-precision operand implicitly converted to double-precision
                signal_input = (float)adc1_val_buf[i][ADC1_CHANNEL_3]*3.3/4095-2.5;
..\Users\Src\Usermain.c(132): warning:  #188-D: enumerated type mixed with another type
                        SSD1306_Puts(TIME_CNT, &Font_7x10, 1);
..\Users\Src\Usermain.c(136): warning:  #188-D: enumerated type mixed with another type
                        SSD1306_Puts(AVE, &Font_11x18, 1);
..\Users\Src\Usermain.c: 8 warnings, 0 errors
compiling fonts.c...
compiling gui.c...
..\Users\Inc\ssd1306.h(238): warning:  #1295-D: Deprecated declaration ssd1306_I2C_Init - give arg types
  void ssd1306_I2C_Init();
..\Users\Src\gui.c(24): warning:  #188-D: enumerated type mixed with another type
        SSD1306_Puts(txt, &GUI_DefFont, col);
..\Users\Src\gui.c(35): warning:  #188-D: enumerated type mixed with another type
        SSD1306_DrawFilledRectangle(x, y, w, h, bg);
..\Users\Src\gui.c(37): warning:  #188-D: enumerated type mixed with another type
                SSD1306_DrawRectangle(x, y, w, h, !bg);
..\Users\Src\gui.c(43): warning:  #188-D: enumerated type mixed with another type
                SSD1306_Putc(*txt, &GUI_DefFont, !bg);
..\Users\Src\gui.c(50): warning:  #188-D: enumerated type mixed with another type
        SSD1306_DrawFilledRectangle(x, y, w, h, bg);
..\Users\Src\gui.c(63): warning:  #188-D: enumerated type mixed with another type
                                        SSD1306_DrawRectangle(x, y, w, h, !bg);
..\Users\Src\gui.c(69): warning:  #188-D: enumerated type mixed with another type
                        SSD1306_Putc(*txt, &GUI_DefFont, !bg);
..\Users\Src\gui.c(73): warning:  #188-D: enumerated type mixed with another type
                SSD1306_DrawRectangle(x, y, w, h, !bg);
..\Users\Src\gui.c(171): warning:  #940-D: missing return statement at end of non-void function "gui_create_listItem"
  }
..\Users\Src\gui.c(185): warning:  #188-D: enumerated type mixed with another type
        SSD1306_DrawFilledRectangle(gui_CurList->x, gui_CurList->y, gui_CurList->w, gui_CurList->h, 0);
..\Users\Src\gui.c(186): warning:  #188-D: enumerated type mixed with another type
        SSD1306_DrawRectangle(gui_CurList->x, gui_CurList->y, gui_CurList->w, gui_CurList->h, 1);
..\Users\Src\gui.c(245): warning:  #188-D: enumerated type mixed with another type
        SSD1306_DrawLine(gui_CurList->x, ry - 2,  gui_CurList->x + gui_CurList->w, ry - 2, 1);
..\Users\Src\gui.c(246): warning:  #188-D: enumerated type mixed with another type
        SSD1306_DrawLine(gui_CurList->x + gui_CurList->w - 1, gui_CurList->y + yy,  gui_CurList->x + gui_CurList->w - 1, gui_CurList->y + yy + sli_h, 1);
..\Users\Src\gui.c(247): warning:  #940-D: missing return statement at end of non-void function "gui_draw_list"
  }
..\Users\Src\gui.c(347): warning:  #188-D: enumerated type mixed with another type
        SSD1306_DrawRectangle(0, 0, 126, 64, 1);
..\Users\Src\gui.c: 16 warnings, 0 errors
compiling ssd1306.c...
..\Users\Inc\ssd1306.h(238): warning:  #1295-D: Deprecated declaration ssd1306_I2C_Init - give arg types
  void ssd1306_I2C_Init();
..\Users\Src\ssd1306.c: 1 warning, 0 errors
compiling AD719X.c...
..\Users\Inc\ssd1306.h(238): warning:  #1295-D: Deprecated declaration ssd1306_I2C_Init - give arg types
  void ssd1306_I2C_Init();
..\Users\Src\AD719X.c: 1 warning, 0 errors
compiling TpLockInAmpV1.c...
compiling TpLockInAmpV1_data.c...
linking...
Program Size: Code=27100 RO-data=10924 RW-data=96 ZI-data=5000  
FromELF: creating hex file...
"TpLockInAmp\TpLockInAmp.axf" - 0 Error(s), 28 Warning(s).

<h2>Software Packages used:</h2>

Package Vendor: ARM
                http://www.keil.com/pack/ARM.CMSIS.4.2.0.pack
                ARM::CMSIS:CORE:3.40.0
                CMSIS (Cortex Microcontroller Software Interface Standard)
   * Component: CORE Version: 3.40.0

<h2>Collection of Component include folders:</h2>
  C:\Users\63526\Desktop\Lock-inAmplifier\Software\TpLockInAmp\MDK-ARM\RTE
  D:\Software\Keil_v5\ARM\PACK\ARM\CMSIS\4.2.0\CMSIS\Include
  D:\Software\Keil_v5\ARM\PACK\Keil\STM32G4xx_DFP\1.5.0

<h2>Collection of Component Files used:</h2>

   * Component: ARM::CMSIS:CORE:3.40.0
      Source file:   CMSIS\UserCodeTemplates\ARM\ITM_Retarget.c
</pre>
</body>
</html>
