<html>
<body>
<pre>
<h1>µVision Build Log</h1>
<h2>Tool Versions:</h2>
IDE-Version: ¦ÌVision V5.35.0.0
Copyright (C) 2021 ARM Ltd and ARM Germany GmbH. All rights reserved.
License Information: yx l, es, LIC=ZB4EI-TTSKF-ARDXW-QK1L9-0VQYE-ME1HW
 
Tool Versions:
Toolchain:       MDK-ARM Plus  Version: 5.35.0.2
Toolchain Path:  D:\Software\Keil_v5\ARM\ARMCC\Bin
C Compiler:      Armcc.exe V5.06 update 7 (build 960)
Assembler:       Armasm.exe V5.06 update 7 (build 960)
Linker/Locator:  ArmLink.exe V5.06 update 7 (build 960)
Library Manager: ArmAr.exe V5.06 update 7 (build 960)
Hex Converter:   FromElf.exe V5.06 update 7 (build 960)
CPU DLL:         SARMCM3.DLL V5.35.0.2
Dialog DLL:      DCM.DLL V1.17.3.0
Target DLL:      STLink\ST-LINKIII-KEIL_SWO.dll V3.0.9.0
Dialog DLL:      TCM.DLL V1.53.0.0
 
<h2>Project:</h2>
F:\Desktop\Lock-inAmplifier\Software\TpLockInAmp\MDK-ARM\TpLockInAmp.uvprojx
Project File Date:  03/21/2022

<h2>Output:</h2>
*** Using Compiler 'V5.06 update 7 (build 960)', folder: 'D:\Software\Keil_v5\ARM\ARMCC\Bin'
Build target 'TpLockInAmp'
assembling startup_stm32g431xx.s...
compiling dac.c...
compiling i2c.c...
compiling stm32g4xx_it.c...
compiling spi.c...
compiling usart.c...
compiling adc.c...
compiling main.c...
../Core/Src/main.c(112): warning:  #223-D: function "Usermain" declared implicitly
  		Usermain();
../Core/Src/main.c: 1 warning, 0 errors
compiling gpio.c...
compiling stm32g4xx_ll_adc.c...
compiling stm32g4xx_hal_msp.c...
compiling stm32g4xx_hal_flash_ex.c...
compiling stm32g4xx_hal_flash.c...
compiling stm32g4xx_hal.c...
compiling stm32g4xx_hal_rcc.c...
compiling stm32g4xx_hal_adc_ex.c...
compiling stm32g4xx_hal_rcc_ex.c...
compiling stm32g4xx_hal_adc.c...
compiling stm32g4xx_hal_flash_ramfunc.c...
compiling stm32g4xx_hal_gpio.c...
compiling stm32g4xx_hal_exti.c...
compiling stm32g4xx_hal_dma_ex.c...
compiling stm32g4xx_hal_dma.c...
compiling stm32g4xx_hal_pwr.c...
compiling stm32g4xx_hal_cortex.c...
compiling stm32g4xx_hal_pwr_ex.c...
compiling stm32g4xx_hal_dac.c...
compiling stm32g4xx_hal_tim.c...
compiling stm32g4xx_hal_dac_ex.c...
compiling stm32g4xx_hal_tim_ex.c...
compiling stm32g4xx_hal_i2c_ex.c...
compiling stm32g4xx_hal_spi_ex.c...
compiling TpLockInAmp.c...
compiling stm32g4xx_hal_spi.c...
compiling TpLockInAmp_data.c...
compiling stm32g4xx_hal_uart.c...
compiling stm32g4xx_hal_i2c.c...
compiling stm32g4xx_hal_uart_ex.c...
compiling system_stm32g4xx.c...
compiling Usermain.c...
..\Users\Src\Usermain.c(73): warning:  #1035-D: single-precision operand implicitly converted to double-precision
  		Stage1_V = (float) HAL_ADC_GetValue(&hadc1) / 4096 * 3.3;
..\Users\Src\Usermain.c(83): warning:  #1035-D: single-precision operand implicitly converted to double-precision
  		HAL_DAC_SetValue(&hdac1, DAC_CHANNEL_1, DAC_ALIGN_12B_R, ((signal_bpf+1.5)/3.3)*4095);
..\Users\Src\Usermain.c: 2 warnings, 0 errors
compiling AD719X.c...
compiling oled.c...
linking...
Program Size: Code=32590 RO-data=8454 RW-data=76 ZI-data=16332  
FromELF: creating hex file...
"TpLockInAmp\TpLockInAmp.axf" - 0 Error(s), 3 Warning(s).

<h2>Software Packages used:</h2>

Package Vendor: ARM
                http://www.keil.com/pack/ARM.CMSIS.5.8.0.pack
                ARM.CMSIS.5.8.0
                CMSIS (Common Microcontroller Software Interface Standard)
   * Component: CORE Version: 5.5.0

Package Vendor: Keil
                http://www.keil.com/pack/Keil.STM32G4xx_DFP.1.4.0.pack
                Keil.STM32G4xx_DFP.1.4.0
                STMicroelectronics STM32G4 Series Device Support, Drivers and Examples

<h2>Collection of Component include folders:</h2>
  .\RTE\_TpLockInAmp
  D:\Software\Keil_v5\Arm\Packs\ARM\CMSIS\5.8.0\CMSIS\Core\Include
  D:\Software\Keil_v5\Arm\Packs\Keil\STM32G4xx_DFP\1.4.0\Drivers\CMSIS\Device\ST\STM32G4xx\Include

<h2>Collection of Component Files used:</h2>

   * Component: ARM::CMSIS:CORE:5.5.0
      Include file:  CMSIS\Core\Include\tz_context.h
Build Time Elapsed:  00:00:46
</pre>
</body>
</html>
