Component: ARM Compiler 5.06 update 7 (build 960) Tool: armlink [4d3601]

==============================================================================

Section Cross References

    startup_stm32g431xx.o(RESET) refers to startup_stm32g431xx.o(STACK) for __initial_sp
    startup_stm32g431xx.o(RESET) refers to startup_stm32g431xx.o(.text) for Reset_Handler
    startup_stm32g431xx.o(RESET) refers to stm32g4xx_it.o(i.NMI_Handler) for NMI_Handler
    startup_stm32g431xx.o(RESET) refers to stm32g4xx_it.o(i.HardFault_Handler) for HardFault_Handler
    startup_stm32g431xx.o(RESET) refers to stm32g4xx_it.o(i.MemManage_Handler) for MemManage_Handler
    startup_stm32g431xx.o(RESET) refers to stm32g4xx_it.o(i.BusFault_Handler) for BusFault_Handler
    startup_stm32g431xx.o(RESET) refers to stm32g4xx_it.o(i.UsageFault_Handler) for UsageFault_Handler
    startup_stm32g431xx.o(RESET) refers to stm32g4xx_it.o(i.SVC_Handler) for SVC_Handler
    startup_stm32g431xx.o(RESET) refers to stm32g4xx_it.o(i.DebugMon_Handler) for DebugMon_Handler
    startup_stm32g431xx.o(RESET) refers to stm32g4xx_it.o(i.PendSV_Handler) for PendSV_Handler
    startup_stm32g431xx.o(RESET) refers to stm32g4xx_it.o(i.SysTick_Handler) for SysTick_Handler
    startup_stm32g431xx.o(RESET) refers to stm32g4xx_it.o(i.USART1_IRQHandler) for USART1_IRQHandler
    startup_stm32g431xx.o(.text) refers to system_stm32g4xx.o(i.SystemInit) for SystemInit
    startup_stm32g431xx.o(.text) refers to entry.o(.ARM.Collect$$$$00000000) for __main
    main.o(i.HAL_UART_RxCpltCallback) refers to stm32g4xx_hal_cortex.o(i.HAL_NVIC_SystemReset) for HAL_NVIC_SystemReset
    main.o(i.HAL_UART_RxCpltCallback) refers to stm32g4xx_hal_uart.o(i.HAL_UART_Receive_IT) for HAL_UART_Receive_IT
    main.o(i.HAL_UART_RxCpltCallback) refers to main.o(.data) for .data
    main.o(i.HAL_UART_RxCpltCallback) refers to usart.o(.bss) for huart1
    main.o(i.SystemClock_Config) refers to memseta.o(.text) for __aeabi_memclr4
    main.o(i.SystemClock_Config) refers to stm32g4xx_hal_pwr_ex.o(i.HAL_PWREx_ControlVoltageScaling) for HAL_PWREx_ControlVoltageScaling
    main.o(i.SystemClock_Config) refers to stm32g4xx_hal_rcc.o(i.HAL_RCC_OscConfig) for HAL_RCC_OscConfig
    main.o(i.SystemClock_Config) refers to stm32g4xx_hal_rcc.o(i.HAL_RCC_ClockConfig) for HAL_RCC_ClockConfig
    main.o(i.SystemClock_Config) refers to stm32g4xx_hal_rcc_ex.o(i.HAL_RCCEx_PeriphCLKConfig) for HAL_RCCEx_PeriphCLKConfig
    main.o(i.main) refers to stm32g4xx_hal.o(i.HAL_Init) for HAL_Init
    main.o(i.main) refers to main.o(i.SystemClock_Config) for SystemClock_Config
    main.o(i.main) refers to gpio.o(i.MX_GPIO_Init) for MX_GPIO_Init
    main.o(i.main) refers to dac.o(i.MX_DAC1_Init) for MX_DAC1_Init
    main.o(i.main) refers to spi.o(i.MX_SPI1_Init) for MX_SPI1_Init
    main.o(i.main) refers to usart.o(i.MX_USART1_UART_Init) for MX_USART1_UART_Init
    main.o(i.main) refers to i2c.o(i.MX_I2C1_Init) for MX_I2C1_Init
    main.o(i.main) refers to adc.o(i.MX_ADC1_Init) for MX_ADC1_Init
    main.o(i.main) refers to stm32g4xx_hal_uart.o(i.HAL_UART_Receive_IT) for HAL_UART_Receive_IT
    main.o(i.main) refers to usermain.o(i.Usermain) for Usermain
    main.o(i.main) refers to main.o(.data) for .data
    main.o(i.main) refers to usart.o(.bss) for huart1
    gpio.o(i.MX_GPIO_Init) refers to memseta.o(.text) for __aeabi_memclr4
    gpio.o(i.MX_GPIO_Init) refers to stm32g4xx_hal_gpio.o(i.HAL_GPIO_WritePin) for HAL_GPIO_WritePin
    gpio.o(i.MX_GPIO_Init) refers to stm32g4xx_hal_gpio.o(i.HAL_GPIO_Init) for HAL_GPIO_Init
    adc.o(i.HAL_ADC_MspDeInit) refers to stm32g4xx_hal_gpio.o(i.HAL_GPIO_DeInit) for HAL_GPIO_DeInit
    adc.o(i.HAL_ADC_MspInit) refers to memseta.o(.text) for __aeabi_memclr4
    adc.o(i.HAL_ADC_MspInit) refers to stm32g4xx_hal_gpio.o(i.HAL_GPIO_Init) for HAL_GPIO_Init
    adc.o(i.MX_ADC1_Init) refers to memseta.o(.text) for __aeabi_memclr4
    adc.o(i.MX_ADC1_Init) refers to stm32g4xx_hal_adc.o(i.HAL_ADC_Init) for HAL_ADC_Init
    adc.o(i.MX_ADC1_Init) refers to main.o(i.Error_Handler) for Error_Handler
    adc.o(i.MX_ADC1_Init) refers to stm32g4xx_hal_adc_ex.o(i.HAL_ADCEx_MultiModeConfigChannel) for HAL_ADCEx_MultiModeConfigChannel
    adc.o(i.MX_ADC1_Init) refers to stm32g4xx_hal_adc.o(i.HAL_ADC_ConfigChannel) for HAL_ADC_ConfigChannel
    adc.o(i.MX_ADC1_Init) refers to adc.o(.bss) for .bss
    dac.o(i.HAL_DAC_MspDeInit) refers to stm32g4xx_hal_gpio.o(i.HAL_GPIO_DeInit) for HAL_GPIO_DeInit
    dac.o(i.HAL_DAC_MspInit) refers to memseta.o(.text) for __aeabi_memclr4
    dac.o(i.HAL_DAC_MspInit) refers to stm32g4xx_hal_gpio.o(i.HAL_GPIO_Init) for HAL_GPIO_Init
    dac.o(i.MX_DAC1_Init) refers to memseta.o(.text) for __aeabi_memclr4
    dac.o(i.MX_DAC1_Init) refers to stm32g4xx_hal_dac.o(i.HAL_DAC_Init) for HAL_DAC_Init
    dac.o(i.MX_DAC1_Init) refers to main.o(i.Error_Handler) for Error_Handler
    dac.o(i.MX_DAC1_Init) refers to stm32g4xx_hal_dac.o(i.HAL_DAC_ConfigChannel) for HAL_DAC_ConfigChannel
[...]
    .text                                    0x080006be   Section        0  llsshr.o(.text)
    .text                                    0x080006e2   Section        0  iusefp.o(.text)
    .text                                    0x080006e2   Section        0  fepilogue.o(.text)
    .text                                    0x08000750   Section        0  depilogue.o(.text)
    .text                                    0x0800080a   Section        0  dscalb.o(.text)
    .text                                    0x08000838   Section        0  dflti.o(.text)
    .text                                    0x0800085a   Section        0  dfixul.o(.text)
    .text                                    0x0800088c   Section       48  cdrcmple.o(.text)
    .text                                    0x080008bc   Section       36  init.o(.text)
    .text                                    0x080008e0   Section        0  dsqrt.o(.text)
    i.AD7190_RST                             0x08000984   Section        0  ad719x.o(i.AD7190_RST)
    i.AD7190_ReadDataOnce                    0x080009ac   Section        0  ad719x.o(i.AD7190_ReadDataOnce)
    i.AD7190_WR_ConfigReg                    0x08000aa4   Section        0  ad719x.o(i.AD7190_WR_ConfigReg)
    i.AD7190_WR_ModeReg                      0x08000ae4   Section        0  ad719x.o(i.AD7190_WR_ModeReg)
    i.ADC_Enable                             0x08000b24   Section        0  stm32g4xx_hal_adc.o(i.ADC_Enable)
    i.BusFault_Handler                       0x08000b98   Section        0  stm32g4xx_it.o(i.BusFault_Handler)
    i.DebugMon_Handler                       0x08000b9a   Section        0  stm32g4xx_it.o(i.DebugMon_Handler)
    i.Error_Handler                          0x08000b9c   Section        0  main.o(i.Error_Handler)
    i.HAL_ADCEx_MultiModeConfigChannel       0x08000ba0   Section        0  stm32g4xx_hal_adc_ex.o(i.HAL_ADCEx_MultiModeConfigChannel)
    i.HAL_ADC_ConfigChannel                  0x08000c78   Section        0  stm32g4xx_hal_adc.o(i.HAL_ADC_ConfigChannel)
    i.HAL_ADC_GetValue                       0x0800109c   Section        0  stm32g4xx_hal_adc.o(i.HAL_ADC_GetValue)
    i.HAL_ADC_Init                           0x080010a4   Section        0  stm32g4xx_hal_adc.o(i.HAL_ADC_Init)
    i.HAL_ADC_MspInit                        0x080012a0   Section        0  adc.o(i.HAL_ADC_MspInit)
    i.HAL_ADC_PollForConversion              0x080012f8   Section        0  stm32g4xx_hal_adc.o(i.HAL_ADC_PollForConversion)
    i.HAL_ADC_Start                          0x080013f4   Section        0  stm32g4xx_hal_adc.o(i.HAL_ADC_Start)
    i.HAL_DAC_ConfigChannel                  0x080014e8   Section        0  stm32g4xx_hal_dac.o(i.HAL_DAC_ConfigChannel)
    i.HAL_DAC_Init                           0x0800169c   Section        0  stm32g4xx_hal_dac.o(i.HAL_DAC_Init)
    i.HAL_DAC_MspInit                        0x080016c4   Section        0  dac.o(i.HAL_DAC_MspInit)
    i.HAL_DAC_SetValue                       0x08001720   Section        0  stm32g4xx_hal_dac.o(i.HAL_DAC_SetValue)
    i.HAL_DAC_Start                          0x0800173a   Section        0  stm32g4xx_hal_dac.o(i.HAL_DAC_Start)
    i.HAL_DMA_Abort                          0x080017a2   Section        0  stm32g4xx_hal_dma.o(i.HAL_DMA_Abort)
    i.HAL_DMA_Abort_IT                       0x0800180c   Section        0  stm32g4xx_hal_dma.o(i.HAL_DMA_Abort_IT)
    i.HAL_Delay                              0x08001884   Section        0  stm32g4xx_hal.o(i.HAL_Delay)
    i.HAL_GPIO_Init                          0x080018a8   Section        0  stm32g4xx_hal_gpio.o(i.HAL_GPIO_Init)
    i.HAL_GPIO_WritePin                      0x08001a70   Section        0  stm32g4xx_hal_gpio.o(i.HAL_GPIO_WritePin)
    i.HAL_GetTick                            0x08001a7c   Section        0  stm32g4xx_hal.o(i.HAL_GetTick)
    i.HAL_I2CEx_ConfigAnalogFilter           0x08001a88   Section        0  stm32g4xx_hal_i2c_ex.o(i.HAL_I2CEx_ConfigAnalogFilter)
    i.HAL_I2CEx_ConfigDigitalFilter          0x08001ade   Section        0  stm32g4xx_hal_i2c_ex.o(i.HAL_I2CEx_ConfigDigitalFilter)
    i.HAL_I2C_Init                           0x08001b30   Section        0  stm32g4xx_hal_i2c.o(i.HAL_I2C_Init)
    i.HAL_I2C_Master_Transmit                0x08001be8   Section        0  stm32g4xx_hal_i2c.o(i.HAL_I2C_Master_Transmit)
    i.HAL_I2C_MspInit                        0x08001d0c   Section        0  i2c.o(i.HAL_I2C_MspInit)
    i.HAL_IncTick                            0x08001d94   Section        0  stm32g4xx_hal.o(i.HAL_IncTick)
    i.HAL_Init                               0x08001da4   Section        0  stm32g4xx_hal.o(i.HAL_Init)
    i.HAL_InitTick                           0x08001dc4   Section        0  stm32g4xx_hal.o(i.HAL_InitTick)
    i.HAL_MspInit                            0x08001e08   Section        0  stm32g4xx_hal_msp.o(i.HAL_MspInit)
    i.HAL_NVIC_EnableIRQ                     0x08001e38   Section        0  stm32g4xx_hal_cortex.o(i.HAL_NVIC_EnableIRQ)
    i.HAL_NVIC_SetPriority                   0x08001e54   Section        0  stm32g4xx_hal_cortex.o(i.HAL_NVIC_SetPriority)
    i.HAL_NVIC_SetPriorityGrouping           0x08001e94   Section        0  stm32g4xx_hal_cortex.o(i.HAL_NVIC_SetPriorityGrouping)
    i.HAL_NVIC_SystemReset                   0x08001eb8   Section        0  stm32g4xx_hal_cortex.o(i.HAL_NVIC_SystemReset)
    i.HAL_PWREx_ControlVoltageScaling        0x08001edc   Section        0  stm32g4xx_hal_pwr_ex.o(i.HAL_PWREx_ControlVoltageScaling)
    i.HAL_PWREx_DisableUCPDDeadBattery       0x08001f98   Section        0  stm32g4xx_hal_pwr_ex.o(i.HAL_PWREx_DisableUCPDDeadBattery)
    i.HAL_RCCEx_PeriphCLKConfig              0x08001fa8   Section        0  stm32g4xx_hal_rcc_ex.o(i.HAL_RCCEx_PeriphCLKConfig)
    i.HAL_RCC_ClockConfig                    0x08002230   Section        0  stm32g4xx_hal_rcc.o(i.HAL_RCC_ClockConfig)
    i.HAL_RCC_GetHCLKFreq                    0x0800240c   Section        0  stm32g4xx_hal_rcc.o(i.HAL_RCC_GetHCLKFreq)
    i.HAL_RCC_GetPCLK1Freq                   0x08002418   Section        0  stm32g4xx_hal_rcc.o(i.HAL_RCC_GetPCLK1Freq)
    i.HAL_RCC_GetPCLK2Freq                   0x0800243c   Section        0  stm32g4xx_hal_rcc.o(i.HAL_RCC_GetPCLK2Freq)
    i.HAL_RCC_GetSysClockFreq                0x08002460   Section        0  stm32g4xx_hal_rcc.o(i.HAL_RCC_GetSysClockFreq)
    i.HAL_RCC_OscConfig                      0x080024cc   Section        0  stm32g4xx_hal_rcc.o(i.HAL_RCC_OscConfig)
    i.HAL_SPI_Init                           0x080028d8   Section        0  stm32g4xx_hal_spi.o(i.HAL_SPI_Init)
    i.HAL_SPI_MspInit                        0x080029c4   Section        0  spi.o(i.HAL_SPI_MspInit)
    i.HAL_SPI_Receive                        0x08002a24   Section        0  stm32g4xx_hal_spi.o(i.HAL_SPI_Receive)
    i.HAL_SPI_Transmit                       0x08002bac   Section        0  stm32g4xx_hal_spi.o(i.HAL_SPI_Transmit)
    i.HAL_SPI_TransmitReceive                0x08002d34   Section        0  stm32g4xx_hal_spi.o(i.HAL_SPI_TransmitReceive)
    i.HAL_SYSTICK_Config                     0x08002f96   Section        0  stm32g4xx_hal_cortex.o(i.HAL_SYSTICK_Config)
    i.HAL_UARTEx_DisableFifoMode             0x08002fbe   Section        0  stm32g4xx_hal_uart_ex.o(i.HAL_UARTEx_DisableFifoMode)
    i.HAL_UARTEx_RxEventCallback             0x08002ffc   Section        0  stm32g4xx_hal_uart.o(i.HAL_UARTEx_RxEventCallback)
    i.HAL_UARTEx_RxFifoFullCallback          0x08002ffe   Section        0  stm32g4xx_hal_uart_ex.o(i.HAL_UARTEx_RxFifoFullCallback)
    i.HAL_UARTEx_SetRxFifoThreshold          0x08003000   Section        0  stm32g4xx_hal_uart_ex.o(i.HAL_UARTEx_SetRxFifoThreshold)
    i.HAL_UARTEx_SetTxFifoThreshold          0x0800304c   Section        0  stm32g4xx_hal_uart_ex.o(i.HAL_UARTEx_SetTxFifoThreshold)
    i.HAL_UARTEx_TxFifoEmptyCallback         0x08003098   Section        0  stm32g4xx_hal_uart_ex.o(i.HAL_UARTEx_TxFifoEmptyCallback)
    i.HAL_UARTEx_WakeupCallback              0x0800309a   Section        0  stm32g4xx_hal_uart_ex.o(i.HAL_UARTEx_WakeupCallback)
    i.HAL_UART_ErrorCallback                 0x0800309c   Section        0  stm32g4xx_hal_uart.o(i.HAL_UART_ErrorCallback)
    i.HAL_UART_IRQHandler                    0x080030a0   Section        0  stm32g4xx_hal_uart.o(i.HAL_UART_IRQHandler)
    i.HAL_UART_Init                          0x08003324   Section        0  stm32g4xx_hal_uart.o(i.HAL_UART_Init)
    i.HAL_UART_MspInit                       0x08003390   Section        0  usart.o(i.HAL_UART_MspInit)
    i.HAL_UART_Receive_IT                    0x08003404   Section        0  stm32g4xx_hal_uart.o(i.HAL_UART_Receive_IT)
    i.HAL_UART_RxCpltCallback                0x08003450   Section        0  main.o(i.HAL_UART_RxCpltCallback)
    i.HAL_UART_Transmit                      0x08003484   Section        0  stm32g4xx_hal_uart.o(i.HAL_UART_Transmit)
    i.HAL_UART_TxCpltCallback                0x08003540   Section        0  stm32g4xx_hal_uart.o(i.HAL_UART_TxCpltCallback)
    i.HardFault_Handler                      0x08003542   Section        0  stm32g4xx_it.o(i.HardFault_Handler)
    i.I2C_Flush_TXDR                         0x08003544   Section        0  stm32g4xx_hal_i2c.o(i.I2C_Flush_TXDR)
    I2C_Flush_TXDR                           0x08003545   Thumb Code    34  stm32g4xx_hal_i2c.o(i.I2C_Flush_TXDR)
    i.I2C_IsAcknowledgeFailed                0x08003568   Section        0  stm32g4xx_hal_i2c.o(i.I2C_IsAcknowledgeFailed)
    I2C_IsAcknowledgeFailed                  0x08003569   Thumb Code   128  stm32g4xx_hal_i2c.o(i.I2C_IsAcknowledgeFailed)
    i.I2C_TransferConfig                     0x080035ec   Section        0  stm32g4xx_hal_i2c.o(i.I2C_TransferConfig)
    I2C_TransferConfig                       0x080035ed   Thumb Code    40  stm32g4xx_hal_i2c.o(i.I2C_TransferConfig)
    i.I2C_WaitOnFlagUntilTimeout             0x08003618   Section        0  stm32g4xx_hal_i2c.o(i.I2C_WaitOnFlagUntilTimeout)
    I2C_WaitOnFlagUntilTimeout               0x08003619   Thumb Code    88  stm32g4xx_hal_i2c.o(i.I2C_WaitOnFlagUntilTimeout)
    i.I2C_WaitOnSTOPFlagUntilTimeout         0x08003670   Section        0  stm32g4xx_hal_i2c.o(i.I2C_WaitOnSTOPFlagUntilTimeout)
    I2C_WaitOnSTOPFlagUntilTimeout           0x08003671   Thumb Code    76  stm32g4xx_hal_i2c.o(i.I2C_WaitOnSTOPFlagUntilTimeout)
    i.I2C_WaitOnTXISFlagUntilTimeout         0x080036bc   Section        0  stm32g4xx_hal_i2c.o(i.I2C_WaitOnTXISFlagUntilTimeout)
    I2C_WaitOnTXISFlagUntilTimeout           0x080036bd   Thumb Code    80  stm32g4xx_hal_i2c.o(i.I2C_WaitOnTXISFlagUntilTimeout)
    i.LL_ADC_GetOffsetChannel                0x0800370c   Section        0  stm32g4xx_hal_adc.o(i.LL_ADC_GetOffsetChannel)
    LL_ADC_GetOffsetChannel                  0x0800370d   Thumb Code    12  stm32g4xx_hal_adc.o(i.LL_ADC_GetOffsetChannel)
    i.LL_ADC_INJ_IsConversionOngoing         0x08003718   Section        0  stm32g4xx_hal_adc.o(i.LL_ADC_INJ_IsConversionOngoing)
    LL_ADC_INJ_IsConversionOngoing           0x08003719   Thumb Code     8  stm32g4xx_hal_adc.o(i.LL_ADC_INJ_IsConversionOngoing)
    i.LL_ADC_REG_IsConversionOngoing         0x08003720   Section        0  stm32g4xx_hal_adc.o(i.LL_ADC_REG_IsConversionOngoing)
    LL_ADC_REG_IsConversionOngoing           0x08003721   Thumb Code     8  stm32g4xx_hal_adc.o(i.LL_ADC_REG_IsConversionOngoing)
    i.LL_ADC_REG_IsConversionOngoing         0x08003728   Section        0  stm32g4xx_hal_adc_ex.o(i.LL_ADC_REG_IsConversionOngoing)
    LL_ADC_REG_IsConversionOngoing           0x08003729   Thumb Code     8  stm32g4xx_hal_adc_ex.o(i.LL_ADC_REG_IsConversionOngoing)
    i.LL_ADC_REG_IsTriggerSourceSWStart      0x08003730   Section        0  stm32g4xx_hal_adc.o(i.LL_ADC_REG_IsTriggerSourceSWStart)
    LL_ADC_REG_IsTriggerSourceSWStart        0x08003731   Thumb Code    16  stm32g4xx_hal_adc.o(i.LL_ADC_REG_IsTriggerSourceSWStart)
    i.LL_ADC_SetChannelSamplingTime          0x08003740   Section        0  stm32g4xx_hal_adc.o(i.LL_ADC_SetChannelSamplingTime)
    LL_ADC_SetChannelSamplingTime            0x08003741   Thumb Code    30  stm32g4xx_hal_adc.o(i.LL_ADC_SetChannelSamplingTime)
    i.LL_ADC_SetOffsetState                  0x0800375e   Section        0  stm32g4xx_hal_adc.o(i.LL_ADC_SetOffsetState)
    LL_ADC_SetOffsetState                    0x0800375f   Thumb Code    16  stm32g4xx_hal_adc.o(i.LL_ADC_SetOffsetState)
    i.MX_ADC1_Init                           0x08003770   Section        0  adc.o(i.MX_ADC1_Init)
    i.MX_DAC1_Init                           0x08003800   Section        0  dac.o(i.MX_DAC1_Init)
    i.MX_GPIO_Init                           0x08003858   Section        0  gpio.o(i.MX_GPIO_Init)
    i.MX_I2C1_Init                           0x080038d8   Section        0  i2c.o(i.MX_I2C1_Init)
    i.MX_SPI1_Init                           0x08003938   Section        0  spi.o(i.MX_SPI1_Init)
    i.MX_USART1_UART_Init                    0x08003988   Section        0  usart.o(i.MX_USART1_UART_Init)
    i.MemManage_Handler                      0x080039f0   Section        0  stm32g4xx_it.o(i.MemManage_Handler)
    i.NMI_Handler                            0x080039f2   Section        0  stm32g4xx_it.o(i.NMI_Handler)
    i.OLED_Clear                             0x080039f4   Section        0  oled.o(i.OLED_Clear)
    i.OLED_Init                              0x08003a28   Section        0  oled.o(i.OLED_Init)
    i.OLED_Set_Pos                           0x08003aea   Section        0  oled.o(i.OLED_Set_Pos)
    i.OLED_ShowChar                          0x08003b10   Section        0  oled.o(i.OLED_ShowChar)
    i.OLED_ShowString                        0x08003b98   Section        0  oled.o(i.OLED_ShowString)
    i.OLED_Write_Cmd                         0x08003bd0   Section        0  oled.o(i.OLED_Write_Cmd)
    OLED_Write_Cmd                           0x08003bd1   Thumb Code    32  oled.o(i.OLED_Write_Cmd)
    i.OLED_Write_Dat                         0x08003bf4   Section        0  oled.o(i.OLED_Write_Dat)
    OLED_Write_Dat                           0x08003bf5   Thumb Code    32  oled.o(i.OLED_Write_Dat)
    i.PendSV_Handler                         0x08003c18   Section        0  stm32g4xx_it.o(i.PendSV_Handler)
    i.SPI_EndRxTransaction                   0x08003c1a   Section        0  stm32g4xx_hal_spi.o(i.SPI_EndRxTransaction)
    SPI_EndRxTransaction                     0x08003c1b   Thumb Code   116  stm32g4xx_hal_spi.o(i.SPI_EndRxTransaction)
    i.SPI_EndRxTxTransaction                 0x08003c8e   Section        0  stm32g4xx_hal_spi.o(i.SPI_EndRxTxTransaction)
    SPI_EndRxTxTransaction                   0x08003c8f   Thumb Code    72  stm32g4xx_hal_spi.o(i.SPI_EndRxTxTransaction)
    i.SPI_WaitFifoStateUntilTimeout          0x08003cd8   Section        0  stm32g4xx_hal_spi.o(i.SPI_WaitFifoStateUntilTimeout)
    SPI_WaitFifoStateUntilTimeout            0x08003cd9   Thumb Code   198  stm32g4xx_hal_spi.o(i.SPI_WaitFifoStateUntilTimeout)
    i.SPI_WaitFlagStateUntilTimeout          0x08003da4   Section        0  stm32g4xx_hal_spi.o(i.SPI_WaitFlagStateUntilTimeout)
    SPI_WaitFlagStateUntilTimeout            0x08003da5   Thumb Code   180  stm32g4xx_hal_spi.o(i.SPI_WaitFlagStateUntilTimeout)
    i.SVC_Handler                            0x08003e5c   Section        0  stm32g4xx_it.o(i.SVC_Handler)
    i.SysTick_Handler                        0x08003e5e   Section        0  stm32g4xx_it.o(i.SysTick_Handler)
    i.SystemClock_Config                     0x08003e62   Section        0  main.o(i.SystemClock_Config)
    i.SystemInit                             0x08003ee8   Section        0  system_stm32g4xx.o(i.SystemInit)
    i.TpLockInAmp_MovingAverage1             0x08003ef8   Section        0  tplockinamp.o(i.TpLockInAmp_MovingAverage1)
    i.TpLockInAmp_MovingAverage1_Init        0x08004008   Section        0  tplockinamp.o(i.TpLockInAmp_MovingAverage1_Init)
    i.TpLockInAmp_initialize                 0x08004024   Section        0  tplockinamp.o(i.TpLockInAmp_initialize)
    i.TpLockInAmp_step                       0x0800413c   Section        0  tplockinamp.o(i.TpLockInAmp_step)
    i.UARTEx_SetNbDataToProcess              0x080043cc   Section        0  stm32g4xx_hal_uart_ex.o(i.UARTEx_SetNbDataToProcess)
    UARTEx_SetNbDataToProcess                0x080043cd   Thumb Code    62  stm32g4xx_hal_uart_ex.o(i.UARTEx_SetNbDataToProcess)
    i.UART_AdvFeatureConfig                  0x08004410   Section        0  stm32g4xx_hal_uart.o(i.UART_AdvFeatureConfig)
    i.UART_CheckIdleState                    0x080044d8   Section        0  stm32g4xx_hal_uart.o(i.UART_CheckIdleState)
    i.UART_DMAAbortOnError                   0x08004538   Section        0  stm32g4xx_hal_uart.o(i.UART_DMAAbortOnError)
    UART_DMAAbortOnError                     0x08004539   Thumb Code    20  stm32g4xx_hal_uart.o(i.UART_DMAAbortOnError)
    i.UART_EndRxTransfer                     0x0800454c   Section        0  stm32g4xx_hal_uart.o(i.UART_EndRxTransfer)
    UART_EndRxTransfer                       0x0800454d   Thumb Code    50  stm32g4xx_hal_uart.o(i.UART_EndRxTransfer)
    i.UART_RxISR_16BIT                       0x08004584   Section        0  stm32g4xx_hal_uart.o(i.UART_RxISR_16BIT)
    UART_RxISR_16BIT                         0x08004585   Thumb Code   128  stm32g4xx_hal_uart.o(i.UART_RxISR_16BIT)
    i.UART_RxISR_16BIT_FIFOEN                0x08004604   Section        0  stm32g4xx_hal_uart.o(i.UART_RxISR_16BIT_FIFOEN)
    UART_RxISR_16BIT_FIFOEN                  0x08004605   Thumb Code   306  stm32g4xx_hal_uart.o(i.UART_RxISR_16BIT_FIFOEN)
    i.UART_RxISR_8BIT                        0x08004740   Section        0  stm32g4xx_hal_uart.o(i.UART_RxISR_8BIT)
    UART_RxISR_8BIT                          0x08004741   Thumb Code   128  stm32g4xx_hal_uart.o(i.UART_RxISR_8BIT)
    i.UART_RxISR_8BIT_FIFOEN                 0x080047c0   Section        0  stm32g4xx_hal_uart.o(i.UART_RxISR_8BIT_FIFOEN)
    UART_RxISR_8BIT_FIFOEN                   0x080047c1   Thumb Code   306  stm32g4xx_hal_uart.o(i.UART_RxISR_8BIT_FIFOEN)
    i.UART_SetConfig                         0x080048fc   Section        0  stm32g4xx_hal_uart.o(i.UART_SetConfig)
    i.UART_Start_Receive_IT                  0x08004b70   Section        0  stm32g4xx_hal_uart.o(i.UART_Start_Receive_IT)
    i.UART_WaitOnFlagUntilTimeout            0x08004c48   Section        0  stm32g4xx_hal_uart.o(i.UART_WaitOnFlagUntilTimeout)
    i.USART1_IRQHandler                      0x08004cec   Section        0  stm32g4xx_it.o(i.USART1_IRQHandler)
    i.UsageFault_Handler                     0x08004cf8   Section        0  stm32g4xx_it.o(i.UsageFault_Handler)
    i.Usermain                               0x08004cfc   Section        0  usermain.o(i.Usermain)
    i.__0printf                              0x08004e60   Section        0  printfa.o(i.__0printf)
    i.__0sprintf                             0x08004e80   Section        0  printfa.o(i.__0sprintf)
    i.__ARM_fpclassify                       0x08004ea8   Section        0  fpclassify.o(i.__ARM_fpclassify)
    i.__ARM_fpclassifyf                      0x08004ed8   Section        0  fpclassifyf.o(i.__ARM_fpclassifyf)
    i.__NVIC_SetPriority                     0x08004efe   Section        0  stm32g4xx_hal_cortex.o(i.__NVIC_SetPriority)
    __NVIC_SetPriority                       0x08004eff   Thumb Code    32  stm32g4xx_hal_cortex.o(i.__NVIC_SetPriority)
    i.__hardfp_pow                           0x08004f20   Section        0  pow.o(i.__hardfp_pow)
    i.__hardfp_sinf                          0x08005b70   Section        0  sinf.o(i.__hardfp_sinf)
    i.__hardfp_sqrtf                         0x08005d00   Section        0  sqrtf.o(i.__hardfp_sqrtf)
    i.__kernel_poly                          0x08005d3a   Section        0  poly.o(i.__kernel_poly)
    i.__mathlib_dbl_divzero                  0x08005e38   Section        0  dunder.o(i.__mathlib_dbl_divzero)
    i.__mathlib_dbl_infnan2                  0x08005e68   Section        0  dunder.o(i.__mathlib_dbl_infnan2)
    i.__mathlib_dbl_invalid                  0x08005e80   Section        0  dunder.o(i.__mathlib_dbl_invalid)
    i.__mathlib_dbl_overflow                 0x08005ea0   Section        0  dunder.o(i.__mathlib_dbl_overflow)
    i.__mathlib_dbl_underflow                0x08005ec0   Section        0  dunder.o(i.__mathlib_dbl_underflow)
    i.__mathlib_flt_infnan                   0x08005ee0   Section        0  funder.o(i.__mathlib_flt_infnan)
    i.__mathlib_flt_invalid                  0x08005ee8   Section        0  funder.o(i.__mathlib_flt_invalid)
    i.__mathlib_flt_underflow                0x08005ef8   Section        0  funder.o(i.__mathlib_flt_underflow)
    i.__mathlib_rredf2                       0x08005f08   Section        0  rredf.o(i.__mathlib_rredf2)
    i.__scatterload_copy                     0x0800605c   Section       14  handlers.o(i.__scatterload_copy)
    i.__scatterload_null                     0x0800606a   Section        2  handlers.o(i.__scatterload_null)
    i.__scatterload_zeroinit                 0x0800606c   Section       14  handlers.o(i.__scatterload_zeroinit)
    i.__set_errno                            0x0800607c   Section        0  errno.o(i.__set_errno)
    i._fp_digits                             0x08006088   Section        0  printfa.o(i._fp_digits)
    _fp_digits                               0x08006089   Thumb Code   366  printfa.o(i._fp_digits)
    i._printf_core                           0x0800620c   Section        0  printfa.o(i._printf_core)
    _printf_core                             0x0800620d   Thumb Code  1704  printfa.o(i._printf_core)
    i._printf_post_padding                   0x080068c0   Section        0  printfa.o(i._printf_post_padding)
    _printf_post_padding                     0x080068c1   Thumb Code    36  printfa.o(i._printf_post_padding)
    i._printf_pre_padding                    0x080068e4   Section        0  printfa.o(i._printf_pre_padding)
    _printf_pre_padding                      0x080068e5   Thumb Code    46  printfa.o(i._printf_pre_padding)
    i._sputc                                 0x08006912   Section        0  printfa.o(i._sputc)
    _sputc                                   0x08006913   Thumb Code    10  printfa.o(i._sputc)
    i.fabs                                   0x0800691c   Section        0  fabs.o(i.fabs)
    i.fputc                                  0x08006934   Section        0  usermain.o(i.fputc)
    i.main                                   0x0800694c   Section        0  main.o(i.main)
    i.sqrt                                   0x08006988   Section        0  sqrt.o(i.sqrt)
    .constdata                               0x080069f6   Section       24  stm32g4xx_hal_uart.o(.constdata)
    .constdata                               0x08006a0e   Section       16  stm32g4xx_hal_uart_ex.o(.constdata)
    numerator                                0x08006a0e   Data           8  stm32g4xx_hal_uart_ex.o(.constdata)
    denominator                              0x08006a16   Data           8  stm32g4xx_hal_uart_ex.o(.constdata)
    .constdata                               0x08006a1e   Section       16  system_stm32g4xx.o(.constdata)
    .constdata                               0x08006a2e   Section        8  system_stm32g4xx.o(.constdata)
    .constdata                               0x08006a38   Section     2280  tplockinamp.o(.constdata)
    tmp                                      0x08006a38   Data        2280  tplockinamp.o(.constdata)
    .constdata                               0x08007320   Section     2072  oled.o(.constdata)
    .constdata                               0x08007b38   Section     3168  tplockinamp_data.o(.constdata)
    .constdata                               0x08008798   Section      136  pow.o(.constdata)
    bp                                       0x08008798   Data          16  pow.o(.constdata)
    dp_h                                     0x080087a8   Data          16  pow.o(.constdata)
    dp_l                                     0x080087b8   Data          16  pow.o(.constdata)
    L                                        0x080087c8   Data          48  pow.o(.constdata)
    P                                        0x080087f8   Data          40  pow.o(.constdata)
    .constdata                               0x08008820   Section        8  qnan.o(.constdata)
    .constdata                               0x08008828   Section       32  rredf.o(.constdata)
    twooverpi                                0x08008828   Data          32  rredf.o(.constdata)
    .data                                    0x20000000   Section        1  main.o(.data)
    .data                                    0x20000004   Section       12  stm32g4xx_hal.o(.data)
    .data                                    0x20000010   Section        4  system_stm32g4xx.o(.data)
    .data                                    0x20000018   Section        8  ad719x.o(.data)
    .data                                    0x20000020   Section       20  tplockinamp.o(.data)
    .data                                    0x20000034   Section       12  usermain.o(.data)
    .data                                    0x20000040   Section        4  stdout.o(.data)
    .data                                    0x20000044   Section        4  errno.o(.data)
    _errno                                   0x20000044   Data           4  errno.o(.data)
    .bss                                     0x20000048   Section      108  adc.o(.bss)
    .bss                                     0x200000b4   Section       20  dac.o(.bss)
    .bss                                     0x200000c8   Section       76  i2c.o(.bss)
    .bss                                     0x20000114   Section      100  spi.o(.bss)
    .bss                                     0x20000178   Section      144  usart.o(.bss)
    .bss                                     0x20000208   Section    13948  tplockinamp.o(.bss)
    .bss                                     0x20003884   Section       45  usermain.o(.bss)
    STACK                                    0x200038b8   Section     1024  startup_stm32g431xx.o(STACK)

    Global Symbols

    Symbol Name                              Value     Ov Type        Size  Object(Section)

    BuildAttributes$$THM_ISAv4$E$P$D$K$B$S$7EM$VFPi3$EXTD16$VFPS$VFMA$PE$A:L22UL41UL21$X:L11$S22US41US21$IEEE1$IW$USESV6$~STKCKD$USESV7$~SHL$OTIME$ROPI$IEEEX$EBA8$MICROLIB$REQ8$PRES8$EABIv2 0x00000000   Number         0  anon$$obj.o ABSOLUTE
    __ARM_use_no_argv                        0x00000000   Number         0  main.o ABSOLUTE
    _printf_a                                0x00000000   Number         0  stubs.o ABSOLUTE
    _printf_c                                0x00000000   Number         0  stubs.o ABSOLUTE
    _printf_charcount                        0x00000000   Number         0  stubs.o ABSOLUTE
    _printf_d                                0x00000000   Number         0  stubs.o ABSOLUTE
    _printf_e                                0x00000000   Number         0  stubs.o ABSOLUTE
    _printf_f                                0x00000000   Number         0  stubs.o ABSOLUTE
    _printf_flags                            0x00000000   Number         0  stubs.o ABSOLUTE
    _printf_fp_dec                           0x00000000   Number         0  stubs.o ABSOLUTE
    _printf_fp_hex                           0x00000000   Number         0  stubs.o ABSOLUTE
    _printf_g                                0x00000000   Number         0  stubs.o ABSOLUTE
    _printf_i                                0x00000000   Number         0  stubs.o ABSOLUTE
    _printf_int_dec                          0x00000000   Number         0  stubs.o ABSOLUTE
    _printf_l                                0x00000000   Number         0  stubs.o ABSOLUTE
    _printf_lc                               0x00000000   Number         0  stubs.o ABSOLUTE
    _printf_ll                               0x00000000   Number         0  stubs.o ABSOLUTE
    _printf_lld                              0x00000000   Number         0  stubs.o ABSOLUTE
    _printf_lli                              0x00000000   Number         0  stubs.o ABSOLUTE
    _printf_llo                              0x00000000   Number         0  stubs.o ABSOLUTE
    _printf_llu                              0x00000000   Number         0  stubs.o ABSOLUTE
    _printf_llx                              0x00000000   Number         0  stubs.o ABSOLUTE
    _printf_longlong_dec                     0x00000000   Number         0  stubs.o ABSOLUTE
    _printf_longlong_hex                     0x00000000   Number         0  stubs.o ABSOLUTE
    _printf_longlong_oct                     0x00000000   Number         0  stubs.o ABSOLUTE
    _printf_ls                               0x00000000   Number         0  stubs.o ABSOLUTE
    _printf_mbtowc                           0x00000000   Number         0  stubs.o ABSOLUTE
    _printf_n                                0x00000000   Number         0  stubs.o ABSOLUTE
    _printf_o                                0x00000000   Number         0  stubs.o ABSOLUTE
    _printf_p                                0x00000000   Number         0  stubs.o ABSOLUTE
    _printf_percent                          0x00000000   Number         0  stubs.o ABSOLUTE
    _printf_pre_padding                      0x00000000   Number         0  stubs.o ABSOLUTE
    _printf_return_value                     0x00000000   Number         0  stubs.o ABSOLUTE
    _printf_s                                0x00000000   Number         0  stubs.o ABSOLUTE
    _printf_sizespec                         0x00000000   Number         0  stubs.o ABSOLUTE
    _printf_str                              0x00000000   Number         0  stubs.o ABSOLUTE
    _printf_truncate_signed                  0x00000000   Number         0  stubs.o ABSOLUTE
    _printf_truncate_unsigned                0x00000000   Number         0  stubs.o ABSOLUTE
    _printf_u                                0x00000000   Number         0  stubs.o ABSOLUTE
    _printf_wc                               0x00000000   Number         0  stubs.o ABSOLUTE
    _printf_wctomb                           0x00000000   Number         0  stubs.o ABSOLUTE
    _printf_widthprec                        0x00000000   Number         0  stubs.o ABSOLUTE
    _printf_x                                0x00000000   Number         0  stubs.o ABSOLUTE
    __arm_fini_                               - Undefined Weak Reference
    __cpp_initialize__aeabi_                  - Undefined Weak Reference
    __cxa_finalize                            - Undefined Weak Reference
    __decompress                              - Undefined Weak Reference
    _clock_init                               - Undefined Weak Reference
    _microlib_exit                            - Undefined Weak Reference
    __Vectors_Size                           0x000001d8   Number         0  startup_stm32g431xx.o ABSOLUTE
    __Vectors                                0x08000000   Data           4  startup_stm32g431xx.o(RESET)
    __Vectors_End                            0x080001d8   Data           0  startup_stm32g431xx.o(RESET)
    __main                                   0x080001d9   Thumb Code     0  entry.o(.ARM.Collect$$$$00000000)
    _main_stk                                0x080001d9   Thumb Code     0  entry2.o(.ARM.Collect$$$$00000001)
    _main_scatterload                        0x080001dd   Thumb Code     0  entry5.o(.ARM.Collect$$$$00000004)
    __main_after_scatterload                 0x080001e1   Thumb Code     0  entry5.o(.ARM.Collect$$$$00000004)
    _main_clock                              0x080001e1   Thumb Code     0  entry7b.o(.ARM.Collect$$$$00000008)
    _main_cpp_init                           0x080001e1   Thumb Code     0  entry8b.o(.ARM.Collect$$$$0000000A)
    _main_init                               0x080001e1   Thumb Code     0  entry9a.o(.ARM.Collect$$$$0000000B)
    __rt_lib_shutdown_fini                   0x080001e9   Thumb Code     0  entry12b.o(.ARM.Collect$$$$0000000E)
    __rt_final_cpp                           0x080001ed   Thumb Code     0  entry10a.o(.ARM.Collect$$$$0000000F)
    __rt_final_exit                          0x080001ed   Thumb Code     0  entry11a.o(.ARM.Collect$$$$00000011)
    Reset_Handler                            0x080001f1   Thumb Code     8  startup_stm32g431xx.o(.text)
    ADC1_2_IRQHandler                        0x0800020b   Thumb Code     0  startup_stm32g431xx.o(.text)
    COMP1_2_3_IRQHandler                     0x0800020b   Thumb Code     0  startup_stm32g431xx.o(.text)
    COMP4_IRQHandler                         0x0800020b   Thumb Code     0  startup_stm32g431xx.o(.text)
    CORDIC_IRQHandler                        0x0800020b   Thumb Code     0  startup_stm32g431xx.o(.text)
    CRS_IRQHandler                           0x0800020b   Thumb Code     0  startup_stm32g431xx.o(.text)
    DMA1_Channel1_IRQHandler                 0x0800020b   Thumb Code     0  startup_stm32g431xx.o(.text)
    DMA1_Channel2_IRQHandler                 0x0800020b   Thumb Code     0  startup_stm32g431xx.o(.text)
    DMA1_Channel3_IRQHandler                 0x0800020b   Thumb Code     0  startup_stm32g431xx.o(.text)
    DMA1_Channel4_IRQHandler                 0x0800020b   Thumb Code     0  startup_stm32g431xx.o(.text)
    DMA1_Channel5_IRQHandler                 0x0800020b   Thumb Code     0  startup_stm32g431xx.o(.text)
    DMA1_Channel6_IRQHandler                 0x0800020b   Thumb Code     0  startup_stm32g431xx.o(.text)
    DMA2_Channel1_IRQHandler                 0x0800020b   Thumb Code     0  startup_stm32g431xx.o(.text)
    DMA2_Channel2_IRQHandler                 0x0800020b   Thumb Code     0  startup_stm32g431xx.o(.text)
    DMA2_Channel3_IRQHandler                 0x0800020b   Thumb Code     0  startup_stm32g431xx.o(.text)
    DMA2_Channel4_IRQHandler                 0x0800020b   Thumb Code     0  startup_stm32g431xx.o(.text)
    DMA2_Channel5_IRQHandler                 0x0800020b   Thumb Code     0  startup_stm32g431xx.o(.text)
    DMA2_Channel6_IRQHandler                 0x0800020b   Thumb Code     0  startup_stm32g431xx.o(.text)
    DMAMUX_OVR_IRQHandler                    0x0800020b   Thumb Code     0  startup_stm32g431xx.o(.text)
    EXTI0_IRQHandler                         0x0800020b   Thumb Code     0  startup_stm32g431xx.o(.text)
    EXTI15_10_IRQHandler                     0x0800020b   Thumb Code     0  startup_stm32g431xx.o(.text)
    EXTI1_IRQHandler                         0x0800020b   Thumb Code     0  startup_stm32g431xx.o(.text)
    EXTI2_IRQHandler                         0x0800020b   Thumb Code     0  startup_stm32g431xx.o(.text)
    EXTI3_IRQHandler                         0x0800020b   Thumb Code     0  startup_stm32g431xx.o(.text)
    EXTI4_IRQHandler                         0x0800020b   Thumb Code     0  startup_stm32g431xx.o(.text)
    EXTI9_5_IRQHandler                       0x0800020b   Thumb Code     0  startup_stm32g431xx.o(.text)
    FDCAN1_IT0_IRQHandler                    0x0800020b   Thumb Code     0  startup_stm32g431xx.o(.text)
    FDCAN1_IT1_IRQHandler                    0x0800020b   Thumb Code     0  startup_stm32g431xx.o(.text)
    FLASH_IRQHandler                         0x0800020b   Thumb Code     0  startup_stm32g431xx.o(.text)
    FMAC_IRQHandler                          0x0800020b   Thumb Code     0  startup_stm32g431xx.o(.text)
    FPU_IRQHandler                           0x0800020b   Thumb Code     0  startup_stm32g431xx.o(.text)
    I2C1_ER_IRQHandler                       0x0800020b   Thumb Code     0  startup_stm32g431xx.o(.text)
    I2C1_EV_IRQHandler                       0x0800020b   Thumb Code     0  startup_stm32g431xx.o(.text)
    I2C2_ER_IRQHandler                       0x0800020b   Thumb Code     0  startup_stm32g431xx.o(.text)
    I2C2_EV_IRQHandler                       0x0800020b   Thumb Code     0  startup_stm32g431xx.o(.text)
    I2C3_ER_IRQHandler                       0x0800020b   Thumb Code     0  startup_stm32g431xx.o(.text)
    I2C3_EV_IRQHandler                       0x0800020b   Thumb Code     0  startup_stm32g431xx.o(.text)
    LPTIM1_IRQHandler                        0x0800020b   Thumb Code     0  startup_stm32g431xx.o(.text)
    LPUART1_IRQHandler                       0x0800020b   Thumb Code     0  startup_stm32g431xx.o(.text)
    PVD_PVM_IRQHandler                       0x0800020b   Thumb Code     0  startup_stm32g431xx.o(.text)
    RCC_IRQHandler                           0x0800020b   Thumb Code     0  startup_stm32g431xx.o(.text)
    RNG_IRQHandler                           0x0800020b   Thumb Code     0  startup_stm32g431xx.o(.text)
    RTC_Alarm_IRQHandler                     0x0800020b   Thumb Code     0  startup_stm32g431xx.o(.text)
    RTC_TAMP_LSECSS_IRQHandler               0x0800020b   Thumb Code     0  startup_stm32g431xx.o(.text)
    RTC_WKUP_IRQHandler                      0x0800020b   Thumb Code     0  startup_stm32g431xx.o(.text)
    SAI1_IRQHandler                          0x0800020b   Thumb Code     0  startup_stm32g431xx.o(.text)
    SPI1_IRQHandler                          0x0800020b   Thumb Code     0  startup_stm32g431xx.o(.text)
    SPI2_IRQHandler                          0x0800020b   Thumb Code     0  startup_stm32g431xx.o(.text)
    SPI3_IRQHandler                          0x0800020b   Thumb Code     0  startup_stm32g431xx.o(.text)
    TIM1_BRK_TIM15_IRQHandler                0x0800020b   Thumb Code     0  startup_stm32g431xx.o(.text)
    TIM1_CC_IRQHandler                       0x0800020b   Thumb Code     0  startup_stm32g431xx.o(.text)
    TIM1_TRG_COM_TIM17_IRQHandler            0x0800020b   Thumb Code     0  startup_stm32g431xx.o(.text)
    TIM1_UP_TIM16_IRQHandler                 0x0800020b   Thumb Code     0  startup_stm32g431xx.o(.text)
    TIM2_IRQHandler                          0x0800020b   Thumb Code     0  startup_stm32g431xx.o(.text)
    TIM3_IRQHandler                          0x0800020b   Thumb Code     0  startup_stm32g431xx.o(.text)
    TIM4_IRQHandler                          0x0800020b   Thumb Code     0  startup_stm32g431xx.o(.text)
    TIM6_DAC_IRQHandler                      0x0800020b   Thumb Code     0  startup_stm32g431xx.o(.text)
    TIM7_IRQHandler                          0x0800020b   Thumb Code     0  startup_stm32g431xx.o(.text)
    TIM8_BRK_IRQHandler                      0x0800020b   Thumb Code     0  startup_stm32g431xx.o(.text)
    TIM8_CC_IRQHandler                       0x0800020b   Thumb Code     0  startup_stm32g431xx.o(.text)
    TIM8_TRG_COM_IRQHandler                  0x0800020b   Thumb Code     0  startup_stm32g431xx.o(.text)
    TIM8_UP_IRQHandler                       0x0800020b   Thumb Code     0  startup_stm32g431xx.o(.text)
    UART4_IRQHandler                         0x0800020b   Thumb Code     0  startup_stm32g431xx.o(.text)
    UCPD1_IRQHandler                         0x0800020b   Thumb Code     0  startup_stm32g431xx.o(.text)
    USART2_IRQHandler                        0x0800020b   Thumb Code     0  startup_stm32g431xx.o(.text)
    USART3_IRQHandler                        0x0800020b   Thumb Code     0  startup_stm32g431xx.o(.text)
    USBWakeUp_IRQHandler                     0x0800020b   Thumb Code     0  startup_stm32g431xx.o(.text)
    USB_HP_IRQHandler                        0x0800020b   Thumb Code     0  startup_stm32g431xx.o(.text)
    USB_LP_IRQHandler                        0x0800020b   Thumb Code     0  startup_stm32g431xx.o(.text)
    WWDG_IRQHandler                          0x0800020b   Thumb Code     0  startup_stm32g431xx.o(.text)
    __aeabi_uldivmod                         0x08000215   Thumb Code    98  uldiv.o(.text)
    __aeabi_memset                           0x08000277   Thumb Code    14  memseta.o(.text)
    __aeabi_memset4                          0x08000277   Thumb Code     0  memseta.o(.text)
    __aeabi_memset8                          0x08000277   Thumb Code     0  memseta.o(.text)
    __aeabi_memclr                           0x08000285   Thumb Code     4  memseta.o(.text)
    __aeabi_memclr4                          0x08000285   Thumb Code     0  memseta.o(.text)
    __aeabi_memclr8                          0x08000285   Thumb Code     0  memseta.o(.text)
    _memset$wrapper                          0x08000289   Thumb Code    18  memseta.o(.text)
    __aeabi_dadd                             0x0800029b   Thumb Code   322  dadd.o(.text)
    __aeabi_dsub                             0x080003dd   Thumb Code     6  dadd.o(.text)
    __aeabi_drsub                            0x080003e3   Thumb Code     6  dadd.o(.text)
    __aeabi_dmul                             0x080003e9   Thumb Code   228  dmul.o(.text)
    __aeabi_ddiv                             0x080004cd   Thumb Code   222  ddiv.o(.text)
    __aeabi_ui2d                             0x080005ab   Thumb Code    26  dfltui.o(.text)
    __aeabi_d2uiz                            0x080005c5   Thumb Code    50  dfixui.o(.text)
    __aeabi_f2d                              0x080005f7   Thumb Code    38  f2d.o(.text)
    __aeabi_d2f                              0x0800061d   Thumb Code    56  d2f.o(.text)
    __aeabi_uidiv                            0x08000655   Thumb Code     0  uidiv.o(.text)
    __aeabi_uidivmod                         0x08000655   Thumb Code    44  uidiv.o(.text)
    __aeabi_llsl                             0x08000681   Thumb Code    30  llshl.o(.text)
    _ll_shift_l                              0x08000681   Thumb Code     0  llshl.o(.text)
    __aeabi_llsr                             0x0800069f   Thumb Code    32  llushr.o(.text)
    _ll_ushift_r                             0x0800069f   Thumb Code     0  llushr.o(.text)
    __aeabi_lasr                             0x080006bf   Thumb Code    36  llsshr.o(.text)
    _ll_sshift_r                             0x080006bf   Thumb Code     0  llsshr.o(.text)
    __I$use$fp                               0x080006e3   Thumb Code     0  iusefp.o(.text)
    _float_round                             0x080006e3   Thumb Code    18  fepilogue.o(.text)
    _float_epilogue                          0x080006f5   Thumb Code    92  fepilogue.o(.text)
    _double_round                            0x08000751   Thumb Code    30  depilogue.o(.text)
    _double_epilogue                         0x0800076f   Thumb Code   156  depilogue.o(.text)
    __ARM_scalbn                             0x0800080b   Thumb Code    46  dscalb.o(.text)
    scalbn                                   0x0800080b   Thumb Code     0  dscalb.o(.text)
    __aeabi_i2d                              0x08000839   Thumb Code    34  dflti.o(.text)
    __aeabi_d2ulz                            0x0800085b   Thumb Code    48  dfixul.o(.text)
    __aeabi_cdrcmple                         0x0800088d   Thumb Code    48  cdrcmple.o(.text)
    __scatterload                            0x080008bd   Thumb Code    28  init.o(.text)
    __scatterload_rt2                        0x080008bd   Thumb Code     0  init.o(.text)
    _dsqrt                                   0x080008e1   Thumb Code   162  dsqrt.o(.text)
    AD7190_RST                               0x08000985   Thumb Code    28  ad719x.o(i.AD7190_RST)
    AD7190_ReadDataOnce                      0x080009ad   Thumb Code   208  ad719x.o(i.AD7190_ReadDataOnce)
    AD7190_WR_ConfigReg                      0x08000aa5   Thumb Code    60  ad719x.o(i.AD7190_WR_ConfigReg)
    AD7190_WR_ModeReg                        0x08000ae5   Thumb Code    60  ad719x.o(i.AD7190_WR_ModeReg)
    ADC_Enable                               0x08000b25   Thumb Code   110  stm32g4xx_hal_adc.o(i.ADC_Enable)
    BusFault_Handler                         0x08000b99   Thumb Code     2  stm32g4xx_it.o(i.BusFault_Handler)
    DebugMon_Handler                         0x08000b9b   Thumb Code     2  stm32g4xx_it.o(i.DebugMon_Handler)
    Error_Handler                            0x08000b9d   Thumb Code     4  main.o(i.Error_Handler)
    HAL_ADCEx_MultiModeConfigChannel         0x08000ba1   Thumb Code   208  stm32g4xx_hal_adc_ex.o(i.HAL_ADCEx_MultiModeConfigChannel)
    HAL_ADC_ConfigChannel                    0x08000c79   Thumb Code  1006  stm32g4xx_hal_adc.o(i.HAL_ADC_ConfigChannel)
    HAL_ADC_GetValue                         0x0800109d   Thumb Code     6  stm32g4xx_hal_adc.o(i.HAL_ADC_GetValue)
    HAL_ADC_Init                             0x080010a5   Thumb Code   476  stm32g4xx_hal_adc.o(i.HAL_ADC_Init)
    HAL_ADC_MspInit                          0x080012a1   Thumb Code    82  adc.o(i.HAL_ADC_MspInit)
    HAL_ADC_PollForConversion                0x080012f9   Thumb Code   242  stm32g4xx_hal_adc.o(i.HAL_ADC_PollForConversion)
    HAL_ADC_Start                            0x080013f5   Thumb Code   230  stm32g4xx_hal_adc.o(i.HAL_ADC_Start)
    HAL_DAC_ConfigChannel                    0x080014e9   Thumb Code   428  stm32g4xx_hal_dac.o(i.HAL_DAC_ConfigChannel)
    HAL_DAC_Init                             0x0800169d   Thumb Code    40  stm32g4xx_hal_dac.o(i.HAL_DAC_Init)
    HAL_DAC_MspInit                          0x080016c5   Thumb Code    82  dac.o(i.HAL_DAC_MspInit)
    HAL_DAC_SetValue                         0x08001721   Thumb Code    26  stm32g4xx_hal_dac.o(i.HAL_DAC_SetValue)
    HAL_DAC_Start                            0x0800173b   Thumb Code   104  stm32g4xx_hal_dac.o(i.HAL_DAC_Start)
    HAL_DMA_Abort                            0x080017a3   Thumb Code   106  stm32g4xx_hal_dma.o(i.HAL_DMA_Abort)
    HAL_DMA_Abort_IT                         0x0800180d   Thumb Code   120  stm32g4xx_hal_dma.o(i.HAL_DMA_Abort_IT)
    HAL_Delay                                0x08001885   Thumb Code    32  stm32g4xx_hal.o(i.HAL_Delay)
    HAL_GPIO_Init                            0x080018a9   Thumb Code   422  stm32g4xx_hal_gpio.o(i.HAL_GPIO_Init)
    HAL_GPIO_WritePin                        0x08001a71   Thumb Code    10  stm32g4xx_hal_gpio.o(i.HAL_GPIO_WritePin)
    HAL_GetTick                              0x08001a7d   Thumb Code     6  stm32g4xx_hal.o(i.HAL_GetTick)
    HAL_I2CEx_ConfigAnalogFilter             0x08001a89   Thumb Code    86  stm32g4xx_hal_i2c_ex.o(i.HAL_I2CEx_ConfigAnalogFilter)
    HAL_I2CEx_ConfigDigitalFilter            0x08001adf   Thumb Code    82  stm32g4xx_hal_i2c_ex.o(i.HAL_I2CEx_ConfigDigitalFilter)
    HAL_I2C_Init                             0x08001b31   Thumb Code   178  stm32g4xx_hal_i2c.o(i.HAL_I2C_Init)
    HAL_I2C_Master_Transmit                  0x08001be9   Thumb Code   282  stm32g4xx_hal_i2c.o(i.HAL_I2C_Master_Transmit)
    HAL_I2C_MspInit                          0x08001d0d   Thumb Code   122  i2c.o(i.HAL_I2C_MspInit)
    HAL_IncTick                              0x08001d95   Thumb Code    12  stm32g4xx_hal.o(i.HAL_IncTick)
    HAL_Init                                 0x08001da5   Thumb Code    30  stm32g4xx_hal.o(i.HAL_Init)
    HAL_InitTick                             0x08001dc5   Thumb Code    58  stm32g4xx_hal.o(i.HAL_InitTick)
    HAL_MspInit                              0x08001e09   Thumb Code    42  stm32g4xx_hal_msp.o(i.HAL_MspInit)
    HAL_NVIC_EnableIRQ                       0x08001e39   Thumb Code    26  stm32g4xx_hal_cortex.o(i.HAL_NVIC_EnableIRQ)
    HAL_NVIC_SetPriority                     0x08001e55   Thumb Code    60  stm32g4xx_hal_cortex.o(i.HAL_NVIC_SetPriority)
    HAL_NVIC_SetPriorityGrouping             0x08001e95   Thumb Code    26  stm32g4xx_hal_cortex.o(i.HAL_NVIC_SetPriorityGrouping)
    HAL_NVIC_SystemReset                     0x08001eb9   Thumb Code    26  stm32g4xx_hal_cortex.o(i.HAL_NVIC_SystemReset)
    HAL_PWREx_ControlVoltageScaling          0x08001edd   Thumb Code   174  stm32g4xx_hal_pwr_ex.o(i.HAL_PWREx_ControlVoltageScaling)
    HAL_PWREx_DisableUCPDDeadBattery         0x08001f99   Thumb Code    12  stm32g4xx_hal_pwr_ex.o(i.HAL_PWREx_DisableUCPDDeadBattery)
    HAL_RCCEx_PeriphCLKConfig                0x08001fa9   Thumb Code   638  stm32g4xx_hal_rcc_ex.o(i.HAL_RCCEx_PeriphCLKConfig)
    HAL_RCC_ClockConfig                      0x08002231   Thumb Code   444  stm32g4xx_hal_rcc.o(i.HAL_RCC_ClockConfig)
    HAL_RCC_GetHCLKFreq                      0x0800240d   Thumb Code     6  stm32g4xx_hal_rcc.o(i.HAL_RCC_GetHCLKFreq)
    HAL_RCC_GetPCLK1Freq                     0x08002419   Thumb Code    24  stm32g4xx_hal_rcc.o(i.HAL_RCC_GetPCLK1Freq)
    HAL_RCC_GetPCLK2Freq                     0x0800243d   Thumb Code    24  stm32g4xx_hal_rcc.o(i.HAL_RCC_GetPCLK2Freq)
    HAL_RCC_GetSysClockFreq                  0x08002461   Thumb Code    98  stm32g4xx_hal_rcc.o(i.HAL_RCC_GetSysClockFreq)
    HAL_RCC_OscConfig                        0x080024cd   Thumb Code  1036  stm32g4xx_hal_rcc.o(i.HAL_RCC_OscConfig)
    HAL_SPI_Init                             0x080028d9   Thumb Code   234  stm32g4xx_hal_spi.o(i.HAL_SPI_Init)
    HAL_SPI_MspInit                          0x080029c5   Thumb Code    88  spi.o(i.HAL_SPI_MspInit)
    HAL_SPI_Receive                          0x08002a25   Thumb Code   392  stm32g4xx_hal_spi.o(i.HAL_SPI_Receive)
    HAL_SPI_Transmit                         0x08002bad   Thumb Code   392  stm32g4xx_hal_spi.o(i.HAL_SPI_Transmit)
    HAL_SPI_TransmitReceive                  0x08002d35   Thumb Code   610  stm32g4xx_hal_spi.o(i.HAL_SPI_TransmitReceive)
    HAL_SYSTICK_Config                       0x08002f97   Thumb Code    40  stm32g4xx_hal_cortex.o(i.HAL_SYSTICK_Config)
    HAL_UARTEx_DisableFifoMode               0x08002fbf   Thumb Code    62  stm32g4xx_hal_uart_ex.o(i.HAL_UARTEx_DisableFifoMode)
    HAL_UARTEx_RxEventCallback               0x08002ffd   Thumb Code     2  stm32g4xx_hal_uart.o(i.HAL_UARTEx_RxEventCallback)
    HAL_UARTEx_RxFifoFullCallback            0x08002fff   Thumb Code     2  stm32g4xx_hal_uart_ex.o(i.HAL_UARTEx_RxFifoFullCallback)
    HAL_UARTEx_SetRxFifoThreshold            0x08003001   Thumb Code    76  stm32g4xx_hal_uart_ex.o(i.HAL_UARTEx_SetRxFifoThreshold)
    HAL_UARTEx_SetTxFifoThreshold            0x0800304d   Thumb Code    76  stm32g4xx_hal_uart_ex.o(i.HAL_UARTEx_SetTxFifoThreshold)
    HAL_UARTEx_TxFifoEmptyCallback           0x08003099   Thumb Code     2  stm32g4xx_hal_uart_ex.o(i.HAL_UARTEx_TxFifoEmptyCallback)
    HAL_UARTEx_WakeupCallback                0x0800309b   Thumb Code     2  stm32g4xx_hal_uart_ex.o(i.HAL_UARTEx_WakeupCallback)
    HAL_UART_ErrorCallback                   0x0800309d   Thumb Code     2  stm32g4xx_hal_uart.o(i.HAL_UART_ErrorCallback)
    HAL_UART_IRQHandler                      0x080030a1   Thumb Code   632  stm32g4xx_hal_uart.o(i.HAL_UART_IRQHandler)
    HAL_UART_Init                            0x08003325   Thumb Code   106  stm32g4xx_hal_uart.o(i.HAL_UART_Init)
    HAL_UART_MspInit                         0x08003391   Thumb Code   106  usart.o(i.HAL_UART_MspInit)
    HAL_UART_Receive_IT                      0x08003405   Thumb Code    70  stm32g4xx_hal_uart.o(i.HAL_UART_Receive_IT)
    HAL_UART_RxCpltCallback                  0x08003451   Thumb Code    38  main.o(i.HAL_UART_RxCpltCallback)
    HAL_UART_Transmit                        0x08003485   Thumb Code   188  stm32g4xx_hal_uart.o(i.HAL_UART_Transmit)
    HAL_UART_TxCpltCallback                  0x08003541   Thumb Code     2  stm32g4xx_hal_uart.o(i.HAL_UART_TxCpltCallback)
    HardFault_Handler                        0x08003543   Thumb Code     2  stm32g4xx_it.o(i.HardFault_Handler)
    MX_ADC1_Init                             0x08003771   Thumb Code   136  adc.o(i.MX_ADC1_Init)
    MX_DAC1_Init                             0x08003801   Thumb Code    80  dac.o(i.MX_DAC1_Init)
    MX_GPIO_Init                             0x08003859   Thumb Code   120  gpio.o(i.MX_GPIO_Init)
    MX_I2C1_Init                             0x080038d9   Thumb Code    80  i2c.o(i.MX_I2C1_Init)
    MX_SPI1_Init                             0x08003939   Thumb Code    72  spi.o(i.MX_SPI1_Init)
    MX_USART1_UART_Init                      0x08003989   Thumb Code    94  usart.o(i.MX_USART1_UART_Init)
    MemManage_Handler                        0x080039f1   Thumb Code     2  stm32g4xx_it.o(i.MemManage_Handler)
    NMI_Handler                              0x080039f3   Thumb Code     2  stm32g4xx_it.o(i.NMI_Handler)
    OLED_Clear                               0x080039f5   Thumb Code    52  oled.o(i.OLED_Clear)
    OLED_Init                                0x08003a29   Thumb Code   194  oled.o(i.OLED_Init)
    OLED_Set_Pos                             0x08003aeb   Thumb Code    38  oled.o(i.OLED_Set_Pos)
    OLED_ShowChar                            0x08003b11   Thumb Code   126  oled.o(i.OLED_ShowChar)
    OLED_ShowString                          0x08003b99   Thumb Code    54  oled.o(i.OLED_ShowString)
    PendSV_Handler                           0x08003c19   Thumb Code     2  stm32g4xx_it.o(i.PendSV_Handler)
    SVC_Handler                              0x08003e5d   Thumb Code     2  stm32g4xx_it.o(i.SVC_Handler)
    SysTick_Handler                          0x08003e5f   Thumb Code     4  stm32g4xx_it.o(i.SysTick_Handler)
    SystemClock_Config                       0x08003e63   Thumb Code   134  main.o(i.SystemClock_Config)
    SystemInit                               0x08003ee9   Thumb Code    12  system_stm32g4xx.o(i.SystemInit)
    TpLockInAmp_MovingAverage1               0x08003ef9   Thumb Code   260  tplockinamp.o(i.TpLockInAmp_MovingAverage1)
    TpLockInAmp_MovingAverage1_Init          0x08004009   Thumb Code    28  tplockinamp.o(i.TpLockInAmp_MovingAverage1_Init)
    TpLockInAmp_initialize                   0x08004025   Thumb Code   252  tplockinamp.o(i.TpLockInAmp_initialize)
    TpLockInAmp_step                         0x0800413d   Thumb Code   616  tplockinamp.o(i.TpLockInAmp_step)
    UART_AdvFeatureConfig                    0x08004411   Thumb Code   200  stm32g4xx_hal_uart.o(i.UART_AdvFeatureConfig)
    UART_CheckIdleState                      0x080044d9   Thumb Code    96  stm32g4xx_hal_uart.o(i.UART_CheckIdleState)
    UART_SetConfig                           0x080048fd   Thumb Code   582  stm32g4xx_hal_uart.o(i.UART_SetConfig)
    UART_Start_Receive_IT                    0x08004b71   Thumb Code   198  stm32g4xx_hal_uart.o(i.UART_Start_Receive_IT)
    UART_WaitOnFlagUntilTimeout              0x08004c49   Thumb Code   164  stm32g4xx_hal_uart.o(i.UART_WaitOnFlagUntilTimeout)
    USART1_IRQHandler                        0x08004ced   Thumb Code     6  stm32g4xx_it.o(i.USART1_IRQHandler)
    UsageFault_Handler                       0x08004cf9   Thumb Code     2  stm32g4xx_it.o(i.UsageFault_Handler)
    Usermain                                 0x08004cfd   Thumb Code   286  usermain.o(i.Usermain)
    __0printf                                0x08004e61   Thumb Code    22  printfa.o(i.__0printf)
    __1printf                                0x08004e61   Thumb Code     0  printfa.o(i.__0printf)
    __2printf                                0x08004e61   Thumb Code     0  printfa.o(i.__0printf)
    __c89printf                              0x08004e61   Thumb Code     0  printfa.o(i.__0printf)
    printf                                   0x08004e61   Thumb Code     0  printfa.o(i.__0printf)
    __0sprintf                               0x08004e81   Thumb Code    34  printfa.o(i.__0sprintf)
    __1sprintf                               0x08004e81   Thumb Code     0  printfa.o(i.__0sprintf)
    __2sprintf                               0x08004e81   Thumb Code     0  printfa.o(i.__0sprintf)
    __c89sprintf                             0x08004e81   Thumb Code     0  printfa.o(i.__0sprintf)
    sprintf                                  0x08004e81   Thumb Code     0  printfa.o(i.__0sprintf)
    __ARM_fpclassify                         0x08004ea9   Thumb Code    48  fpclassify.o(i.__ARM_fpclassify)
    __ARM_fpclassifyf                        0x08004ed9   Thumb Code    38  fpclassifyf.o(i.__ARM_fpclassifyf)
    __hardfp_pow                             0x08004f21   Thumb Code  3072  pow.o(i.__hardfp_pow)
    __hardfp_sinf                            0x08005b71   Thumb Code   344  sinf.o(i.__hardfp_sinf)
    __hardfp_sqrtf                           0x08005d01   Thumb Code    58  sqrtf.o(i.__hardfp_sqrtf)
    __kernel_poly                            0x08005d3b   Thumb Code   248  poly.o(i.__kernel_poly)
    __mathlib_dbl_divzero                    0x08005e39   Thumb Code    28  dunder.o(i.__mathlib_dbl_divzero)
    __mathlib_dbl_infnan2                    0x08005e69   Thumb Code    20  dunder.o(i.__mathlib_dbl_infnan2)
    __mathlib_dbl_invalid                    0x08005e81   Thumb Code    24  dunder.o(i.__mathlib_dbl_invalid)
    __mathlib_dbl_overflow                   0x08005ea1   Thumb Code    24  dunder.o(i.__mathlib_dbl_overflow)
    __mathlib_dbl_underflow                  0x08005ec1   Thumb Code    24  dunder.o(i.__mathlib_dbl_underflow)
    __mathlib_flt_infnan                     0x08005ee1   Thumb Code     6  funder.o(i.__mathlib_flt_infnan)
    __mathlib_flt_invalid                    0x08005ee9   Thumb Code    10  funder.o(i.__mathlib_flt_invalid)
    __mathlib_flt_underflow                  0x08005ef9   Thumb Code    10  funder.o(i.__mathlib_flt_underflow)
    __mathlib_rredf2                         0x08005f09   Thumb Code   316  rredf.o(i.__mathlib_rredf2)
    __scatterload_copy                       0x0800605d   Thumb Code    14  handlers.o(i.__scatterload_copy)
    __scatterload_null                       0x0800606b   Thumb Code     2  handlers.o(i.__scatterload_null)
    __scatterload_zeroinit                   0x0800606d   Thumb Code    14  handlers.o(i.__scatterload_zeroinit)
    __set_errno                              0x0800607d   Thumb Code     6  errno.o(i.__set_errno)
    fabs                                     0x0800691d   Thumb Code    24  fabs.o(i.fabs)
    fputc                                    0x08006935   Thumb Code    20  usermain.o(i.fputc)
    main                                     0x0800694d   Thumb Code    50  main.o(i.main)
    sqrt                                     0x08006989   Thumb Code   110  sqrt.o(i.sqrt)
    UARTPrescTable                           0x080069f6   Data          24  stm32g4xx_hal_uart.o(.constdata)
    AHBPrescTable                            0x08006a1e   Data          16  system_stm32g4xx.o(.constdata)
    APBPrescTable                            0x08006a2e   Data           8  system_stm32g4xx.o(.constdata)
    F6x8                                     0x08007320   Data         552  oled.o(.constdata)
    F8X16                                    0x08007548   Data        1520  oled.o(.constdata)
    TpLockInAmp_ConstP                       0x08007b38   Data        3168  tplockinamp_data.o(.constdata)
    __mathlib_zero                           0x08008820   Data           8  qnan.o(.constdata)
    Region$$Table$$Base                      0x08008848   Number         0  anon$$obj.o(Region$$Table)
    Region$$Table$$Limit                     0x08008868   Number         0  anon$$obj.o(Region$$Table)
    RxBuff                                   0x20000000   Data           1  main.o(.data)
    uwTickPrio                               0x20000004   Data           4  stm32g4xx_hal.o(.data)
    uwTickFreq                               0x20000008   Data           4  stm32g4xx_hal.o(.data)
    uwTick                                   0x2000000c   Data           4  stm32g4xx_hal.o(.data)
    SystemCoreClock                          0x20000010   Data           4  system_stm32g4xx.o(.data)
    value                                    0x20000018   Data           8  ad719x.o(.data)
    signal_amp                               0x20000020   Data           4  tplockinamp.o(.data)
    signal_bpf                               0x20000024   Data           4  tplockinamp.o(.data)
    signal_input                             0x20000028   Data           4  tplockinamp.o(.data)
    TpLockInAmp_B                            0x2000002c   Data           8  tplockinamp.o(.data)
    op_cnt                                   0x20000034   Data           4  usermain.o(.data)
    signal_output                            0x20000038   Data           4  usermain.o(.data)
    Stage1_V                                 0x2000003c   Data           4  usermain.o(.data)
    __stdout                                 0x20000040   Data           4  stdout.o(.data)
    hadc1                                    0x20000048   Data         108  adc.o(.bss)
    hdac1                                    0x200000b4   Data          20  dac.o(.bss)
    hi2c1                                    0x200000c8   Data          76  i2c.o(.bss)
    hspi1                                    0x20000114   Data         100  spi.o(.bss)
    huart1                                   0x20000178   Data         144  usart.o(.bss)
    TpLockInAmp_DW                           0x20000208   Data       13948  tplockinamp.o(.bss)
    SIGOP                                    0x20003884   Data          45  usermain.o(.bss)
    __initial_sp                             0x20003cb8   Data           0  startup_stm32g431xx.o(STACK)



==============================================================================

Memory Map of the image

  Image Entry point : 0x080001d9

  Load Region LR_IROM1 (Base: 0x08000000, Size: 0x000088b0, Max: 0x00020000, ABSOLUTE)

    Execution Region ER_IROM1 (Exec base: 0x08000000, Load base: 0x08000000, Size: 0x00008868, Max: 0x00020000, ABSOLUTE)

    Exec Addr    Load Addr    Size         Type   Attr      Idx    E Section Name        Object

    0x08000000   0x08000000   0x000001d8   Data   RO            3    RESET               startup_stm32g431xx.o
    0x080001d8   0x080001d8   0x00000000   Code   RO         4571  * .ARM.Collect$$$$00000000  mc_w.l(entry.o)
    0x080001d8   0x080001d8   0x00000004   Code   RO         4909    .ARM.Collect$$$$00000001  mc_w.l(entry2.o)
    0x080001dc   0x080001dc   0x00000004   Code   RO         4912    .ARM.Collect$$$$00000004  mc_w.l(entry5.o)
    0x080001e0   0x080001e0   0x00000000   Code   RO         4914    .ARM.Collect$$$$00000008  mc_w.l(entry7b.o)
    0x080001e0   0x080001e0   0x00000000   Code   RO         4916    .ARM.Collect$$$$0000000A  mc_w.l(entry8b.o)
    0x080001e0   0x080001e0   0x00000008   Code   RO         4917    .ARM.Collect$$$$0000000B  mc_w.l(entry9a.o)
    0x080001e8   0x080001e8   0x00000004   Code   RO         4924    .ARM.Collect$$$$0000000E  mc_w.l(entry12b.o)
    0x080001ec   0x080001ec   0x00000000   Code   RO         4919    .ARM.Collect$$$$0000000F  mc_w.l(entry10a.o)
    0x080001ec   0x080001ec   0x00000000   Code   RO         4921    .ARM.Collect$$$$00000011  mc_w.l(entry11a.o)
    0x080001ec   0x080001ec   0x00000004   Code   RO         4910    .ARM.Collect$$$$00002712  mc_w.l(entry2.o)
    0x080001f0   0x080001f0   0x00000024   Code   RO            4    .text               startup_stm32g431xx.o
    0x08000214   0x08000214   0x00000062   Code   RO         4574    .text               mc_w.l(uldiv.o)
    0x08000276   0x08000276   0x00000024   Code   RO         4576    .text               mc_w.l(memseta.o)
    0x0800029a   0x0800029a   0x0000014e   Code   RO         4839    .text               mf_w.l(dadd.o)
    0x080003e8   0x080003e8   0x000000e4   Code   RO         4841    .text               mf_w.l(dmul.o)
    0x080004cc   0x080004cc   0x000000de   Code   RO         4843    .text               mf_w.l(ddiv.o)
    0x080005aa   0x080005aa   0x0000001a   Code   RO         4845    .text               mf_w.l(dfltui.o)
    0x080005c4   0x080005c4   0x00000032   Code   RO         4847    .text               mf_w.l(dfixui.o)
    0x080005f6   0x080005f6   0x00000026   Code   RO         4849    .text               mf_w.l(f2d.o)
    0x0800061c   0x0800061c   0x00000038   Code   RO         4851    .text               mf_w.l(d2f.o)
    0x08000654   0x08000654   0x0000002c   Code   RO         4926    .text               mc_w.l(uidiv.o)
    0x08000680   0x08000680   0x0000001e   Code   RO         4928    .text               mc_w.l(llshl.o)
    0x0800069e   0x0800069e   0x00000020   Code   RO         4930    .text               mc_w.l(llushr.o)
    0x080006be   0x080006be   0x00000024   Code   RO         4932    .text               mc_w.l(llsshr.o)
    0x080006e2   0x080006e2   0x00000000   Code   RO         4941    .text               mc_w.l(iusefp.o)
    0x080006e2   0x080006e2   0x0000006e   Code   RO         4942    .text               mf_w.l(fepilogue.o)
    0x08000750   0x08000750   0x000000ba   Code   RO         4944    .text               mf_w.l(depilogue.o)
    0x0800080a   0x0800080a   0x0000002e   Code   RO         4948    .text               mf_w.l(dscalb.o)
    0x08000838   0x08000838   0x00000022   Code   RO         4950    .text               mf_w.l(dflti.o)
    0x0800085a   0x0800085a   0x00000030   Code   RO         4952    .text               mf_w.l(dfixul.o)
    0x0800088a   0x0800088a   0x00000002   PAD
    0x0800088c   0x0800088c   0x00000030   Code   RO         4954    .text               mf_w.l(cdrcmple.o)
    0x080008bc   0x080008bc   0x00000024   Code   RO         4956    .text               mc_w.l(init.o)
    0x080008e0   0x080008e0   0x000000a2   Code   RO         4958    .text               mf_w.l(dsqrt.o)
    0x08000982   0x08000982   0x00000002   PAD
    0x08000984   0x08000984   0x00000028   Code   RO         4259    i.AD7190_RST        ad719x.o
    0x080009ac   0x080009ac   0x000000f8   Code   RO         4261    i.AD7190_ReadDataOnce  ad719x.o
    0x08000aa4   0x08000aa4   0x00000040   Code   RO         4263    i.AD7190_WR_ConfigReg  ad719x.o
    0x08000ae4   0x08000ae4   0x00000040   Code   RO         4264    i.AD7190_WR_ModeReg  ad719x.o
    0x08000b24   0x08000b24   0x00000074   Code   RO          581    i.ADC_Enable        stm32g4xx_hal_adc.o
    0x08000b98   0x08000b98   0x00000002   Code   RO          470    i.BusFault_Handler  stm32g4xx_it.o
    0x08000b9a   0x08000b9a   0x00000002   Code   RO          471    i.DebugMon_Handler  stm32g4xx_it.o
    0x08000b9c   0x08000b9c   0x00000004   Code   RO           13    i.Error_Handler     main.o
    0x08000ba0   0x08000ba0   0x000000d8   Code   RO          831    i.HAL_ADCEx_MultiModeConfigChannel  stm32g4xx_hal_adc_ex.o
    0x08000c78   0x08000c78   0x00000424   Code   RO          583    i.HAL_ADC_ConfigChannel  stm32g4xx_hal_adc.o
    0x0800109c   0x0800109c   0x00000006   Code   RO          590    i.HAL_ADC_GetValue  stm32g4xx_hal_adc.o
    0x080010a2   0x080010a2   0x00000002   PAD
    0x080010a4   0x080010a4   0x000001fc   Code   RO          592    i.HAL_ADC_Init      stm32g4xx_hal_adc.o
    0x080012a0   0x080012a0   0x00000058   Code   RO          261    i.HAL_ADC_MspInit   adc.o
    0x080012f8   0x080012f8   0x000000fc   Code   RO          596    i.HAL_ADC_PollForConversion  stm32g4xx_hal_adc.o
    0x080013f4   0x080013f4   0x000000f4   Code   RO          598    i.HAL_ADC_Start     stm32g4xx_hal_adc.o
    0x080014e8   0x080014e8   0x000001b4   Code   RO         2501    i.HAL_DAC_ConfigChannel  stm32g4xx_hal_dac.o
    0x0800169c   0x0800169c   0x00000028   Code   RO         2511    i.HAL_DAC_Init      stm32g4xx_hal_dac.o
    0x080016c4   0x080016c4   0x0000005c   Code   RO          303    i.HAL_DAC_MspInit   dac.o
    0x08001720   0x08001720   0x0000001a   Code   RO         2514    i.HAL_DAC_SetValue  stm32g4xx_hal_dac.o
    0x0800173a   0x0800173a   0x00000068   Code   RO         2515    i.HAL_DAC_Start     stm32g4xx_hal_dac.o
    0x080017a2   0x080017a2   0x0000006a   Code   RO         1859    i.HAL_DMA_Abort     stm32g4xx_hal_dma.o
    0x0800180c   0x0800180c   0x00000078   Code   RO         1860    i.HAL_DMA_Abort_IT  stm32g4xx_hal_dma.o
    0x08001884   0x08001884   0x00000024   Code   RO         1030    i.HAL_Delay         stm32g4xx_hal.o
    0x080018a8   0x080018a8   0x000001c8   Code   RO         1721    i.HAL_GPIO_Init     stm32g4xx_hal_gpio.o
    0x08001a70   0x08001a70   0x0000000a   Code   RO         1725    i.HAL_GPIO_WritePin  stm32g4xx_hal_gpio.o
    0x08001a7a   0x08001a7a   0x00000002   PAD
    0x08001a7c   0x08001a7c   0x0000000c   Code   RO         1034    i.HAL_GetTick       stm32g4xx_hal.o
    0x08001a88   0x08001a88   0x00000056   Code   RO         3248    i.HAL_I2CEx_ConfigAnalogFilter  stm32g4xx_hal_i2c_ex.o
    0x08001ade   0x08001ade   0x00000052   Code   RO         3249    i.HAL_I2CEx_ConfigDigitalFilter  stm32g4xx_hal_i2c_ex.o
    0x08001b30   0x08001b30   0x000000b8   Code   RO         2797    i.HAL_I2C_Init      stm32g4xx_hal_i2c.o
    0x08001be8   0x08001be8   0x00000124   Code   RO         2810    i.HAL_I2C_Master_Transmit  stm32g4xx_hal_i2c.o
    0x08001d0c   0x08001d0c   0x00000088   Code   RO          345    i.HAL_I2C_MspInit   i2c.o
    0x08001d94   0x08001d94   0x00000010   Code   RO         1037    i.HAL_IncTick       stm32g4xx_hal.o
    0x08001da4   0x08001da4   0x0000001e   Code   RO         1038    i.HAL_Init          stm32g4xx_hal.o
    0x08001dc2   0x08001dc2   0x00000002   PAD
    0x08001dc4   0x08001dc4   0x00000044   Code   RO         1039    i.HAL_InitTick      stm32g4xx_hal.o
    0x08001e08   0x08001e08   0x00000030   Code   RO          552    i.HAL_MspInit       stm32g4xx_hal_msp.o
    0x08001e38   0x08001e38   0x0000001a   Code   RO         2368    i.HAL_NVIC_EnableIRQ  stm32g4xx_hal_cortex.o
    0x08001e52   0x08001e52   0x00000002   PAD
    0x08001e54   0x08001e54   0x00000040   Code   RO         2374    i.HAL_NVIC_SetPriority  stm32g4xx_hal_cortex.o
    0x08001e94   0x08001e94   0x00000024   Code   RO         2375    i.HAL_NVIC_SetPriorityGrouping  stm32g4xx_hal_cortex.o
    0x08001eb8   0x08001eb8   0x00000024   Code   RO         2376    i.HAL_NVIC_SystemReset  stm32g4xx_hal_cortex.o
    0x08001edc   0x08001edc   0x000000bc   Code   RO         2124    i.HAL_PWREx_ControlVoltageScaling  stm32g4xx_hal_pwr_ex.o
    0x08001f98   0x08001f98   0x00000010   Code   RO         2136    i.HAL_PWREx_DisableUCPDDeadBattery  stm32g4xx_hal_pwr_ex.o
    0x08001fa8   0x08001fa8   0x00000288   Code   RO         1383    i.HAL_RCCEx_PeriphCLKConfig  stm32g4xx_hal_rcc_ex.o
    0x08002230   0x08002230   0x000001dc   Code   RO         1258    i.HAL_RCC_ClockConfig  stm32g4xx_hal_rcc.o
    0x0800240c   0x0800240c   0x0000000c   Code   RO         1264    i.HAL_RCC_GetHCLKFreq  stm32g4xx_hal_rcc.o
    0x08002418   0x08002418   0x00000024   Code   RO         1266    i.HAL_RCC_GetPCLK1Freq  stm32g4xx_hal_rcc.o
    0x0800243c   0x0800243c   0x00000024   Code   RO         1267    i.HAL_RCC_GetPCLK2Freq  stm32g4xx_hal_rcc.o
    0x08002460   0x08002460   0x0000006c   Code   RO         1268    i.HAL_RCC_GetSysClockFreq  stm32g4xx_hal_rcc.o
    0x080024cc   0x080024cc   0x0000040c   Code   RO         1271    i.HAL_RCC_OscConfig  stm32g4xx_hal_rcc.o
    0x080028d8   0x080028d8   0x000000ea   Code   RO         3313    i.HAL_SPI_Init      stm32g4xx_hal_spi.o
    0x080029c2   0x080029c2   0x00000002   PAD
    0x080029c4   0x080029c4   0x00000060   Code   RO          387    i.HAL_SPI_MspInit   spi.o
    0x08002a24   0x08002a24   0x00000188   Code   RO         3316    i.HAL_SPI_Receive   stm32g4xx_hal_spi.o
    0x08002bac   0x08002bac   0x00000188   Code   RO         3321    i.HAL_SPI_Transmit  stm32g4xx_hal_spi.o
    0x08002d34   0x08002d34   0x00000262   Code   RO         3322    i.HAL_SPI_TransmitReceive  stm32g4xx_hal_spi.o
    0x08002f96   0x08002f96   0x00000028   Code   RO         2379    i.HAL_SYSTICK_Config  stm32g4xx_hal_cortex.o
    0x08002fbe   0x08002fbe   0x0000003e   Code   RO         4109    i.HAL_UARTEx_DisableFifoMode  stm32g4xx_hal_uart_ex.o
    0x08002ffc   0x08002ffc   0x00000002   Code   RO         3698    i.HAL_UARTEx_RxEventCallback  stm32g4xx_hal_uart.o
    0x08002ffe   0x08002ffe   0x00000002   Code   RO         4116    i.HAL_UARTEx_RxFifoFullCallback  stm32g4xx_hal_uart_ex.o
    0x08003000   0x08003000   0x0000004c   Code   RO         4117    i.HAL_UARTEx_SetRxFifoThreshold  stm32g4xx_hal_uart_ex.o
    0x0800304c   0x0800304c   0x0000004c   Code   RO         4118    i.HAL_UARTEx_SetTxFifoThreshold  stm32g4xx_hal_uart_ex.o
    0x08003098   0x08003098   0x00000002   Code   RO         4120    i.HAL_UARTEx_TxFifoEmptyCallback  stm32g4xx_hal_uart_ex.o
    0x0800309a   0x0800309a   0x00000002   Code   RO         4121    i.HAL_UARTEx_WakeupCallback  stm32g4xx_hal_uart_ex.o
    0x0800309c   0x0800309c   0x00000002   Code   RO         3714    i.HAL_UART_ErrorCallback  stm32g4xx_hal_uart.o
    0x0800309e   0x0800309e   0x00000002   PAD
    0x080030a0   0x080030a0   0x00000284   Code   RO         3717    i.HAL_UART_IRQHandler  stm32g4xx_hal_uart.o
    0x08003324   0x08003324   0x0000006a   Code   RO         3718    i.HAL_UART_Init     stm32g4xx_hal_uart.o
    0x0800338e   0x0800338e   0x00000002   PAD
    0x08003390   0x08003390   0x00000074   Code   RO          429    i.HAL_UART_MspInit  usart.o
    0x08003404   0x08003404   0x0000004c   Code   RO         3723    i.HAL_UART_Receive_IT  stm32g4xx_hal_uart.o
    0x08003450   0x08003450   0x00000034   Code   RO           14    i.HAL_UART_RxCpltCallback  main.o
    0x08003484   0x08003484   0x000000bc   Code   RO         3727    i.HAL_UART_Transmit  stm32g4xx_hal_uart.o
    0x08003540   0x08003540   0x00000002   Code   RO         3730    i.HAL_UART_TxCpltCallback  stm32g4xx_hal_uart.o
    0x08003542   0x08003542   0x00000002   Code   RO          472    i.HardFault_Handler  stm32g4xx_it.o
    0x08003544   0x08003544   0x00000022   Code   RO         2844    i.I2C_Flush_TXDR    stm32g4xx_hal_i2c.o
    0x08003566   0x08003566   0x00000002   PAD
    0x08003568   0x08003568   0x00000084   Code   RO         2852    i.I2C_IsAcknowledgeFailed  stm32g4xx_hal_i2c.o
    0x080035ec   0x080035ec   0x0000002c   Code   RO         2859    i.I2C_TransferConfig  stm32g4xx_hal_i2c.o
    0x08003618   0x08003618   0x00000058   Code   RO         2861    i.I2C_WaitOnFlagUntilTimeout  stm32g4xx_hal_i2c.o
    0x08003670   0x08003670   0x0000004c   Code   RO         2863    i.I2C_WaitOnSTOPFlagUntilTimeout  stm32g4xx_hal_i2c.o
    0x080036bc   0x080036bc   0x00000050   Code   RO         2864    i.I2C_WaitOnTXISFlagUntilTimeout  stm32g4xx_hal_i2c.o
    0x0800370c   0x0800370c   0x0000000c   Code   RO          606    i.LL_ADC_GetOffsetChannel  stm32g4xx_hal_adc.o
    0x08003718   0x08003718   0x00000008   Code   RO          607    i.LL_ADC_INJ_IsConversionOngoing  stm32g4xx_hal_adc.o
    0x08003720   0x08003720   0x00000008   Code   RO          608    i.LL_ADC_REG_IsConversionOngoing  stm32g4xx_hal_adc.o
    0x08003728   0x08003728   0x00000008   Code   RO          841    i.LL_ADC_REG_IsConversionOngoing  stm32g4xx_hal_adc_ex.o
    0x08003730   0x08003730   0x00000010   Code   RO          609    i.LL_ADC_REG_IsTriggerSourceSWStart  stm32g4xx_hal_adc.o
    0x08003740   0x08003740   0x0000001e   Code   RO          611    i.LL_ADC_SetChannelSamplingTime  stm32g4xx_hal_adc.o
    0x0800375e   0x0800375e   0x00000010   Code   RO          612    i.LL_ADC_SetOffsetState  stm32g4xx_hal_adc.o
    0x0800376e   0x0800376e   0x00000002   PAD
    0x08003770   0x08003770   0x00000090   Code   RO          262    i.MX_ADC1_Init      adc.o
    0x08003800   0x08003800   0x00000058   Code   RO          304    i.MX_DAC1_Init      dac.o
    0x08003858   0x08003858   0x00000080   Code   RO          236    i.MX_GPIO_Init      gpio.o
    0x080038d8   0x080038d8   0x00000060   Code   RO          346    i.MX_I2C1_Init      i2c.o
    0x08003938   0x08003938   0x00000050   Code   RO          388    i.MX_SPI1_Init      spi.o
    0x08003988   0x08003988   0x00000068   Code   RO          430    i.MX_USART1_UART_Init  usart.o
    0x080039f0   0x080039f0   0x00000002   Code   RO          473    i.MemManage_Handler  stm32g4xx_it.o
    0x080039f2   0x080039f2   0x00000002   Code   RO          474    i.NMI_Handler       stm32g4xx_it.o
    0x080039f4   0x080039f4   0x00000034   Code   RO         4419    i.OLED_Clear        oled.o
    0x08003a28   0x08003a28   0x000000c2   Code   RO         4423    i.OLED_Init         oled.o
    0x08003aea   0x08003aea   0x00000026   Code   RO         4425    i.OLED_Set_Pos      oled.o
    0x08003b10   0x08003b10   0x00000088   Code   RO         4427    i.OLED_ShowChar     oled.o
    0x08003b98   0x08003b98   0x00000036   Code   RO         4429    i.OLED_ShowString   oled.o
    0x08003bce   0x08003bce   0x00000002   PAD
    0x08003bd0   0x08003bd0   0x00000024   Code   RO         4430    i.OLED_Write_Cmd    oled.o
    0x08003bf4   0x08003bf4   0x00000024   Code   RO         4431    i.OLED_Write_Dat    oled.o
    0x08003c18   0x08003c18   0x00000002   Code   RO          475    i.PendSV_Handler    stm32g4xx_it.o
    0x08003c1a   0x08003c1a   0x00000074   Code   RO         3350    i.SPI_EndRxTransaction  stm32g4xx_hal_spi.o
    0x08003c8e   0x08003c8e   0x00000048   Code   RO         3351    i.SPI_EndRxTxTransaction  stm32g4xx_hal_spi.o
    0x08003cd6   0x08003cd6   0x00000002   PAD
    0x08003cd8   0x08003cd8   0x000000cc   Code   RO         3356    i.SPI_WaitFifoStateUntilTimeout  stm32g4xx_hal_spi.o
    0x08003da4   0x08003da4   0x000000b8   Code   RO         3357    i.SPI_WaitFlagStateUntilTimeout  stm32g4xx_hal_spi.o
    0x08003e5c   0x08003e5c   0x00000002   Code   RO          476    i.SVC_Handler       stm32g4xx_it.o
    0x08003e5e   0x08003e5e   0x00000004   Code   RO          477    i.SysTick_Handler   stm32g4xx_it.o
    0x08003e62   0x08003e62   0x00000086   Code   RO           15    i.SystemClock_Config  main.o
    0x08003ee8   0x08003ee8   0x00000010   Code   RO         4222    i.SystemInit        system_stm32g4xx.o
    0x08003ef8   0x08003ef8   0x00000110   Code   RO         4321    i.TpLockInAmp_MovingAverage1  tplockinamp.o
    0x08004008   0x08004008   0x0000001c   Code   RO         4322    i.TpLockInAmp_MovingAverage1_Init  tplockinamp.o
    0x08004024   0x08004024   0x00000118   Code   RO         4324    i.TpLockInAmp_initialize  tplockinamp.o
    0x0800413c   0x0800413c   0x00000290   Code   RO         4325    i.TpLockInAmp_step  tplockinamp.o
    0x080043cc   0x080043cc   0x00000044   Code   RO         4122    i.UARTEx_SetNbDataToProcess  stm32g4xx_hal_uart_ex.o
    0x08004410   0x08004410   0x000000c8   Code   RO         3732    i.UART_AdvFeatureConfig  stm32g4xx_hal_uart.o
    0x080044d8   0x080044d8   0x00000060   Code   RO         3733    i.UART_CheckIdleState  stm32g4xx_hal_uart.o
    0x08004538   0x08004538   0x00000014   Code   RO         3734    i.UART_DMAAbortOnError  stm32g4xx_hal_uart.o
    0x0800454c   0x0800454c   0x00000038   Code   RO         3744    i.UART_EndRxTransfer  stm32g4xx_hal_uart.o
    0x08004584   0x08004584   0x00000080   Code   RO         3746    i.UART_RxISR_16BIT  stm32g4xx_hal_uart.o
    0x08004604   0x08004604   0x0000013c   Code   RO         3747    i.UART_RxISR_16BIT_FIFOEN  stm32g4xx_hal_uart.o
    0x08004740   0x08004740   0x00000080   Code   RO         3748    i.UART_RxISR_8BIT   stm32g4xx_hal_uart.o
    0x080047c0   0x080047c0   0x0000013c   Code   RO         3749    i.UART_RxISR_8BIT_FIFOEN  stm32g4xx_hal_uart.o
    0x080048fc   0x080048fc   0x00000274   Code   RO         3750    i.UART_SetConfig    stm32g4xx_hal_uart.o
    0x08004b70   0x08004b70   0x000000d8   Code   RO         3752    i.UART_Start_Receive_IT  stm32g4xx_hal_uart.o
    0x08004c48   0x08004c48   0x000000a4   Code   RO         3757    i.UART_WaitOnFlagUntilTimeout  stm32g4xx_hal_uart.o
    0x08004cec   0x08004cec   0x0000000c   Code   RO          478    i.USART1_IRQHandler  stm32g4xx_it.o
    0x08004cf8   0x08004cf8   0x00000002   Code   RO          479    i.UsageFault_Handler  stm32g4xx_it.o
    0x08004cfa   0x08004cfa   0x00000002   PAD
    0x08004cfc   0x08004cfc   0x00000164   Code   RO         4383    i.Usermain          usermain.o
    0x08004e60   0x08004e60   0x00000020   Code   RO         4811    i.__0printf         mc_w.l(printfa.o)
    0x08004e80   0x08004e80   0x00000028   Code   RO         4813    i.__0sprintf        mc_w.l(printfa.o)
    0x08004ea8   0x08004ea8   0x00000030   Code   RO         4873    i.__ARM_fpclassify  m_wm.l(fpclassify.o)
    0x08004ed8   0x08004ed8   0x00000026   Code   RO         4875    i.__ARM_fpclassifyf  m_wm.l(fpclassifyf.o)
    0x08004efe   0x08004efe   0x00000020   Code   RO         2381    i.__NVIC_SetPriority  stm32g4xx_hal_cortex.o
    0x08004f1e   0x08004f1e   0x00000002   PAD
    0x08004f20   0x08004f20   0x00000c50   Code   RO         4533    i.__hardfp_pow      m_wm.l(pow.o)
    0x08005b70   0x08005b70   0x00000190   Code   RO         4547    i.__hardfp_sinf     m_wm.l(sinf.o)
    0x08005d00   0x08005d00   0x0000003a   Code   RO         4559    i.__hardfp_sqrtf    m_wm.l(sqrtf.o)
    0x08005d3a   0x08005d3a   0x000000f8   Code   RO         4891    i.__kernel_poly     m_wm.l(poly.o)
    0x08005e32   0x08005e32   0x00000006   PAD
    0x08005e38   0x08005e38   0x00000030   Code   RO         4853    i.__mathlib_dbl_divzero  m_wm.l(dunder.o)
    0x08005e68   0x08005e68   0x00000014   Code   RO         4855    i.__mathlib_dbl_infnan2  m_wm.l(dunder.o)
    0x08005e7c   0x08005e7c   0x00000004   PAD
    0x08005e80   0x08005e80   0x00000020   Code   RO         4856    i.__mathlib_dbl_invalid  m_wm.l(dunder.o)
    0x08005ea0   0x08005ea0   0x00000020   Code   RO         4857    i.__mathlib_dbl_overflow  m_wm.l(dunder.o)
    0x08005ec0   0x08005ec0   0x00000020   Code   RO         4859    i.__mathlib_dbl_underflow  m_wm.l(dunder.o)
    0x08005ee0   0x08005ee0   0x00000006   Code   RO         4878    i.__mathlib_flt_infnan  m_wm.l(funder.o)
    0x08005ee6   0x08005ee6   0x00000002   PAD
    0x08005ee8   0x08005ee8   0x00000010   Code   RO         4880    i.__mathlib_flt_invalid  m_wm.l(funder.o)
    0x08005ef8   0x08005ef8   0x00000010   Code   RO         4883    i.__mathlib_flt_underflow  m_wm.l(funder.o)
    0x08005f08   0x08005f08   0x00000154   Code   RO         4894    i.__mathlib_rredf2  m_wm.l(rredf.o)
    0x0800605c   0x0800605c   0x0000000e   Code   RO         4964    i.__scatterload_copy  mc_w.l(handlers.o)
    0x0800606a   0x0800606a   0x00000002   Code   RO         4965    i.__scatterload_null  mc_w.l(handlers.o)
    0x0800606c   0x0800606c   0x0000000e   Code   RO         4966    i.__scatterload_zeroinit  mc_w.l(handlers.o)
    0x0800607a   0x0800607a   0x00000002   PAD
    0x0800607c   0x0800607c   0x0000000c   Code   RO         4936    i.__set_errno       mc_w.l(errno.o)
    0x08006088   0x08006088   0x00000184   Code   RO         4818    i._fp_digits        mc_w.l(printfa.o)
    0x0800620c   0x0800620c   0x000006b4   Code   RO         4819    i._printf_core      mc_w.l(printfa.o)
    0x080068c0   0x080068c0   0x00000024   Code   RO         4820    i._printf_post_padding  mc_w.l(printfa.o)
    0x080068e4   0x080068e4   0x0000002e   Code   RO         4821    i._printf_pre_padding  mc_w.l(printfa.o)
    0x08006912   0x08006912   0x0000000a   Code   RO         4823    i._sputc            mc_w.l(printfa.o)
    0x0800691c   0x0800691c   0x00000018   Code   RO         4869    i.fabs              m_wm.l(fabs.o)
    0x08006934   0x08006934   0x00000018   Code   RO         4384    i.fputc             usermain.o
    0x0800694c   0x0800694c   0x0000003c   Code   RO           16    i.main              main.o
    0x08006988   0x08006988   0x0000006e   Code   RO         4899    i.sqrt              m_wm.l(sqrt.o)
    0x080069f6   0x080069f6   0x00000018   Data   RO         3758    .constdata          stm32g4xx_hal_uart.o
    0x08006a0e   0x08006a0e   0x00000010   Data   RO         4123    .constdata          stm32g4xx_hal_uart_ex.o
    0x08006a1e   0x08006a1e   0x00000010   Data   RO         4223    .constdata          system_stm32g4xx.o
    0x08006a2e   0x08006a2e   0x00000008   Data   RO         4224    .constdata          system_stm32g4xx.o
    0x08006a36   0x08006a36   0x00000002   PAD
    0x08006a38   0x08006a38   0x000008e8   Data   RO         4329    .constdata          tplockinamp.o
    0x08007320   0x08007320   0x00000818   Data   RO         4432    .constdata          oled.o
    0x08007b38   0x08007b38   0x00000c60   Data   RO         4517    .constdata          tplockinamp_data.o
    0x08008798   0x08008798   0x00000088   Data   RO         4536    .constdata          m_wm.l(pow.o)
    0x08008820   0x08008820   0x00000008   Data   RO         4893    .constdata          m_wm.l(qnan.o)
    0x08008828   0x08008828   0x00000020   Data   RO         4895    .constdata          m_wm.l(rredf.o)
    0x08008848   0x08008848   0x00000020   Data   RO         4962    Region$$Table       anon$$obj.o


    Execution Region RW_IRAM1 (Exec base: 0x20000000, Load base: 0x08008868, Size: 0x00003cb8, Max: 0x00008000, ABSOLUTE)

    Exec Addr    Load Addr    Size         Type   Attr      Idx    E Section Name        Object

    0x20000000   0x08008868   0x00000001   Data   RW           18    .data               main.o
    0x20000001   0x08008869   0x00000003   PAD
    0x20000004   0x0800886c   0x0000000c   Data   RW         1058    .data               stm32g4xx_hal.o
    0x20000010   0x08008878   0x00000004   Data   RW         4225    .data               system_stm32g4xx.o
    0x20000014   0x0800887c   0x00000004   PAD
    0x20000018   0x08008880   0x00000008   Data   RW         4266    .data               ad719x.o
    0x20000020   0x08008888   0x00000014   Data   RW         4330    .data               tplockinamp.o
    0x20000034   0x0800889c   0x0000000c   Data   RW         4388    .data               usermain.o
    0x20000040   0x080088a8   0x00000004   Data   RW         4925    .data               mc_w.l(stdout.o)
    0x20000044   0x080088ac   0x00000004   Data   RW         4937    .data               mc_w.l(errno.o)
    0x20000048        -       0x0000006c   Zero   RW          263    .bss                adc.o
    0x200000b4        -       0x00000014   Zero   RW          305    .bss                dac.o
    0x200000c8        -       0x0000004c   Zero   RW          347    .bss                i2c.o
    0x20000114        -       0x00000064   Zero   RW          389    .bss                spi.o
    0x20000178        -       0x00000090   Zero   RW          431    .bss                usart.o
    0x20000208        -       0x0000367c   Zero   RW         4327    .bss                tplockinamp.o
    0x20003884        -       0x0000002d   Zero   RW         4386    .bss                usermain.o
    0x200038b1   0x080088b0   0x00000007   PAD
    0x200038b8        -       0x00000400   Zero   RW            1    STACK               startup_stm32g431xx.o


==============================================================================

Image component sizes


      Code (inc. data)   RO Data    RW Data    ZI Data      Debug   Object Name

       416         60          0          8          0       3449   ad719x.o
       232         14          0          0        108       1825   adc.o
       180         18          0          0         20       1765   dac.o
       128          8          0          0          0        983   gpio.o
       232         30          0          0         76       1773   i2c.o
       250         24          0          1          0     642520   main.o
       546         18       2072          0          0       5407   oled.o
       176         16          0          0        100       1745   spi.o
        36          8        472          0       1024        848   startup_stm32g431xx.o
       162         24          0         12          0       4409   stm32g4xx_hal.o
      2276        116          0          0          0      77895   stm32g4xx_hal_adc.o
       224          8          0          0          0      67687   stm32g4xx_hal_adc_ex.o
       234         24          0          0          0      34546   stm32g4xx_hal_cortex.o
       606          8          0          0          0       4198   stm32g4xx_hal_dac.o
       226          0          0          0          0       1975   stm32g4xx_hal_dma.o
       466         34          0          0          0       2480   stm32g4xx_hal_gpio.o
       930         24          0          0          0       8701   stm32g4xx_hal_i2c.o
       168          0          0          0          0       1947   stm32g4xx_hal_i2c_ex.o
        48          6          0          0          0        886   stm32g4xx_hal_msp.o
       204         18          0          0          0       1429   stm32g4xx_hal_pwr_ex.o
      1704         94          0          0          0       6540   stm32g4xx_hal_rcc.o
       648         10          0          0          0       1900   stm32g4xx_hal_rcc_ex.o
      2204         10          0          0          0      10114   stm32g4xx_hal_spi.o
      3288        128         24          0          0      35818   stm32g4xx_hal_uart.o
       288          6         16          0          0       5454   stm32g4xx_hal_uart_ex.o
        32          6          0          0          0       4754   stm32g4xx_it.o
        16          4         24          4          0       1163   system_stm32g4xx.o
      1236         80       2280         20      13948       8042   tplockinamp.o
         0          0       3168          0          0       3977   tplockinamp_data.o
       220         20          0          0        144       1802   usart.o
       380         74          0         12         45       1896   usermain.o

    ----------------------------------------------------------------------
     17782        890       8090         64      15472     947928   Object Totals
         0          0         32          0          0          0   (incl. Generated)
        26          0          2          7          7          0   (incl. Padding)

    ----------------------------------------------------------------------

      Code (inc. data)   RO Data    RW Data    ZI Data      Debug   Library Member Name

       164         44          0          0          0        620   dunder.o
        24          0          0          0          0        124   fabs.o
        48          0          0          0          0        124   fpclassify.o
        38          0          0          0          0        116   fpclassifyf.o
        38         12          0          0          0        348   funder.o
       248          0          0          0          0        152   poly.o
      3152        296        136          0          0        352   pow.o
         0          0          8          0          0          0   qnan.o
       340         24         32          0          0        160   rredf.o
       400         56          0          0          0        212   sinf.o
       110          0          0          0          0        148   sqrt.o
        58          0          0          0          0        136   sqrtf.o
         0          0          0          0          0          0   entry.o
         0          0          0          0          0          0   entry10a.o
         0          0          0          0          0          0   entry11a.o
         4          0          0          0          0          0   entry12b.o
         8          4          0          0          0          0   entry2.o
         4          0          0          0          0          0   entry5.o
         0          0          0          0          0          0   entry7b.o
         0          0          0          0          0          0   entry8b.o
         8          4          0          0          0          0   entry9a.o
        12          6          0          4          0         68   errno.o
        30          0          0          0          0          0   handlers.o
        36          8          0          0          0         68   init.o
         0          0          0          0          0          0   iusefp.o
        30          0          0          0          0         68   llshl.o
        36          0          0          0          0         68   llsshr.o
        32          0          0          0          0         68   llushr.o
        36          0          0          0          0        108   memseta.o
      2268         96          0          0          0        616   printfa.o
         0          0          0          4          0          0   stdout.o
        44          0          0          0          0         80   uidiv.o
        98          0          0          0          0         92   uldiv.o
        48          0          0          0          0         68   cdrcmple.o
        56          0          0          0          0         88   d2f.o
       334          0          0          0          0        148   dadd.o
       222          0          0          0          0        100   ddiv.o
       186          0          0          0          0        176   depilogue.o
        50          0          0          0          0         76   dfixui.o
        48          0          0          0          0         68   dfixul.o
        34          0          0          0          0         76   dflti.o
        26          0          0          0          0         76   dfltui.o
       228          0          0          0          0         96   dmul.o
        46          0          0          0          0         80   dscalb.o
       162          0          0          0          0        100   dsqrt.o
        38          0          0          0          0         68   f2d.o
       110          0          0          0          0        168   fepilogue.o

    ----------------------------------------------------------------------
      8872        550        176          8          0       5116   Library Totals
        18          0          0          0          0          0   (incl. Padding)

    ----------------------------------------------------------------------

      Code (inc. data)   RO Data    RW Data    ZI Data      Debug   Library Name

      4620        432        176          0          0       2492   m_wm.l
      2646        118          0          8          0       1236   mc_w.l
      1588          0          0          0          0       1388   mf_w.l

    ----------------------------------------------------------------------
      8872        550        176          8          0       5116   Library Totals

    ----------------------------------------------------------------------

==============================================================================


      Code (inc. data)   RO Data    RW Data    ZI Data      Debug   

     26654       1440       8266         72      15472     938196   Grand Totals
     26654       1440       8266         72      15472     938196   ELF Image Totals
     26654       1440       8266         72          0          0   ROM Totals

==============================================================================

    Total RO  Size (Code + RO Data)                34920 (  34.10kB)
    Total RW  Size (RW Data + ZI Data)             15544 (  15.18kB)
    Total ROM Size (Code + RO Data + RW Data)      34992 (  34.17kB)

==============================================================================

