<html>
<body>
<pre>
<h1>µVision Build Log</h1>
<h2>Tool Versions:</h2>
IDE-Version: ¦ÌVision V5.35.0.0
Copyright (C) 2021 ARM Ltd and ARM Germany GmbH. All rights reserved.
License Information: yx l, es, LIC=ZB4EI-TTSKF-ARDXW-QK1L9-0VQYE-ME1HW
 
Tool Versions:
Toolchain:       MDK-ARM Plus  Version: 5.35.0.2
Toolchain Path:  D:\Software\Keil_v5\ARM\ARMCC\Bin
C Compiler:      Armcc.exe V5.06 update 7 (build 960)
Assembler:       Armasm.exe V5.06 update 7 (build 960)
Linker/Locator:  ArmLink.exe V5.06 update 7 (build 960)
Library Manager: ArmAr.exe V5.06 update 7 (build 960)
Hex Converter:   FromElf.exe V5.06 update 7 (build 960)
CPU DLL:         SARMCM3.DLL V5.35.0.2
Dialog DLL:      DCM.DLL V1.17.3.0
Target DLL:      STLink\ST-LINKIII-KEIL_SWO.dll V3.0.9.0
Dialog DLL:      TCM.DLL V1.53.0.0
 
<h2>Project:</h2>
F:\Desktop\Lock-inAmplifier\Software\LIA\MDK-ARM\LIA.uvprojx
Project File Date:  01/16/2022

<h2>Output:</h2>
*** Using Compiler 'V5.06 update 7 (build 960)', folder: 'D:\Software\Keil_v5\ARM\ARMCC\Bin'
Build target 'LIA'
compiling Usermain.c...
..\Users\Src\Usermain.c(38): warning:  #1035-D: single-precision operand implicitly converted to double-precision
  		HAL_DAC_SetValue(&hdac1, DAC_CHANNEL_1, DAC_ALIGN_12B_R, (signal_output/3.3)*4096);
..\Users\Src\Usermain.c(58): warning:  #1035-D: single-precision operand implicitly converted to double-precision
  				HAL_DAC_SetValue(&hdac1, DAC_CHANNEL_1, DAC_ALIGN_12B_R, (signal_output/3.3)*4096);
..\Users\Src\Usermain.c: 2 warnings, 0 errors
linking...
Program Size: Code=23710 RO-data=3250 RW-data=52 ZI-data=27844  
FromELF: creating hex file...
"LIA\LIA.axf" - 0 Error(s), 2 Warning(s).

<h2>Software Packages used:</h2>

Package Vendor: ARM
                http://www.keil.com/pack/ARM.CMSIS.5.8.0.pack
                ARM.CMSIS.5.8.0
                CMSIS (Common Microcontroller Software Interface Standard)
   * Component: CORE Version: 5.5.0

Package Vendor: Keil
                http://www.keil.com/pack/Keil.STM32G4xx_DFP.1.4.0.pack
                Keil.STM32G4xx_DFP.1.4.0
                STMicroelectronics STM32G4 Series Device Support, Drivers and Examples

<h2>Collection of Component include folders:</h2>
  .\RTE\_LIA
  D:\Software\Keil_v5\Arm\Packs\ARM\CMSIS\5.8.0\CMSIS\Core\Include
  D:\Software\Keil_v5\Arm\Packs\Keil\STM32G4xx_DFP\1.4.0\Drivers\CMSIS\Device\ST\STM32G4xx\Include

<h2>Collection of Component Files used:</h2>

   * Component: ARM::CMSIS:CORE:5.5.0
Build Time Elapsed:  00:00:03
</pre>
</body>
</html>
