Component: ARM Compiler 5.06 update 7 (build 960) Tool: armlink [4d3601]

==============================================================================

Section Cross References

    startup_stm32g431xx.o(RESET) refers to startup_stm32g431xx.o(STACK) for __initial_sp
    startup_stm32g431xx.o(RESET) refers to startup_stm32g431xx.o(.text) for Reset_Handler
    startup_stm32g431xx.o(RESET) refers to stm32g4xx_it.o(i.NMI_Handler) for NMI_Handler
    startup_stm32g431xx.o(RESET) refers to stm32g4xx_it.o(i.HardFault_Handler) for HardFault_Handler
    startup_stm32g431xx.o(RESET) refers to stm32g4xx_it.o(i.MemManage_Handler) for MemManage_Handler
    startup_stm32g431xx.o(RESET) refers to stm32g4xx_it.o(i.BusFault_Handler) for BusFault_Handler
    startup_stm32g431xx.o(RESET) refers to stm32g4xx_it.o(i.UsageFault_Handler) for UsageFault_Handler
    startup_stm32g431xx.o(RESET) refers to stm32g4xx_it.o(i.SVC_Handler) for SVC_Handler
    startup_stm32g431xx.o(RESET) refers to stm32g4xx_it.o(i.DebugMon_Handler) for DebugMon_Handler
    startup_stm32g431xx.o(RESET) refers to stm32g4xx_it.o(i.PendSV_Handler) for PendSV_Handler
    startup_stm32g431xx.o(RESET) refers to stm32g4xx_it.o(i.SysTick_Handler) for SysTick_Handler
    startup_stm32g431xx.o(.text) refers to system_stm32g4xx.o(i.SystemInit) for SystemInit
    startup_stm32g431xx.o(.text) refers to entry.o(.ARM.Collect$$$$00000000) for __main
    main.o(i.SystemClock_Config) refers to memseta.o(.text) for __aeabi_memclr4
    main.o(i.SystemClock_Config) refers to stm32g4xx_hal_pwr_ex.o(i.HAL_PWREx_ControlVoltageScaling) for HAL_PWREx_ControlVoltageScaling
    main.o(i.SystemClock_Config) refers to stm32g4xx_hal_rcc.o(i.HAL_RCC_OscConfig) for HAL_RCC_OscConfig
    main.o(i.SystemClock_Config) refers to main.o(i.Error_Handler) for Error_Handler
    main.o(i.SystemClock_Config) refers to stm32g4xx_hal_rcc.o(i.HAL_RCC_ClockConfig) for HAL_RCC_ClockConfig
    main.o(i.SystemClock_Config) refers to stm32g4xx_hal_rcc_ex.o(i.HAL_RCCEx_PeriphCLKConfig) for HAL_RCCEx_PeriphCLKConfig
    main.o(i.main) refers to stm32g4xx_hal.o(i.HAL_Init) for HAL_Init
    main.o(i.main) refers to main.o(i.SystemClock_Config) for SystemClock_Config
    main.o(i.main) refers to gpio.o(i.MX_GPIO_Init) for MX_GPIO_Init
    main.o(i.main) refers to spi.o(i.MX_SPI1_Init) for MX_SPI1_Init
    main.o(i.main) refers to usart.o(i.MX_USART1_UART_Init) for MX_USART1_UART_Init
    main.o(i.main) refers to usermain.o(i.Usermain) for Usermain
    gpio.o(i.MX_GPIO_Init) refers to memseta.o(.text) for __aeabi_memclr4
    gpio.o(i.MX_GPIO_Init) refers to stm32g4xx_hal_gpio.o(i.HAL_GPIO_WritePin) for HAL_GPIO_WritePin
    gpio.o(i.MX_GPIO_Init) refers to stm32g4xx_hal_gpio.o(i.HAL_GPIO_Init) for HAL_GPIO_Init
    spi.o(i.HAL_SPI_MspDeInit) refers to stm32g4xx_hal_gpio.o(i.HAL_GPIO_DeInit) for HAL_GPIO_DeInit
    spi.o(i.HAL_SPI_MspInit) refers to memseta.o(.text) for __aeabi_memclr4
    spi.o(i.HAL_SPI_MspInit) refers to stm32g4xx_hal_gpio.o(i.HAL_GPIO_Init) for HAL_GPIO_Init
    spi.o(i.MX_SPI1_Init) refers to stm32g4xx_hal_spi.o(i.HAL_SPI_Init) for HAL_SPI_Init
    spi.o(i.MX_SPI1_Init) refers to main.o(i.Error_Handler) for Error_Handler
    spi.o(i.MX_SPI1_Init) refers to spi.o(.bss) for hspi1
    usart.o(i.HAL_UART_MspDeInit) refers to stm32g4xx_hal_gpio.o(i.HAL_GPIO_DeInit) for HAL_GPIO_DeInit
    usart.o(i.HAL_UART_MspInit) refers to memseta.o(.text) for __aeabi_memclr4
    usart.o(i.HAL_UART_MspInit) refers to stm32g4xx_hal_gpio.o(i.HAL_GPIO_Init) for HAL_GPIO_Init
    usart.o(i.MX_USART1_UART_Init) refers to stm32g4xx_hal_uart.o(i.HAL_UART_Init) for HAL_UART_Init
    usart.o(i.MX_USART1_UART_Init) refers to main.o(i.Error_Handler) for Error_Handler
    usart.o(i.MX_USART1_UART_Init) refers to stm32g4xx_hal_uart_ex.o(i.HAL_UARTEx_SetTxFifoThreshold) for HAL_UARTEx_SetTxFifoThreshold
    usart.o(i.MX_USART1_UART_Init) refers to stm32g4xx_hal_uart_ex.o(i.HAL_UARTEx_SetRxFifoThreshold) for HAL_UARTEx_SetRxFifoThreshold
    usart.o(i.MX_USART1_UART_Init) refers to stm32g4xx_hal_uart_ex.o(i.HAL_UARTEx_DisableFifoMode) for HAL_UARTEx_DisableFifoMode
    usart.o(i.MX_USART1_UART_Init) refers to usart.o(.bss) for huart1
    stm32g4xx_it.o(i.SysTick_Handler) refers to stm32g4xx_hal.o(i.HAL_IncTick) for HAL_IncTick
    stm32g4xx_hal_msp.o(i.HAL_MspInit) refers to stm32g4xx_hal_pwr_ex.o(i.HAL_PWREx_DisableUCPDDeadBattery) for HAL_PWREx_DisableUCPDDeadBattery
    stm32g4xx_hal_spi.o(i.HAL_SPI_Abort) refers to stm32g4xx_hal_dma.o(i.HAL_DMA_Abort) for HAL_DMA_Abort
    stm32g4xx_hal_spi.o(i.HAL_SPI_Abort) refers to stm32g4xx_hal.o(i.HAL_GetTick) for HAL_GetTick
    stm32g4xx_hal_spi.o(i.HAL_SPI_Abort) refers to stm32g4xx_hal_spi.o(i.SPI_EndRxTxTransaction) for SPI_EndRxTxTransaction
    stm32g4xx_hal_spi.o(i.HAL_SPI_Abort) refers to stm32g4xx_hal_spi.o(i.SPI_WaitFifoStateUntilTimeout) for SPI_WaitFifoStateUntilTimeout
[...]
    Removing stm32g4xx_hal_tim_ex.o(.rrx_text), (6 bytes).
    Removing stm32g4xx_hal_uart.o(.rev16_text), (4 bytes).
    Removing stm32g4xx_hal_uart.o(.revsh_text), (4 bytes).
    Removing stm32g4xx_hal_uart.o(.rrx_text), (6 bytes).
    Removing stm32g4xx_hal_uart.o(i.HAL_HalfDuplex_EnableReceiver), (74 bytes).
    Removing stm32g4xx_hal_uart.o(i.HAL_HalfDuplex_EnableTransmitter), (74 bytes).
    Removing stm32g4xx_hal_uart.o(i.HAL_HalfDuplex_Init), (124 bytes).
    Removing stm32g4xx_hal_uart.o(i.HAL_LIN_Init), (160 bytes).
    Removing stm32g4xx_hal_uart.o(i.HAL_LIN_SendBreak), (62 bytes).
    Removing stm32g4xx_hal_uart.o(i.HAL_MultiProcessor_DisableMuteMode), (58 bytes).
    Removing stm32g4xx_hal_uart.o(i.HAL_MultiProcessor_EnableMuteMode), (58 bytes).
    Removing stm32g4xx_hal_uart.o(i.HAL_MultiProcessor_EnterMuteMode), (14 bytes).
    Removing stm32g4xx_hal_uart.o(i.HAL_MultiProcessor_Init), (148 bytes).
    Removing stm32g4xx_hal_uart.o(i.HAL_UARTEx_RxEventCallback), (2 bytes).
    Removing stm32g4xx_hal_uart.o(i.HAL_UART_Abort), (244 bytes).
    Removing stm32g4xx_hal_uart.o(i.HAL_UART_AbortCpltCallback), (2 bytes).
    Removing stm32g4xx_hal_uart.o(i.HAL_UART_AbortReceive), (152 bytes).
    Removing stm32g4xx_hal_uart.o(i.HAL_UART_AbortReceiveCpltCallback), (2 bytes).
    Removing stm32g4xx_hal_uart.o(i.HAL_UART_AbortReceive_IT), (184 bytes).
    Removing stm32g4xx_hal_uart.o(i.HAL_UART_AbortTransmit), (126 bytes).
    Removing stm32g4xx_hal_uart.o(i.HAL_UART_AbortTransmitCpltCallback), (2 bytes).
    Removing stm32g4xx_hal_uart.o(i.HAL_UART_AbortTransmit_IT), (148 bytes).
    Removing stm32g4xx_hal_uart.o(i.HAL_UART_Abort_IT), (300 bytes).
    Removing stm32g4xx_hal_uart.o(i.HAL_UART_DMAPause), (128 bytes).
    Removing stm32g4xx_hal_uart.o(i.HAL_UART_DMAResume), (108 bytes).
    Removing stm32g4xx_hal_uart.o(i.HAL_UART_DMAStop), (148 bytes).
    Removing stm32g4xx_hal_uart.o(i.HAL_UART_DeInit), (74 bytes).
    Removing stm32g4xx_hal_uart.o(i.HAL_UART_DisableReceiverTimeout), (88 bytes).
    Removing stm32g4xx_hal_uart.o(i.HAL_UART_EnableReceiverTimeout), (88 bytes).
    Removing stm32g4xx_hal_uart.o(i.HAL_UART_ErrorCallback), (2 bytes).
    Removing stm32g4xx_hal_uart.o(i.HAL_UART_GetError), (8 bytes).
    Removing stm32g4xx_hal_uart.o(i.HAL_UART_GetState), (16 bytes).
    Removing stm32g4xx_hal_uart.o(i.HAL_UART_IRQHandler), (776 bytes).
    Removing stm32g4xx_hal_uart.o(i.HAL_UART_MspDeInit), (2 bytes).
    Removing stm32g4xx_hal_uart.o(i.HAL_UART_MspInit), (2 bytes).
    Removing stm32g4xx_hal_uart.o(i.HAL_UART_Receive), (300 bytes).
    Removing stm32g4xx_hal_uart.o(i.HAL_UART_Receive_DMA), (100 bytes).
    Removing stm32g4xx_hal_uart.o(i.HAL_UART_Receive_IT), (100 bytes).
    Removing stm32g4xx_hal_uart.o(i.HAL_UART_ReceiverTimeout_Config), (28 bytes).
    Removing stm32g4xx_hal_uart.o(i.HAL_UART_RxCpltCallback), (2 bytes).
    Removing stm32g4xx_hal_uart.o(i.HAL_UART_RxHalfCpltCallback), (2 bytes).
    Removing stm32g4xx_hal_uart.o(i.HAL_UART_Transmit_DMA), (184 bytes).
    Removing stm32g4xx_hal_uart.o(i.HAL_UART_Transmit_IT), (184 bytes).
    Removing stm32g4xx_hal_uart.o(i.HAL_UART_TxCpltCallback), (2 bytes).
    Removing stm32g4xx_hal_uart.o(i.HAL_UART_TxHalfCpltCallback), (2 bytes).
    Removing stm32g4xx_hal_uart.o(i.UART_DMAAbortOnError), (24 bytes).
    Removing stm32g4xx_hal_uart.o(i.UART_DMAError), (94 bytes).
    Removing stm32g4xx_hal_uart.o(i.UART_DMAReceiveCplt), (108 bytes).
    Removing stm32g4xx_hal_uart.o(i.UART_DMARxAbortCallback), (80 bytes).
    Removing stm32g4xx_hal_uart.o(i.UART_DMARxHalfCplt), (34 bytes).
    Removing stm32g4xx_hal_uart.o(i.UART_DMARxOnlyAbortCallback), (48 bytes).
    Removing stm32g4xx_hal_uart.o(i.UART_DMATransmitCplt), (56 bytes).
    Removing stm32g4xx_hal_uart.o(i.UART_DMATxAbortCallback), (88 bytes).
    Removing stm32g4xx_hal_uart.o(i.UART_DMATxHalfCplt), (14 bytes).
    Removing stm32g4xx_hal_uart.o(i.UART_DMATxOnlyAbortCallback), (46 bytes).
    Removing stm32g4xx_hal_uart.o(i.UART_EndRxTransfer), (60 bytes).
    Removing stm32g4xx_hal_uart.o(i.UART_EndTransmit_IT), (34 bytes).
    Removing stm32g4xx_hal_uart.o(i.UART_EndTxTransfer), (32 bytes).
    Removing stm32g4xx_hal_uart.o(i.UART_RxISR_16BIT), (146 bytes).
    Removing stm32g4xx_hal_uart.o(i.UART_RxISR_16BIT_FIFOEN), (356 bytes).
    Removing stm32g4xx_hal_uart.o(i.UART_RxISR_8BIT), (142 bytes).
    Removing stm32g4xx_hal_uart.o(i.UART_RxISR_8BIT_FIFOEN), (356 bytes).
    Removing stm32g4xx_hal_uart.o(i.UART_Start_Receive_DMA), (160 bytes).
    Removing stm32g4xx_hal_uart.o(i.UART_Start_Receive_IT), (272 bytes).
    Removing stm32g4xx_hal_uart.o(i.UART_TxISR_16BIT), (70 bytes).
    Removing stm32g4xx_hal_uart.o(i.UART_TxISR_16BIT_FIFOEN), (98 bytes).
    Removing stm32g4xx_hal_uart.o(i.UART_TxISR_8BIT), (66 bytes).
    Removing stm32g4xx_hal_uart.o(i.UART_TxISR_8BIT_FIFOEN), (92 bytes).
    Removing stm32g4xx_hal_uart_ex.o(.rev16_text), (4 bytes).
    Removing stm32g4xx_hal_uart_ex.o(.revsh_text), (4 bytes).
    Removing stm32g4xx_hal_uart_ex.o(.rrx_text), (6 bytes).
    Removing stm32g4xx_hal_uart_ex.o(i.HAL_MultiProcessorEx_AddressLength_Set), (64 bytes).
    Removing stm32g4xx_hal_uart_ex.o(i.HAL_RS485Ex_Init), (152 bytes).
    Removing stm32g4xx_hal_uart_ex.o(i.HAL_UARTEx_DisableStopMode), (50 bytes).
    Removing stm32g4xx_hal_uart_ex.o(i.HAL_UARTEx_EnableFifoMode), (88 bytes).
    Removing stm32g4xx_hal_uart_ex.o(i.HAL_UARTEx_EnableStopMode), (50 bytes).
    Removing stm32g4xx_hal_uart_ex.o(i.HAL_UARTEx_ReceiveToIdle), (384 bytes).
    Removing stm32g4xx_hal_uart_ex.o(i.HAL_UARTEx_ReceiveToIdle_DMA), (102 bytes).
    Removing stm32g4xx_hal_uart_ex.o(i.HAL_UARTEx_ReceiveToIdle_IT), (102 bytes).
    Removing stm32g4xx_hal_uart_ex.o(i.HAL_UARTEx_RxFifoFullCallback), (2 bytes).
    Removing stm32g4xx_hal_uart_ex.o(i.HAL_UARTEx_StopModeWakeUpSourceConfig), (144 bytes).
    Removing stm32g4xx_hal_uart_ex.o(i.HAL_UARTEx_TxFifoEmptyCallback), (2 bytes).
    Removing stm32g4xx_hal_uart_ex.o(i.HAL_UARTEx_WakeupCallback), (2 bytes).
    Removing stm32g4xx_hal_uart_ex.o(i.UARTEx_Wakeup_AddressConfig), (38 bytes).
    Removing system_stm32g4xx.o(.rev16_text), (4 bytes).
    Removing system_stm32g4xx.o(.revsh_text), (4 bytes).
    Removing system_stm32g4xx.o(.rrx_text), (6 bytes).
    Removing system_stm32g4xx.o(i.SystemCoreClockUpdate), (156 bytes).
    Removing usermain.o(.rev16_text), (4 bytes).
    Removing usermain.o(.revsh_text), (4 bytes).
    Removing usermain.o(.rrx_text), (6 bytes).
    Removing ad719x.o(.rev16_text), (4 bytes).
    Removing ad719x.o(.revsh_text), (4 bytes).
    Removing ad719x.o(.rrx_text), (6 bytes).
    Removing ad719x.o(i.AD7190_ReadDataOnce), (296 bytes).
    Removing ad719x.o(.data), (8 bytes).
    Removing dneg.o(.text), (6 bytes).

415 unused section(s) (total 29034 bytes) removed from the image.

==============================================================================

Image Symbol Table

    Local Symbols

    Symbol Name                              Value     Ov Type        Size  Object(Section)

    ../Core/Src/gpio.c                       0x00000000   Number         0  gpio.o ABSOLUTE
    ../Core/Src/main.c                       0x00000000   Number         0  main.o ABSOLUTE
    ../Core/Src/spi.c                        0x00000000   Number         0  spi.o ABSOLUTE
    ../Core/Src/stm32g4xx_hal_msp.c          0x00000000   Number         0  stm32g4xx_hal_msp.o ABSOLUTE
    ../Core/Src/stm32g4xx_it.c               0x00000000   Number         0  stm32g4xx_it.o ABSOLUTE
    ../Core/Src/system_stm32g4xx.c           0x00000000   Number         0  system_stm32g4xx.o ABSOLUTE
    ../Core/Src/usart.c                      0x00000000   Number         0  usart.o ABSOLUTE
    ../Drivers/STM32G4xx_HAL_Driver/Src/stm32g4xx_hal.c 0x00000000   Number         0  stm32g4xx_hal.o ABSOLUTE
    ../Drivers/STM32G4xx_HAL_Driver/Src/stm32g4xx_hal_cortex.c 0x00000000   Number         0  stm32g4xx_hal_cortex.o ABSOLUTE
    ../Drivers/STM32G4xx_HAL_Driver/Src/stm32g4xx_hal_dma.c 0x00000000   Number         0  stm32g4xx_hal_dma.o ABSOLUTE
    ../Drivers/STM32G4xx_HAL_Driver/Src/stm32g4xx_hal_dma_ex.c 0x00000000   Number         0  stm32g4xx_hal_dma_ex.o ABSOLUTE
    ../Drivers/STM32G4xx_HAL_Driver/Src/stm32g4xx_hal_exti.c 0x00000000   Number         0  stm32g4xx_hal_exti.o ABSOLUTE
    ../Drivers/STM32G4xx_HAL_Driver/Src/stm32g4xx_hal_flash.c 0x00000000   Number         0  stm32g4xx_hal_flash.o ABSOLUTE
    ../Drivers/STM32G4xx_HAL_Driver/Src/stm32g4xx_hal_flash_ex.c 0x00000000   Number         0  stm32g4xx_hal_flash_ex.o ABSOLUTE
    ../Drivers/STM32G4xx_HAL_Driver/Src/stm32g4xx_hal_flash_ramfunc.c 0x00000000   Number         0  stm32g4xx_hal_flash_ramfunc.o ABSOLUTE
    ../Drivers/STM32G4xx_HAL_Driver/Src/stm32g4xx_hal_gpio.c 0x00000000   Number         0  stm32g4xx_hal_gpio.o ABSOLUTE
    ../Drivers/STM32G4xx_HAL_Driver/Src/stm32g4xx_hal_pwr.c 0x00000000   Number         0  stm32g4xx_hal_pwr.o ABSOLUTE
    ../Drivers/STM32G4xx_HAL_Driver/Src/stm32g4xx_hal_pwr_ex.c 0x00000000   Number         0  stm32g4xx_hal_pwr_ex.o ABSOLUTE
    ../Drivers/STM32G4xx_HAL_Driver/Src/stm32g4xx_hal_rcc.c 0x00000000   Number         0  stm32g4xx_hal_rcc.o ABSOLUTE
    ../Drivers/STM32G4xx_HAL_Driver/Src/stm32g4xx_hal_rcc_ex.c 0x00000000   Number         0  stm32g4xx_hal_rcc_ex.o ABSOLUTE
    ../Drivers/STM32G4xx_HAL_Driver/Src/stm32g4xx_hal_spi.c 0x00000000   Number         0  stm32g4xx_hal_spi.o ABSOLUTE
    ../Drivers/STM32G4xx_HAL_Driver/Src/stm32g4xx_hal_spi_ex.c 0x00000000   Number         0  stm32g4xx_hal_spi_ex.o ABSOLUTE
    ../Drivers/STM32G4xx_HAL_Driver/Src/stm32g4xx_hal_tim.c 0x00000000   Number         0  stm32g4xx_hal_tim.o ABSOLUTE
    ../Drivers/STM32G4xx_HAL_Driver/Src/stm32g4xx_hal_tim_ex.c 0x00000000   Number         0  stm32g4xx_hal_tim_ex.o ABSOLUTE
    ../Drivers/STM32G4xx_HAL_Driver/Src/stm32g4xx_hal_uart.c 0x00000000   Number         0  stm32g4xx_hal_uart.o ABSOLUTE
    ../Drivers/STM32G4xx_HAL_Driver/Src/stm32g4xx_hal_uart_ex.c 0x00000000   Number         0  stm32g4xx_hal_uart_ex.o ABSOLUTE
    ../clib/microlib/division.c              0x00000000   Number         0  uidiv.o ABSOLUTE
    ../clib/microlib/division.c              0x00000000   Number         0  uldiv.o ABSOLUTE
    ../clib/microlib/errno.c                 0x00000000   Number         0  errno.o ABSOLUTE
    ../clib/microlib/init/entry.s            0x00000000   Number         0  entry2.o ABSOLUTE
    ../clib/microlib/init/entry.s            0x00000000   Number         0  entry5.o ABSOLUTE
    ../clib/microlib/init/entry.s            0x00000000   Number         0  entry7a.o ABSOLUTE
    ../clib/microlib/init/entry.s            0x00000000   Number         0  entry.o ABSOLUTE
    ../clib/microlib/init/entry.s            0x00000000   Number         0  entry7b.o ABSOLUTE
    ../clib/microlib/init/entry.s            0x00000000   Number         0  entry8a.o ABSOLUTE
    ../clib/microlib/init/entry.s            0x00000000   Number         0  entry12b.o ABSOLUTE
    ../clib/microlib/init/entry.s            0x00000000   Number         0  entry12a.o ABSOLUTE
    ../clib/microlib/init/entry.s            0x00000000   Number         0  entry11b.o ABSOLUTE
    ../clib/microlib/init/entry.s            0x00000000   Number         0  entry9a.o ABSOLUTE
    ../clib/microlib/init/entry.s            0x00000000   Number         0  entry9b.o ABSOLUTE
    ../clib/microlib/init/entry.s            0x00000000   Number         0  entry8b.o ABSOLUTE
    ../clib/microlib/init/entry.s            0x00000000   Number         0  entry11a.o ABSOLUTE
    ../clib/microlib/init/entry.s            0x00000000   Number         0  entry10b.o ABSOLUTE
    ../clib/microlib/init/entry.s            0x00000000   Number         0  entry10a.o ABSOLUTE
    ../clib/microlib/longlong.c              0x00000000   Number         0  llsshr.o ABSOLUTE
    ../clib/microlib/longlong.c              0x00000000   Number         0  llshl.o ABSOLUTE
    ../clib/microlib/longlong.c              0x00000000   Number         0  llushr.o ABSOLUTE
    ../clib/microlib/printf/printf.c         0x00000000   Number         0  printf4.o ABSOLUTE
    ../clib/microlib/printf/printf.c         0x00000000   Number         0  printf2.o ABSOLUTE
    ../clib/microlib/printf/printf.c         0x00000000   Number         0  printfa.o ABSOLUTE
    ../clib/microlib/printf/printf.c         0x00000000   Number         0  printf1.o ABSOLUTE
    ../clib/microlib/printf/printf.c         0x00000000   Number         0  printf8.o ABSOLUTE
    ../clib/microlib/printf/printf.c         0x00000000   Number         0  printf7.o ABSOLUTE
    ../clib/microlib/printf/printf.c         0x00000000   Number         0  printf0.o ABSOLUTE
    ../clib/microlib/printf/printf.c         0x00000000   Number         0  printfb.o ABSOLUTE
    ../clib/microlib/printf/printf.c         0x00000000   Number         0  printf6.o ABSOLUTE
    ../clib/microlib/printf/printf.c         0x00000000   Number         0  printf3.o ABSOLUTE
    ../clib/microlib/printf/printf.c         0x00000000   Number         0  printf5.o ABSOLUTE
    ../clib/microlib/printf/stubs.s          0x00000000   Number         0  stubs.o ABSOLUTE
    ../clib/microlib/stdio/streams.c         0x00000000   Number         0  stdout.o ABSOLUTE
    ../clib/microlib/string/memset.c         0x00000000   Number         0  memseta.o ABSOLUTE
    ../clib/microlib/stubs.s                 0x00000000   Number         0  iusefp.o ABSOLUTE
    ../fplib/microlib/fpadd.c                0x00000000   Number         0  dadd.o ABSOLUTE
    ../fplib/microlib/fpdiv.c                0x00000000   Number         0  ddiv.o ABSOLUTE
    ../fplib/microlib/fpepilogue.c           0x00000000   Number         0  depilogue.o ABSOLUTE
    ../fplib/microlib/fpfix.c                0x00000000   Number         0  dfixul.o ABSOLUTE
    ../fplib/microlib/fpfix.c                0x00000000   Number         0  dfixi.o ABSOLUTE
    ../fplib/microlib/fpflt.c                0x00000000   Number         0  dfltui.o ABSOLUTE
    ../fplib/microlib/fpflt.c                0x00000000   Number         0  dflti.o ABSOLUTE
    ../fplib/microlib/fpmul.c                0x00000000   Number         0  dmul.o ABSOLUTE
    ../fplib/microlib/fpneg.c                0x00000000   Number         0  dneg.o ABSOLUTE
    ../fplib/microlib/fpscalb.c              0x00000000   Number         0  dscalb.o ABSOLUTE
    ../fplib/microlib/fpsqrt.c               0x00000000   Number         0  dsqrt.o ABSOLUTE
    ../mathlib/atan.c                        0x00000000   Number         0  atan.o ABSOLUTE
    ../mathlib/atan.c                        0x00000000   Number         0  atan_x.o ABSOLUTE
    ../mathlib/cos_i.c                       0x00000000   Number         0  cos_i.o ABSOLUTE
    ../mathlib/dunder.c                      0x00000000   Number         0  dunder.o ABSOLUTE
    ../mathlib/fabs.c                        0x00000000   Number         0  fabs.o ABSOLUTE
    ../mathlib/fpclassify.c                  0x00000000   Number         0  fpclassify.o ABSOLUTE
    ../mathlib/poly.c                        0x00000000   Number         0  poly.o ABSOLUTE
    ../mathlib/pow.c                         0x00000000   Number         0  pow.o ABSOLUTE
    ../mathlib/pow.c                         0x00000000   Number         0  pow_x.o ABSOLUTE
    ../mathlib/qnan.c                        0x00000000   Number         0  qnan.o ABSOLUTE
    ../mathlib/rred.c                        0x00000000   Number         0  rred.o ABSOLUTE
    ../mathlib/sin.c                         0x00000000   Number         0  sin.o ABSOLUTE
    ../mathlib/sin.c                         0x00000000   Number         0  sin_x.o ABSOLUTE
    ../mathlib/sin_i.c                       0x00000000   Number         0  sin_i.o ABSOLUTE
    ../mathlib/sin_i.c                       0x00000000   Number         0  sin_i_x.o ABSOLUTE
    ../mathlib/sqrt.c                        0x00000000   Number         0  sqrt.o ABSOLUTE
    ../mathlib/sqrt.c                        0x00000000   Number         0  sqrt_x.o ABSOLUTE
    ..\Core\Src\gpio.c                       0x00000000   Number         0  gpio.o ABSOLUTE
    ..\Core\Src\main.c                       0x00000000   Number         0  main.o ABSOLUTE
    ..\Core\Src\spi.c                        0x00000000   Number         0  spi.o ABSOLUTE
    ..\Core\Src\stm32g4xx_hal_msp.c          0x00000000   Number         0  stm32g4xx_hal_msp.o ABSOLUTE
    ..\Core\Src\stm32g4xx_it.c               0x00000000   Number         0  stm32g4xx_it.o ABSOLUTE
    ..\Core\Src\system_stm32g4xx.c           0x00000000   Number         0  system_stm32g4xx.o ABSOLUTE
    ..\Core\Src\usart.c                      0x00000000   Number         0  usart.o ABSOLUTE
    ..\Drivers\STM32G4xx_HAL_Driver\Src\stm32g4xx_hal.c 0x00000000   Number         0  stm32g4xx_hal.o ABSOLUTE
    ..\Drivers\STM32G4xx_HAL_Driver\Src\stm32g4xx_hal_cortex.c 0x00000000   Number         0  stm32g4xx_hal_cortex.o ABSOLUTE
    ..\Drivers\STM32G4xx_HAL_Driver\Src\stm32g4xx_hal_dma.c 0x00000000   Number         0  stm32g4xx_hal_dma.o ABSOLUTE
    ..\Drivers\STM32G4xx_HAL_Driver\Src\stm32g4xx_hal_dma_ex.c 0x00000000   Number         0  stm32g4xx_hal_dma_ex.o ABSOLUTE
    ..\Drivers\STM32G4xx_HAL_Driver\Src\stm32g4xx_hal_exti.c 0x00000000   Number         0  stm32g4xx_hal_exti.o ABSOLUTE
    ..\Drivers\STM32G4xx_HAL_Driver\Src\stm32g4xx_hal_flash.c 0x00000000   Number         0  stm32g4xx_hal_flash.o ABSOLUTE
    ..\Drivers\STM32G4xx_HAL_Driver\Src\stm32g4xx_hal_flash_ex.c 0x00000000   Number         0  stm32g4xx_hal_flash_ex.o ABSOLUTE
    ..\Drivers\STM32G4xx_HAL_Driver\Src\stm32g4xx_hal_flash_ramfunc.c 0x00000000   Number         0  stm32g4xx_hal_flash_ramfunc.o ABSOLUTE
    ..\Drivers\STM32G4xx_HAL_Driver\Src\stm32g4xx_hal_gpio.c 0x00000000   Number         0  stm32g4xx_hal_gpio.o ABSOLUTE
    ..\Drivers\STM32G4xx_HAL_Driver\Src\stm32g4xx_hal_pwr.c 0x00000000   Number         0  stm32g4xx_hal_pwr.o ABSOLUTE
    ..\Drivers\STM32G4xx_HAL_Driver\Src\stm32g4xx_hal_pwr_ex.c 0x00000000   Number         0  stm32g4xx_hal_pwr_ex.o ABSOLUTE
    ..\Drivers\STM32G4xx_HAL_Driver\Src\stm32g4xx_hal_rcc.c 0x00000000   Number         0  stm32g4xx_hal_rcc.o ABSOLUTE
    ..\Drivers\STM32G4xx_HAL_Driver\Src\stm32g4xx_hal_rcc_ex.c 0x00000000   Number         0  stm32g4xx_hal_rcc_ex.o ABSOLUTE
    ..\Drivers\STM32G4xx_HAL_Driver\Src\stm32g4xx_hal_spi.c 0x00000000   Number         0  stm32g4xx_hal_spi.o ABSOLUTE
    ..\Drivers\STM32G4xx_HAL_Driver\Src\stm32g4xx_hal_spi_ex.c 0x00000000   Number         0  stm32g4xx_hal_spi_ex.o ABSOLUTE
    ..\Drivers\STM32G4xx_HAL_Driver\Src\stm32g4xx_hal_tim.c 0x00000000   Number         0  stm32g4xx_hal_tim.o ABSOLUTE
    ..\Drivers\STM32G4xx_HAL_Driver\Src\stm32g4xx_hal_tim_ex.c 0x00000000   Number         0  stm32g4xx_hal_tim_ex.o ABSOLUTE
    ..\Drivers\STM32G4xx_HAL_Driver\Src\stm32g4xx_hal_uart.c 0x00000000   Number         0  stm32g4xx_hal_uart.o ABSOLUTE
    ..\Drivers\STM32G4xx_HAL_Driver\Src\stm32g4xx_hal_uart_ex.c 0x00000000   Number         0  stm32g4xx_hal_uart_ex.o ABSOLUTE
    ..\Users\Src\AD719X.c                    0x00000000   Number         0  ad719x.o ABSOLUTE
    ..\Users\Src\TpLockInAmp.c               0x00000000   Number         0  tplockinamp.o ABSOLUTE
    ..\Users\Src\Usermain.c                  0x00000000   Number         0  usermain.o ABSOLUTE
    ..\\Users\\Src\\AD719X.c                 0x00000000   Number         0  ad719x.o ABSOLUTE
    ..\\Users\\Src\\Usermain.c               0x00000000   Number         0  usermain.o ABSOLUTE
    cdcmple.s                                0x00000000   Number         0  cdcmple.o ABSOLUTE
    cdrcmple.s                               0x00000000   Number         0  cdrcmple.o ABSOLUTE
    dc.s                                     0x00000000   Number         0  dc.o ABSOLUTE
    handlers.s                               0x00000000   Number         0  handlers.o ABSOLUTE
    init.s                                   0x00000000   Number         0  init.o ABSOLUTE
    startup_stm32g431xx.s                    0x00000000   Number         0  startup_stm32g431xx.o ABSOLUTE
    RESET                                    0x08000000   Section      472  startup_stm32g431xx.o(RESET)
    .ARM.Collect$$$$00000000                 0x080001d8   Section        0  entry.o(.ARM.Collect$$$$00000000)
    .ARM.Collect$$$$00000001                 0x080001d8   Section        4  entry2.o(.ARM.Collect$$$$00000001)
    .ARM.Collect$$$$00000004                 0x080001dc   Section        4  entry5.o(.ARM.Collect$$$$00000004)
    .ARM.Collect$$$$00000008                 0x080001e0   Section        0  entry7b.o(.ARM.Collect$$$$00000008)
    .ARM.Collect$$$$0000000A                 0x080001e0   Section        0  entry8b.o(.ARM.Collect$$$$0000000A)
    .ARM.Collect$$$$0000000B                 0x080001e0   Section        8  entry9a.o(.ARM.Collect$$$$0000000B)
    .ARM.Collect$$$$0000000E                 0x080001e8   Section        4  entry12b.o(.ARM.Collect$$$$0000000E)
    .ARM.Collect$$$$0000000F                 0x080001ec   Section        0  entry10a.o(.ARM.Collect$$$$0000000F)
    .ARM.Collect$$$$00000011                 0x080001ec   Section        0  entry11a.o(.ARM.Collect$$$$00000011)
    .ARM.Collect$$$$00002712                 0x080001ec   Section        4  entry2.o(.ARM.Collect$$$$00002712)
    __lit__00000000                          0x080001ec   Data           4  entry2.o(.ARM.Collect$$$$00002712)
    .text                                    0x080001f0   Section       36  startup_stm32g431xx.o(.text)
    $v0                                      0x080001f0   Number         0  startup_stm32g431xx.o(.text)
    .text                                    0x08000214   Section        0  uldiv.o(.text)
    .text                                    0x08000276   Section        0  memseta.o(.text)
    .text                                    0x0800029a   Section        0  dadd.o(.text)
    .text                                    0x080003e8   Section        0  dmul.o(.text)
    .text                                    0x080004cc   Section        0  ddiv.o(.text)
    .text                                    0x080005aa   Section        0  dfltui.o(.text)
    .text                                    0x080005c4   Section       48  cdcmple.o(.text)
    .text                                    0x080005f4   Section       48  cdrcmple.o(.text)
    .text                                    0x08000624   Section        0  uidiv.o(.text)
    .text                                    0x08000650   Section        0  llshl.o(.text)
    .text                                    0x0800066e   Section        0  llushr.o(.text)
    .text                                    0x0800068e   Section        0  llsshr.o(.text)
    .text                                    0x080006b2   Section        0  iusefp.o(.text)
    .text                                    0x080006b2   Section        0  depilogue.o(.text)
    .text                                    0x0800076c   Section        0  dscalb.o(.text)
    .text                                    0x0800079a   Section        0  dsqrt.o(.text)
    .text                                    0x0800083c   Section        0  dflti.o(.text)
    .text                                    0x0800085e   Section        0  dfixul.o(.text)
    .text                                    0x08000890   Section       36  init.o(.text)
    .text                                    0x080008b4   Section        0  dfixi.o(.text)
    i.AD7190_RST                             0x080008f4   Section        0  ad719x.o(i.AD7190_RST)
    i.AD7190_ReadDataContinous               0x0800091c   Section        0  ad719x.o(i.AD7190_ReadDataContinous)
    i.AD7190_ValueConversion                 0x08000a04   Section        0  ad719x.o(i.AD7190_ValueConversion)
    i.AD7190_WR_ConfigReg                    0x08000a80   Section        0  ad719x.o(i.AD7190_WR_ConfigReg)
    i.AD7190_WR_ModeReg                      0x08000ac0   Section        0  ad719x.o(i.AD7190_WR_ModeReg)
    i.BusFault_Handler                       0x08000b00   Section        0  stm32g4xx_it.o(i.BusFault_Handler)
    i.DebugMon_Handler                       0x08000b04   Section        0  stm32g4xx_it.o(i.DebugMon_Handler)
    i.Error_Handler                          0x08000b06   Section        0  main.o(i.Error_Handler)
    i.HAL_GPIO_Init                          0x08000b0c   Section        0  stm32g4xx_hal_gpio.o(i.HAL_GPIO_Init)
    i.HAL_GPIO_WritePin                      0x08000ce4   Section        0  stm32g4xx_hal_gpio.o(i.HAL_GPIO_WritePin)
    i.HAL_GetTick                            0x08000cf0   Section        0  stm32g4xx_hal.o(i.HAL_GetTick)
    i.HAL_IncTick                            0x08000cfc   Section        0  stm32g4xx_hal.o(i.HAL_IncTick)
    i.HAL_Init                               0x08000d14   Section        0  stm32g4xx_hal.o(i.HAL_Init)
    i.HAL_InitTick                           0x08000d34   Section        0  stm32g4xx_hal.o(i.HAL_InitTick)
    i.HAL_MspInit                            0x08000d8c   Section        0  stm32g4xx_hal_msp.o(i.HAL_MspInit)
    i.HAL_NVIC_SetPriority                   0x08000dd0   Section        0  stm32g4xx_hal_cortex.o(i.HAL_NVIC_SetPriority)
    i.HAL_NVIC_SetPriorityGrouping           0x08000e4c   Section        0  stm32g4xx_hal_cortex.o(i.HAL_NVIC_SetPriorityGrouping)
    i.HAL_PWREx_ControlVoltageScaling        0x08000e74   Section        0  stm32g4xx_hal_pwr_ex.o(i.HAL_PWREx_ControlVoltageScaling)
    i.HAL_PWREx_DisableUCPDDeadBattery       0x08000f8c   Section        0  stm32g4xx_hal_pwr_ex.o(i.HAL_PWREx_DisableUCPDDeadBattery)
    i.HAL_RCCEx_PeriphCLKConfig              0x08000fa0   Section        0  stm32g4xx_hal_rcc_ex.o(i.HAL_RCCEx_PeriphCLKConfig)
    i.HAL_RCC_ClockConfig                    0x08001310   Section        0  stm32g4xx_hal_rcc.o(i.HAL_RCC_ClockConfig)
    i.HAL_RCC_GetHCLKFreq                    0x08001534   Section        0  stm32g4xx_hal_rcc.o(i.HAL_RCC_GetHCLKFreq)
    i.HAL_RCC_GetPCLK1Freq                   0x08001540   Section        0  stm32g4xx_hal_rcc.o(i.HAL_RCC_GetPCLK1Freq)
    i.HAL_RCC_GetPCLK2Freq                   0x08001564   Section        0  stm32g4xx_hal_rcc.o(i.HAL_RCC_GetPCLK2Freq)
    i.HAL_RCC_GetSysClockFreq                0x08001588   Section        0  stm32g4xx_hal_rcc.o(i.HAL_RCC_GetSysClockFreq)
    i.HAL_RCC_OscConfig                      0x08001620   Section        0  stm32g4xx_hal_rcc.o(i.HAL_RCC_OscConfig)
    i.HAL_SPI_Init                           0x08001b88   Section        0  stm32g4xx_hal_spi.o(i.HAL_SPI_Init)
    i.HAL_SPI_MspInit                        0x08001c84   Section        0  spi.o(i.HAL_SPI_MspInit)
    i.HAL_SPI_Receive                        0x08001d30   Section        0  stm32g4xx_hal_spi.o(i.HAL_SPI_Receive)
    i.HAL_SPI_Transmit                       0x08001ed6   Section        0  stm32g4xx_hal_spi.o(i.HAL_SPI_Transmit)
    i.HAL_SPI_TransmitReceive                0x080020c0   Section        0  stm32g4xx_hal_spi.o(i.HAL_SPI_TransmitReceive)
    i.HAL_SYSTICK_Config                     0x0800237c   Section        0  stm32g4xx_hal_cortex.o(i.HAL_SYSTICK_Config)
    i.HAL_UARTEx_DisableFifoMode             0x080023b0   Section        0  stm32g4xx_hal_uart_ex.o(i.HAL_UARTEx_DisableFifoMode)
    i.HAL_UARTEx_SetRxFifoThreshold          0x080023fe   Section        0  stm32g4xx_hal_uart_ex.o(i.HAL_UARTEx_SetRxFifoThreshold)
    i.HAL_UARTEx_SetTxFifoThreshold          0x0800245c   Section        0  stm32g4xx_hal_uart_ex.o(i.HAL_UARTEx_SetTxFifoThreshold)
    i.HAL_UART_Init                          0x080024ba   Section        0  stm32g4xx_hal_uart.o(i.HAL_UART_Init)
    i.HAL_UART_MspInit                       0x08002534   Section        0  usart.o(i.HAL_UART_MspInit)
    i.HAL_UART_Transmit                      0x080025ac   Section        0  stm32g4xx_hal_uart.o(i.HAL_UART_Transmit)
    i.HardFault_Handler                      0x08002682   Section        0  stm32g4xx_it.o(i.HardFault_Handler)
    i.MX_GPIO_Init                           0x08002688   Section        0  gpio.o(i.MX_GPIO_Init)
    i.MX_SPI1_Init                           0x0800272c   Section        0  spi.o(i.MX_SPI1_Init)
    i.MX_USART1_UART_Init                    0x0800277c   Section        0  usart.o(i.MX_USART1_UART_Init)
    i.MemManage_Handler                      0x080027e8   Section        0  stm32g4xx_it.o(i.MemManage_Handler)
    i.NMI_Handler                            0x080027ec   Section        0  stm32g4xx_it.o(i.NMI_Handler)
    i.PendSV_Handler                         0x080027f0   Section        0  stm32g4xx_it.o(i.PendSV_Handler)
    i.RCC_GetSysClockFreqFromPLLSource       0x080027f4   Section        0  stm32g4xx_hal_rcc.o(i.RCC_GetSysClockFreqFromPLLSource)
    RCC_GetSysClockFreqFromPLLSource         0x080027f5   Thumb Code    90  stm32g4xx_hal_rcc.o(i.RCC_GetSysClockFreqFromPLLSource)
    i.SPI_EndRxTransaction                   0x0800285c   Section        0  stm32g4xx_hal_spi.o(i.SPI_EndRxTransaction)
    SPI_EndRxTransaction                     0x0800285d   Thumb Code   130  stm32g4xx_hal_spi.o(i.SPI_EndRxTransaction)
    i.SPI_EndRxTxTransaction                 0x080028de   Section        0  stm32g4xx_hal_spi.o(i.SPI_EndRxTxTransaction)
    SPI_EndRxTxTransaction                   0x080028df   Thumb Code   100  stm32g4xx_hal_spi.o(i.SPI_EndRxTxTransaction)
    i.SPI_WaitFifoStateUntilTimeout          0x08002944   Section        0  stm32g4xx_hal_spi.o(i.SPI_WaitFifoStateUntilTimeout)
    SPI_WaitFifoStateUntilTimeout            0x08002945   Thumb Code   226  stm32g4xx_hal_spi.o(i.SPI_WaitFifoStateUntilTimeout)
    i.SPI_WaitFlagStateUntilTimeout          0x08002a2c   Section        0  stm32g4xx_hal_spi.o(i.SPI_WaitFlagStateUntilTimeout)
    SPI_WaitFlagStateUntilTimeout            0x08002a2d   Thumb Code   210  stm32g4xx_hal_spi.o(i.SPI_WaitFlagStateUntilTimeout)
    i.SVC_Handler                            0x08002b04   Section        0  stm32g4xx_it.o(i.SVC_Handler)
    i.SysTick_Handler                        0x08002b06   Section        0  stm32g4xx_it.o(i.SysTick_Handler)
    i.SystemClock_Config                     0x08002b0e   Section        0  main.o(i.SystemClock_Config)
    i.SystemInit                             0x08002b98   Section        0  system_stm32g4xx.o(i.SystemInit)
    i.T_CICCompensationDecimator_Init        0x08002bac   Section        0  tplockinamp.o(i.T_CICCompensationDecimator_Init)
    i.T_CICCompensationDecimator_Term        0x08002c7c   Section        0  tplockinamp.o(i.T_CICCompensationDecimator_Term)
    i.TpLockInAmp_initialize                 0x08002cb0   Section        0  tplockinamp.o(i.TpLockInAmp_initialize)
    i.TpLockInAmp_step                       0x08002cf4   Section        0  tplockinamp.o(i.TpLockInAmp_step)
    i.TpLockInAmp_terminate                  0x08003400   Section        0  tplockinamp.o(i.TpLockInAmp_terminate)
    i.TpLock_CICCompensationDecimator        0x08003418   Section        0  tplockinamp.o(i.TpLock_CICCompensationDecimator)
    i.UARTEx_SetNbDataToProcess              0x08003684   Section        0  stm32g4xx_hal_uart_ex.o(i.UARTEx_SetNbDataToProcess)
    UARTEx_SetNbDataToProcess                0x08003685   Thumb Code    78  stm32g4xx_hal_uart_ex.o(i.UARTEx_SetNbDataToProcess)
    i.UART_AdvFeatureConfig                  0x080036dc   Section        0  stm32g4xx_hal_uart.o(i.UART_AdvFeatureConfig)
    i.UART_CheckIdleState                    0x080037d4   Section        0  stm32g4xx_hal_uart.o(i.UART_CheckIdleState)
    i.UART_SetConfig                         0x0800384c   Section        0  stm32g4xx_hal_uart.o(i.UART_SetConfig)
    i.UART_WaitOnFlagUntilTimeout            0x08003bd8   Section        0  stm32g4xx_hal_uart.o(i.UART_WaitOnFlagUntilTimeout)
    i.UsageFault_Handler                     0x08003c96   Section        0  stm32g4xx_it.o(i.UsageFault_Handler)
    i.Usermain                               0x08003c9c   Section        0  usermain.o(i.Usermain)
    i.__0printf                              0x08003d9c   Section        0  printfa.o(i.__0printf)
    i.__ARM_fpclassify                       0x08003dbc   Section        0  fpclassify.o(i.__ARM_fpclassify)
    i.__NVIC_GetPriorityGrouping             0x08003dec   Section        0  stm32g4xx_hal_cortex.o(i.__NVIC_GetPriorityGrouping)
    __NVIC_GetPriorityGrouping               0x08003ded   Thumb Code    10  stm32g4xx_hal_cortex.o(i.__NVIC_GetPriorityGrouping)
    i.__NVIC_SetPriority                     0x08003dfc   Section        0  stm32g4xx_hal_cortex.o(i.__NVIC_SetPriority)
    __NVIC_SetPriority                       0x08003dfd   Thumb Code    32  stm32g4xx_hal_cortex.o(i.__NVIC_SetPriority)
    i.__hardfp_atan                          0x08003e28   Section        0  atan.o(i.__hardfp_atan)
    i.__hardfp_pow                           0x08004100   Section        0  pow.o(i.__hardfp_pow)
    i.__hardfp_sin                           0x08004d50   Section        0  sin.o(i.__hardfp_sin)
    i.__hardfp_sqrt                          0x08004e18   Section        0  sqrt.o(i.__hardfp_sqrt)
    i.__ieee754_rem_pio2                     0x08004e98   Section        0  rred.o(i.__ieee754_rem_pio2)
    i.__kernel_cos                           0x080052d0   Section        0  cos_i.o(i.__kernel_cos)
    i.__kernel_poly                          0x08005440   Section        0  poly.o(i.__kernel_poly)
    i.__kernel_sin                           0x08005538   Section        0  sin_i.o(i.__kernel_sin)
    i.__mathlib_dbl_divzero                  0x08005668   Section        0  dunder.o(i.__mathlib_dbl_divzero)
    i.__mathlib_dbl_infnan                   0x08005698   Section        0  dunder.o(i.__mathlib_dbl_infnan)
    i.__mathlib_dbl_infnan2                  0x080056ac   Section        0  dunder.o(i.__mathlib_dbl_infnan2)
    i.__mathlib_dbl_invalid                  0x080056c0   Section        0  dunder.o(i.__mathlib_dbl_invalid)
    i.__mathlib_dbl_overflow                 0x080056e0   Section        0  dunder.o(i.__mathlib_dbl_overflow)
    i.__mathlib_dbl_underflow                0x08005700   Section        0  dunder.o(i.__mathlib_dbl_underflow)
    i.__scatterload_copy                     0x08005720   Section       14  handlers.o(i.__scatterload_copy)
    i.__scatterload_null                     0x0800572e   Section        2  handlers.o(i.__scatterload_null)
    i.__scatterload_zeroinit                 0x08005730   Section       14  handlers.o(i.__scatterload_zeroinit)
    i.__set_errno                            0x08005740   Section        0  errno.o(i.__set_errno)
    i._fp_digits                             0x0800574c   Section        0  printfa.o(i._fp_digits)
    _fp_digits                               0x0800574d   Thumb Code   366  printfa.o(i._fp_digits)
    i._printf_core                           0x080058d0   Section        0  printfa.o(i._printf_core)
    _printf_core                             0x080058d1   Thumb Code  1704  printfa.o(i._printf_core)
    i._printf_post_padding                   0x08005f84   Section        0  printfa.o(i._printf_post_padding)
    _printf_post_padding                     0x08005f85   Thumb Code    36  printfa.o(i._printf_post_padding)
    i._printf_pre_padding                    0x08005fa8   Section        0  printfa.o(i._printf_pre_padding)
    _printf_pre_padding                      0x08005fa9   Thumb Code    46  printfa.o(i._printf_pre_padding)
    i.fabs                                   0x08005fd6   Section        0  fabs.o(i.fabs)
    i.fputc                                  0x08005ff0   Section        0  usermain.o(i.fputc)
    i.main                                   0x0800600c   Section        0  main.o(i.main)
    i.rate_scheduler                         0x08006028   Section        0  tplockinamp.o(i.rate_scheduler)
    rate_scheduler                           0x08006029   Thumb Code    70  tplockinamp.o(i.rate_scheduler)
    i.sqrt                                   0x08006074   Section        0  sqrt.o(i.sqrt)
    .constdata                               0x080060e2   Section       24  stm32g4xx_hal_uart.o(.constdata)
    .constdata                               0x080060fa   Section       16  stm32g4xx_hal_uart_ex.o(.constdata)
    numerator                                0x080060fa   Data           8  stm32g4xx_hal_uart_ex.o(.constdata)
    denominator                              0x08006102   Data           8  stm32g4xx_hal_uart_ex.o(.constdata)
    .constdata                               0x0800610a   Section       24  system_stm32g4xx.o(.constdata)
    .constdata                               0x08006128   Section     4360  tplockinamp.o(.constdata)
    tmp                                      0x08006130   Data        4352  tplockinamp.o(.constdata)
    .constdata                               0x08007230   Section      152  atan.o(.constdata)
    atanhi                                   0x08007230   Data          32  atan.o(.constdata)
    atanlo                                   0x08007250   Data          32  atan.o(.constdata)
    aTodd                                    0x08007270   Data          40  atan.o(.constdata)
    aTeven                                   0x08007298   Data          48  atan.o(.constdata)
    .constdata                               0x080072c8   Section      136  pow.o(.constdata)
    bp                                       0x080072c8   Data          16  pow.o(.constdata)
    dp_h                                     0x080072d8   Data          16  pow.o(.constdata)
    dp_l                                     0x080072e8   Data          16  pow.o(.constdata)
    L                                        0x080072f8   Data          48  pow.o(.constdata)
    P                                        0x08007328   Data          40  pow.o(.constdata)
    .constdata                               0x08007350   Section       48  cos_i.o(.constdata)
    C                                        0x08007350   Data          48  cos_i.o(.constdata)
    .constdata                               0x08007380   Section        8  qnan.o(.constdata)
    .constdata                               0x08007388   Section      200  rred.o(.constdata)
    pio2s                                    0x08007388   Data          48  rred.o(.constdata)
    twooverpi                                0x080073b8   Data         152  rred.o(.constdata)
    .constdata                               0x08007450   Section       40  sin_i.o(.constdata)
    S                                        0x08007450   Data          40  sin_i.o(.constdata)
    .data                                    0x20000000   Section       12  stm32g4xx_hal.o(.data)
    .data                                    0x2000000c   Section        4  system_stm32g4xx.o(.data)
    .data                                    0x20000010   Section       25  usermain.o(.data)
    .data                                    0x20000030   Section       32  tplockinamp.o(.data)
    TpLockInAmp_M_                           0x20000030   Data           8  tplockinamp.o(.data)
    .data                                    0x20000050   Section        4  stdout.o(.data)
    .data                                    0x20000054   Section        4  errno.o(.data)
    _errno                                   0x20000054   Data           4  errno.o(.data)
    .bss                                     0x20000058   Section      100  spi.o(.bss)
    .bss                                     0x200000bc   Section      144  usart.o(.bss)
    .bss                                     0x20000150   Section     8192  usermain.o(.bss)
    .bss                                     0x20002150   Section     4096  ad719x.o(.bss)
    .bss                                     0x20003150   Section    17904  tplockinamp.o(.bss)
    STACK                                    0x20007740   Section     1024  startup_stm32g431xx.o(STACK)

    Global Symbols

    Symbol Name                              Value     Ov Type        Size  Object(Section)

    BuildAttributes$$THM_ISAv4$E$P$D$K$B$S$7EM$VFPi3$EXTD16$VFPS$VFMA$PE$A:L22UL41UL21$X:L11$S22US41US21$IEEE1$IW$USESV6$~STKCKD$USESV7$~SHL$OTIME$ROPI$IEEEX$EBA8$MICROLIB$REQ8$PRES8$EABIv2 0x00000000   Number         0  anon$$obj.o ABSOLUTE
    __ARM_use_no_argv                        0x00000000   Number         0  main.o ABSOLUTE
    _printf_a                                0x00000000   Number         0  stubs.o ABSOLUTE
    _printf_c                                0x00000000   Number         0  stubs.o ABSOLUTE
    _printf_charcount                        0x00000000   Number         0  stubs.o ABSOLUTE
    _printf_d                                0x00000000   Number         0  stubs.o ABSOLUTE
    _printf_e                                0x00000000   Number         0  stubs.o ABSOLUTE
    _printf_f                                0x00000000   Number         0  stubs.o ABSOLUTE
    _printf_flags                            0x00000000   Number         0  stubs.o ABSOLUTE
    _printf_fp_dec                           0x00000000   Number         0  stubs.o ABSOLUTE
    _printf_fp_hex                           0x00000000   Number         0  stubs.o ABSOLUTE
    _printf_g                                0x00000000   Number         0  stubs.o ABSOLUTE
    _printf_i                                0x00000000   Number         0  stubs.o ABSOLUTE
    _printf_int_dec                          0x00000000   Number         0  stubs.o ABSOLUTE
    _printf_l                                0x00000000   Number         0  stubs.o ABSOLUTE
    _printf_lc                               0x00000000   Number         0  stubs.o ABSOLUTE
    _printf_ll                               0x00000000   Number         0  stubs.o ABSOLUTE
    _printf_lld                              0x00000000   Number         0  stubs.o ABSOLUTE
    _printf_lli                              0x00000000   Number         0  stubs.o ABSOLUTE
    _printf_llo                              0x00000000   Number         0  stubs.o ABSOLUTE
    _printf_llu                              0x00000000   Number         0  stubs.o ABSOLUTE
    _printf_llx                              0x00000000   Number         0  stubs.o ABSOLUTE
    _printf_longlong_dec                     0x00000000   Number         0  stubs.o ABSOLUTE
    _printf_longlong_hex                     0x00000000   Number         0  stubs.o ABSOLUTE
    _printf_longlong_oct                     0x00000000   Number         0  stubs.o ABSOLUTE
    _printf_ls                               0x00000000   Number         0  stubs.o ABSOLUTE
    _printf_mbtowc                           0x00000000   Number         0  stubs.o ABSOLUTE
    _printf_n                                0x00000000   Number         0  stubs.o ABSOLUTE
    _printf_o                                0x00000000   Number         0  stubs.o ABSOLUTE
    _printf_p                                0x00000000   Number         0  stubs.o ABSOLUTE
    _printf_percent                          0x00000000   Number         0  stubs.o ABSOLUTE
    _printf_pre_padding                      0x00000000   Number         0  stubs.o ABSOLUTE
    _printf_return_value                     0x00000000   Number         0  stubs.o ABSOLUTE
    _printf_s                                0x00000000   Number         0  stubs.o ABSOLUTE
    _printf_sizespec                         0x00000000   Number         0  stubs.o ABSOLUTE
    _printf_str                              0x00000000   Number         0  stubs.o ABSOLUTE
    _printf_truncate_signed                  0x00000000   Number         0  stubs.o ABSOLUTE
    _printf_truncate_unsigned                0x00000000   Number         0  stubs.o ABSOLUTE
    _printf_u                                0x00000000   Number         0  stubs.o ABSOLUTE
    _printf_wc                               0x00000000   Number         0  stubs.o ABSOLUTE
    _printf_wctomb                           0x00000000   Number         0  stubs.o ABSOLUTE
    _printf_widthprec                        0x00000000   Number         0  stubs.o ABSOLUTE
    _printf_x                                0x00000000   Number         0  stubs.o ABSOLUTE
    __arm_fini_                               - Undefined Weak Reference
    __cpp_initialize__aeabi_                  - Undefined Weak Reference
    __cxa_finalize                            - Undefined Weak Reference
    __decompress                              - Undefined Weak Reference
    _clock_init                               - Undefined Weak Reference
    _microlib_exit                            - Undefined Weak Reference
    __Vectors_Size                           0x000001d8   Number         0  startup_stm32g431xx.o ABSOLUTE
    __Vectors                                0x08000000   Data           4  startup_stm32g431xx.o(RESET)
    __Vectors_End                            0x080001d8   Data           0  startup_stm32g431xx.o(RESET)
    __main                                   0x080001d9   Thumb Code     0  entry.o(.ARM.Collect$$$$00000000)
    _main_stk                                0x080001d9   Thumb Code     0  entry2.o(.ARM.Collect$$$$00000001)
    _main_scatterload                        0x080001dd   Thumb Code     0  entry5.o(.ARM.Collect$$$$00000004)
    __main_after_scatterload                 0x080001e1   Thumb Code     0  entry5.o(.ARM.Collect$$$$00000004)
    _main_clock                              0x080001e1   Thumb Code     0  entry7b.o(.ARM.Collect$$$$00000008)
    _main_cpp_init                           0x080001e1   Thumb Code     0  entry8b.o(.ARM.Collect$$$$0000000A)
    _main_init                               0x080001e1   Thumb Code     0  entry9a.o(.ARM.Collect$$$$0000000B)
    __rt_lib_shutdown_fini                   0x080001e9   Thumb Code     0  entry12b.o(.ARM.Collect$$$$0000000E)
    __rt_final_cpp                           0x080001ed   Thumb Code     0  entry10a.o(.ARM.Collect$$$$0000000F)
    __rt_final_exit                          0x080001ed   Thumb Code     0  entry11a.o(.ARM.Collect$$$$00000011)
    Reset_Handler                            0x080001f1   Thumb Code     8  startup_stm32g431xx.o(.text)
    ADC1_2_IRQHandler                        0x0800020b   Thumb Code     0  startup_stm32g431xx.o(.text)
    COMP1_2_3_IRQHandler                     0x0800020b   Thumb Code     0  startup_stm32g431xx.o(.text)
    COMP4_IRQHandler                         0x0800020b   Thumb Code     0  startup_stm32g431xx.o(.text)
    CORDIC_IRQHandler                        0x0800020b   Thumb Code     0  startup_stm32g431xx.o(.text)
    CRS_IRQHandler                           0x0800020b   Thumb Code     0  startup_stm32g431xx.o(.text)
    DMA1_Channel1_IRQHandler                 0x0800020b   Thumb Code     0  startup_stm32g431xx.o(.text)
    DMA1_Channel2_IRQHandler                 0x0800020b   Thumb Code     0  startup_stm32g431xx.o(.text)
    DMA1_Channel3_IRQHandler                 0x0800020b   Thumb Code     0  startup_stm32g431xx.o(.text)
    DMA1_Channel4_IRQHandler                 0x0800020b   Thumb Code     0  startup_stm32g431xx.o(.text)
    DMA1_Channel5_IRQHandler                 0x0800020b   Thumb Code     0  startup_stm32g431xx.o(.text)
    DMA1_Channel6_IRQHandler                 0x0800020b   Thumb Code     0  startup_stm32g431xx.o(.text)
    DMA2_Channel1_IRQHandler                 0x0800020b   Thumb Code     0  startup_stm32g431xx.o(.text)
    DMA2_Channel2_IRQHandler                 0x0800020b   Thumb Code     0  startup_stm32g431xx.o(.text)
    DMA2_Channel3_IRQHandler                 0x0800020b   Thumb Code     0  startup_stm32g431xx.o(.text)
    DMA2_Channel4_IRQHandler                 0x0800020b   Thumb Code     0  startup_stm32g431xx.o(.text)
    DMA2_Channel5_IRQHandler                 0x0800020b   Thumb Code     0  startup_stm32g431xx.o(.text)
    DMA2_Channel6_IRQHandler                 0x0800020b   Thumb Code     0  startup_stm32g431xx.o(.text)
    DMAMUX_OVR_IRQHandler                    0x0800020b   Thumb Code     0  startup_stm32g431xx.o(.text)
    EXTI0_IRQHandler                         0x0800020b   Thumb Code     0  startup_stm32g431xx.o(.text)
    EXTI15_10_IRQHandler                     0x0800020b   Thumb Code     0  startup_stm32g431xx.o(.text)
    EXTI1_IRQHandler                         0x0800020b   Thumb Code     0  startup_stm32g431xx.o(.text)
    EXTI2_IRQHandler                         0x0800020b   Thumb Code     0  startup_stm32g431xx.o(.text)
    EXTI3_IRQHandler                         0x0800020b   Thumb Code     0  startup_stm32g431xx.o(.text)
    EXTI4_IRQHandler                         0x0800020b   Thumb Code     0  startup_stm32g431xx.o(.text)
    EXTI9_5_IRQHandler                       0x0800020b   Thumb Code     0  startup_stm32g431xx.o(.text)
    FDCAN1_IT0_IRQHandler                    0x0800020b   Thumb Code     0  startup_stm32g431xx.o(.text)
    FDCAN1_IT1_IRQHandler                    0x0800020b   Thumb Code     0  startup_stm32g431xx.o(.text)
    FLASH_IRQHandler                         0x0800020b   Thumb Code     0  startup_stm32g431xx.o(.text)
    FMAC_IRQHandler                          0x0800020b   Thumb Code     0  startup_stm32g431xx.o(.text)
    FPU_IRQHandler                           0x0800020b   Thumb Code     0  startup_stm32g431xx.o(.text)
    I2C1_ER_IRQHandler                       0x0800020b   Thumb Code     0  startup_stm32g431xx.o(.text)
    I2C1_EV_IRQHandler                       0x0800020b   Thumb Code     0  startup_stm32g431xx.o(.text)
    I2C2_ER_IRQHandler                       0x0800020b   Thumb Code     0  startup_stm32g431xx.o(.text)
    I2C2_EV_IRQHandler                       0x0800020b   Thumb Code     0  startup_stm32g431xx.o(.text)
    I2C3_ER_IRQHandler                       0x0800020b   Thumb Code     0  startup_stm32g431xx.o(.text)
    I2C3_EV_IRQHandler                       0x0800020b   Thumb Code     0  startup_stm32g431xx.o(.text)
    LPTIM1_IRQHandler                        0x0800020b   Thumb Code     0  startup_stm32g431xx.o(.text)
    LPUART1_IRQHandler                       0x0800020b   Thumb Code     0  startup_stm32g431xx.o(.text)
    PVD_PVM_IRQHandler                       0x0800020b   Thumb Code     0  startup_stm32g431xx.o(.text)
    RCC_IRQHandler                           0x0800020b   Thumb Code     0  startup_stm32g431xx.o(.text)
    RNG_IRQHandler                           0x0800020b   Thumb Code     0  startup_stm32g431xx.o(.text)
    RTC_Alarm_IRQHandler                     0x0800020b   Thumb Code     0  startup_stm32g431xx.o(.text)
    RTC_TAMP_LSECSS_IRQHandler               0x0800020b   Thumb Code     0  startup_stm32g431xx.o(.text)
    RTC_WKUP_IRQHandler                      0x0800020b   Thumb Code     0  startup_stm32g431xx.o(.text)
    SAI1_IRQHandler                          0x0800020b   Thumb Code     0  startup_stm32g431xx.o(.text)
    SPI1_IRQHandler                          0x0800020b   Thumb Code     0  startup_stm32g431xx.o(.text)
    SPI2_IRQHandler                          0x0800020b   Thumb Code     0  startup_stm32g431xx.o(.text)
    SPI3_IRQHandler                          0x0800020b   Thumb Code     0  startup_stm32g431xx.o(.text)
    TIM1_BRK_TIM15_IRQHandler                0x0800020b   Thumb Code     0  startup_stm32g431xx.o(.text)
    TIM1_CC_IRQHandler                       0x0800020b   Thumb Code     0  startup_stm32g431xx.o(.text)
    TIM1_TRG_COM_TIM17_IRQHandler            0x0800020b   Thumb Code     0  startup_stm32g431xx.o(.text)
    TIM1_UP_TIM16_IRQHandler                 0x0800020b   Thumb Code     0  startup_stm32g431xx.o(.text)
    TIM2_IRQHandler                          0x0800020b   Thumb Code     0  startup_stm32g431xx.o(.text)
    TIM3_IRQHandler                          0x0800020b   Thumb Code     0  startup_stm32g431xx.o(.text)
    TIM4_IRQHandler                          0x0800020b   Thumb Code     0  startup_stm32g431xx.o(.text)
    TIM6_DAC_IRQHandler                      0x0800020b   Thumb Code     0  startup_stm32g431xx.o(.text)
    TIM7_IRQHandler                          0x0800020b   Thumb Code     0  startup_stm32g431xx.o(.text)
    TIM8_BRK_IRQHandler                      0x0800020b   Thumb Code     0  startup_stm32g431xx.o(.text)
    TIM8_CC_IRQHandler                       0x0800020b   Thumb Code     0  startup_stm32g431xx.o(.text)
    TIM8_TRG_COM_IRQHandler                  0x0800020b   Thumb Code     0  startup_stm32g431xx.o(.text)
    TIM8_UP_IRQHandler                       0x0800020b   Thumb Code     0  startup_stm32g431xx.o(.text)
    UART4_IRQHandler                         0x0800020b   Thumb Code     0  startup_stm32g431xx.o(.text)
    UCPD1_IRQHandler                         0x0800020b   Thumb Code     0  startup_stm32g431xx.o(.text)
    USART1_IRQHandler                        0x0800020b   Thumb Code     0  startup_stm32g431xx.o(.text)
    USART2_IRQHandler                        0x0800020b   Thumb Code     0  startup_stm32g431xx.o(.text)
    USART3_IRQHandler                        0x0800020b   Thumb Code     0  startup_stm32g431xx.o(.text)
    USBWakeUp_IRQHandler                     0x0800020b   Thumb Code     0  startup_stm32g431xx.o(.text)
    USB_HP_IRQHandler                        0x0800020b   Thumb Code     0  startup_stm32g431xx.o(.text)
    USB_LP_IRQHandler                        0x0800020b   Thumb Code     0  startup_stm32g431xx.o(.text)
    WWDG_IRQHandler                          0x0800020b   Thumb Code     0  startup_stm32g431xx.o(.text)
    __aeabi_uldivmod                         0x08000215   Thumb Code    98  uldiv.o(.text)
    __aeabi_memset                           0x08000277   Thumb Code    14  memseta.o(.text)
    __aeabi_memset4                          0x08000277   Thumb Code     0  memseta.o(.text)
    __aeabi_memset8                          0x08000277   Thumb Code     0  memseta.o(.text)
    __aeabi_memclr                           0x08000285   Thumb Code     4  memseta.o(.text)
    __aeabi_memclr4                          0x08000285   Thumb Code     0  memseta.o(.text)
    __aeabi_memclr8                          0x08000285   Thumb Code     0  memseta.o(.text)
    _memset$wrapper                          0x08000289   Thumb Code    18  memseta.o(.text)
    __aeabi_dadd                             0x0800029b   Thumb Code   322  dadd.o(.text)
    __aeabi_dsub                             0x080003dd   Thumb Code     6  dadd.o(.text)
    __aeabi_drsub                            0x080003e3   Thumb Code     6  dadd.o(.text)
    __aeabi_dmul                             0x080003e9   Thumb Code   228  dmul.o(.text)
    __aeabi_ddiv                             0x080004cd   Thumb Code   222  ddiv.o(.text)
    __aeabi_ui2d                             0x080005ab   Thumb Code    26  dfltui.o(.text)
    __aeabi_cdcmpeq                          0x080005c5   Thumb Code     0  cdcmple.o(.text)
    __aeabi_cdcmple                          0x080005c5   Thumb Code    48  cdcmple.o(.text)
    __aeabi_cdrcmple                         0x080005f5   Thumb Code    48  cdrcmple.o(.text)
    __aeabi_uidiv                            0x08000625   Thumb Code     0  uidiv.o(.text)
    __aeabi_uidivmod                         0x08000625   Thumb Code    44  uidiv.o(.text)
    __aeabi_llsl                             0x08000651   Thumb Code    30  llshl.o(.text)
    _ll_shift_l                              0x08000651   Thumb Code     0  llshl.o(.text)
    __aeabi_llsr                             0x0800066f   Thumb Code    32  llushr.o(.text)
    _ll_ushift_r                             0x0800066f   Thumb Code     0  llushr.o(.text)
    __aeabi_lasr                             0x0800068f   Thumb Code    36  llsshr.o(.text)
    _ll_sshift_r                             0x0800068f   Thumb Code     0  llsshr.o(.text)
    __I$use$fp                               0x080006b3   Thumb Code     0  iusefp.o(.text)
    _double_round                            0x080006b3   Thumb Code    30  depilogue.o(.text)
    _double_epilogue                         0x080006d1   Thumb Code   156  depilogue.o(.text)
    __ARM_scalbn                             0x0800076d   Thumb Code    46  dscalb.o(.text)
    scalbn                                   0x0800076d   Thumb Code     0  dscalb.o(.text)
    _dsqrt                                   0x0800079b   Thumb Code   162  dsqrt.o(.text)
    __aeabi_i2d                              0x0800083d   Thumb Code    34  dflti.o(.text)
    __aeabi_d2ulz                            0x0800085f   Thumb Code    48  dfixul.o(.text)
    __scatterload                            0x08000891   Thumb Code    28  init.o(.text)
    __scatterload_rt2                        0x08000891   Thumb Code     0  init.o(.text)
    __aeabi_d2iz                             0x080008b5   Thumb Code    62  dfixi.o(.text)
    AD7190_RST                               0x080008f5   Thumb Code    26  ad719x.o(i.AD7190_RST)
    AD7190_ReadDataContinous                 0x0800091d   Thumb Code   224  ad719x.o(i.AD7190_ReadDataContinous)
    AD7190_ValueConversion                   0x08000a05   Thumb Code    94  ad719x.o(i.AD7190_ValueConversion)
    AD7190_WR_ConfigReg                      0x08000a81   Thumb Code    60  ad719x.o(i.AD7190_WR_ConfigReg)
    AD7190_WR_ModeReg                        0x08000ac1   Thumb Code    60  ad719x.o(i.AD7190_WR_ModeReg)
    BusFault_Handler                         0x08000b01   Thumb Code     4  stm32g4xx_it.o(i.BusFault_Handler)
    DebugMon_Handler                         0x08000b05   Thumb Code     2  stm32g4xx_it.o(i.DebugMon_Handler)
    Error_Handler                            0x08000b07   Thumb Code     6  main.o(i.Error_Handler)
    HAL_GPIO_Init                            0x08000b0d   Thumb Code   438  stm32g4xx_hal_gpio.o(i.HAL_GPIO_Init)
    HAL_GPIO_WritePin                        0x08000ce5   Thumb Code    10  stm32g4xx_hal_gpio.o(i.HAL_GPIO_WritePin)
    HAL_GetTick                              0x08000cf1   Thumb Code     6  stm32g4xx_hal.o(i.HAL_GetTick)
    HAL_IncTick                              0x08000cfd   Thumb Code    16  stm32g4xx_hal.o(i.HAL_IncTick)
    HAL_Init                                 0x08000d15   Thumb Code    30  stm32g4xx_hal.o(i.HAL_Init)
    HAL_InitTick                             0x08000d35   Thumb Code    74  stm32g4xx_hal.o(i.HAL_InitTick)
    HAL_MspInit                              0x08000d8d   Thumb Code    62  stm32g4xx_hal_msp.o(i.HAL_MspInit)
    HAL_NVIC_SetPriority                     0x08000dd1   Thumb Code   122  stm32g4xx_hal_cortex.o(i.HAL_NVIC_SetPriority)
    HAL_NVIC_SetPriorityGrouping             0x08000e4d   Thumb Code    32  stm32g4xx_hal_cortex.o(i.HAL_NVIC_SetPriorityGrouping)
    HAL_PWREx_ControlVoltageScaling          0x08000e75   Thumb Code   268  stm32g4xx_hal_pwr_ex.o(i.HAL_PWREx_ControlVoltageScaling)
    HAL_PWREx_DisableUCPDDeadBattery         0x08000f8d   Thumb Code    14  stm32g4xx_hal_pwr_ex.o(i.HAL_PWREx_DisableUCPDDeadBattery)
    HAL_RCCEx_PeriphCLKConfig                0x08000fa1   Thumb Code   872  stm32g4xx_hal_rcc_ex.o(i.HAL_RCCEx_PeriphCLKConfig)
    HAL_RCC_ClockConfig                      0x08001311   Thumb Code   522  stm32g4xx_hal_rcc.o(i.HAL_RCC_ClockConfig)
    HAL_RCC_GetHCLKFreq                      0x08001535   Thumb Code     6  stm32g4xx_hal_rcc.o(i.HAL_RCC_GetHCLKFreq)
    HAL_RCC_GetPCLK1Freq                     0x08001541   Thumb Code    26  stm32g4xx_hal_rcc.o(i.HAL_RCC_GetPCLK1Freq)
    HAL_RCC_GetPCLK2Freq                     0x08001565   Thumb Code    26  stm32g4xx_hal_rcc.o(i.HAL_RCC_GetPCLK2Freq)
    HAL_RCC_GetSysClockFreq                  0x08001589   Thumb Code   138  stm32g4xx_hal_rcc.o(i.HAL_RCC_GetSysClockFreq)
    HAL_RCC_OscConfig                        0x08001621   Thumb Code  1370  stm32g4xx_hal_rcc.o(i.HAL_RCC_OscConfig)
    HAL_SPI_Init                             0x08001b89   Thumb Code   252  stm32g4xx_hal_spi.o(i.HAL_SPI_Init)
    HAL_SPI_MspInit                          0x08001c85   Thumb Code   160  spi.o(i.HAL_SPI_MspInit)
    HAL_SPI_Receive                          0x08001d31   Thumb Code   422  stm32g4xx_hal_spi.o(i.HAL_SPI_Receive)
    HAL_SPI_Transmit                         0x08001ed7   Thumb Code   490  stm32g4xx_hal_spi.o(i.HAL_SPI_Transmit)
    HAL_SPI_TransmitReceive                  0x080020c1   Thumb Code   700  stm32g4xx_hal_spi.o(i.HAL_SPI_TransmitReceive)
    HAL_SYSTICK_Config                       0x0800237d   Thumb Code    52  stm32g4xx_hal_cortex.o(i.HAL_SYSTICK_Config)
    HAL_UARTEx_DisableFifoMode               0x080023b1   Thumb Code    78  stm32g4xx_hal_uart_ex.o(i.HAL_UARTEx_DisableFifoMode)
    HAL_UARTEx_SetRxFifoThreshold            0x080023ff   Thumb Code    94  stm32g4xx_hal_uart_ex.o(i.HAL_UARTEx_SetRxFifoThreshold)
    HAL_UARTEx_SetTxFifoThreshold            0x0800245d   Thumb Code    94  stm32g4xx_hal_uart_ex.o(i.HAL_UARTEx_SetTxFifoThreshold)
    HAL_UART_Init                            0x080024bb   Thumb Code   120  stm32g4xx_hal_uart.o(i.HAL_UART_Init)
    HAL_UART_MspInit                         0x08002535   Thumb Code   106  usart.o(i.HAL_UART_MspInit)
    HAL_UART_Transmit                        0x080025ad   Thumb Code   214  stm32g4xx_hal_uart.o(i.HAL_UART_Transmit)
    HardFault_Handler                        0x08002683   Thumb Code     4  stm32g4xx_it.o(i.HardFault_Handler)
    MX_GPIO_Init                             0x08002689   Thumb Code   160  gpio.o(i.MX_GPIO_Init)
    MX_SPI1_Init                             0x0800272d   Thumb Code    72  spi.o(i.MX_SPI1_Init)
    MX_USART1_UART_Init                      0x0800277d   Thumb Code    98  usart.o(i.MX_USART1_UART_Init)
    MemManage_Handler                        0x080027e9   Thumb Code     4  stm32g4xx_it.o(i.MemManage_Handler)
    NMI_Handler                              0x080027ed   Thumb Code     4  stm32g4xx_it.o(i.NMI_Handler)
    PendSV_Handler                           0x080027f1   Thumb Code     2  stm32g4xx_it.o(i.PendSV_Handler)
    SVC_Handler                              0x08002b05   Thumb Code     2  stm32g4xx_it.o(i.SVC_Handler)
    SysTick_Handler                          0x08002b07   Thumb Code     8  stm32g4xx_it.o(i.SysTick_Handler)
    SystemClock_Config                       0x08002b0f   Thumb Code   136  main.o(i.SystemClock_Config)
    SystemInit                               0x08002b99   Thumb Code    14  system_stm32g4xx.o(i.SystemInit)
    T_CICCompensationDecimator_Init          0x08002bad   Thumb Code   194  tplockinamp.o(i.T_CICCompensationDecimator_Init)
    T_CICCompensationDecimator_Term          0x08002c7d   Thumb Code    50  tplockinamp.o(i.T_CICCompensationDecimator_Term)
    TpLockInAmp_initialize                   0x08002cb1   Thumb Code    48  tplockinamp.o(i.TpLockInAmp_initialize)
    TpLockInAmp_step                         0x08002cf5   Thumb Code  1776  tplockinamp.o(i.TpLockInAmp_step)
    TpLockInAmp_terminate                    0x08003401   Thumb Code    16  tplockinamp.o(i.TpLockInAmp_terminate)
    TpLock_CICCompensationDecimator          0x08003419   Thumb Code   612  tplockinamp.o(i.TpLock_CICCompensationDecimator)
    UART_AdvFeatureConfig                    0x080036dd   Thumb Code   248  stm32g4xx_hal_uart.o(i.UART_AdvFeatureConfig)
    UART_CheckIdleState                      0x080037d5   Thumb Code   118  stm32g4xx_hal_uart.o(i.UART_CheckIdleState)
    UART_SetConfig                           0x0800384d   Thumb Code   866  stm32g4xx_hal_uart.o(i.UART_SetConfig)
    UART_WaitOnFlagUntilTimeout              0x08003bd9   Thumb Code   190  stm32g4xx_hal_uart.o(i.UART_WaitOnFlagUntilTimeout)
    UsageFault_Handler                       0x08003c97   Thumb Code     4  stm32g4xx_it.o(i.UsageFault_Handler)
    Usermain                                 0x08003c9d   Thumb Code   198  usermain.o(i.Usermain)
    __0printf                                0x08003d9d   Thumb Code    22  printfa.o(i.__0printf)
    __1printf                                0x08003d9d   Thumb Code     0  printfa.o(i.__0printf)
    __2printf                                0x08003d9d   Thumb Code     0  printfa.o(i.__0printf)
    __c89printf                              0x08003d9d   Thumb Code     0  printfa.o(i.__0printf)
    printf                                   0x08003d9d   Thumb Code     0  printfa.o(i.__0printf)
    __ARM_fpclassify                         0x08003dbd   Thumb Code    48  fpclassify.o(i.__ARM_fpclassify)
    __hardfp_atan                            0x08003e29   Thumb Code   622  atan.o(i.__hardfp_atan)
    __hardfp_pow                             0x08004101   Thumb Code  3072  pow.o(i.__hardfp_pow)
    __hardfp_sin                             0x08004d51   Thumb Code   180  sin.o(i.__hardfp_sin)
    __hardfp_sqrt                            0x08004e19   Thumb Code   122  sqrt.o(i.__hardfp_sqrt)
    __ieee754_rem_pio2                       0x08004e99   Thumb Code   938  rred.o(i.__ieee754_rem_pio2)
    __kernel_cos                             0x080052d1   Thumb Code   322  cos_i.o(i.__kernel_cos)
    __kernel_poly                            0x08005441   Thumb Code   248  poly.o(i.__kernel_poly)
    __kernel_sin                             0x08005539   Thumb Code   280  sin_i.o(i.__kernel_sin)
    __mathlib_dbl_divzero                    0x08005669   Thumb Code    28  dunder.o(i.__mathlib_dbl_divzero)
    __mathlib_dbl_infnan                     0x08005699   Thumb Code    20  dunder.o(i.__mathlib_dbl_infnan)
    __mathlib_dbl_infnan2                    0x080056ad   Thumb Code    20  dunder.o(i.__mathlib_dbl_infnan2)
    __mathlib_dbl_invalid                    0x080056c1   Thumb Code    24  dunder.o(i.__mathlib_dbl_invalid)
    __mathlib_dbl_overflow                   0x080056e1   Thumb Code    24  dunder.o(i.__mathlib_dbl_overflow)
    __mathlib_dbl_underflow                  0x08005701   Thumb Code    24  dunder.o(i.__mathlib_dbl_underflow)
    __scatterload_copy                       0x08005721   Thumb Code    14  handlers.o(i.__scatterload_copy)
    __scatterload_null                       0x0800572f   Thumb Code     2  handlers.o(i.__scatterload_null)
    __scatterload_zeroinit                   0x08005731   Thumb Code    14  handlers.o(i.__scatterload_zeroinit)
    __set_errno                              0x08005741   Thumb Code     6  errno.o(i.__set_errno)
    fabs                                     0x08005fd7   Thumb Code    24  fabs.o(i.fabs)
    fputc                                    0x08005ff1   Thumb Code    22  usermain.o(i.fputc)
    main                                     0x0800600d   Thumb Code    28  main.o(i.main)
    sqrt                                     0x08006075   Thumb Code   110  sqrt.o(i.sqrt)
    UARTPrescTable                           0x080060e2   Data          24  stm32g4xx_hal_uart.o(.constdata)
    AHBPrescTable                            0x0800610a   Data          16  system_stm32g4xx.o(.constdata)
    APBPrescTable                            0x0800611a   Data           8  system_stm32g4xx.o(.constdata)
    TpLockInAmp_M                            0x08006128   Data           4  tplockinamp.o(.constdata)
    __mathlib_zero                           0x08007380   Data           8  qnan.o(.constdata)
    Region$$Table$$Base                      0x08007478   Number         0  anon$$obj.o(Region$$Table)
    Region$$Table$$Limit                     0x08007498   Number         0  anon$$obj.o(Region$$Table)
    uwTick                                   0x20000000   Data           4  stm32g4xx_hal.o(.data)
    uwTickPrio                               0x20000004   Data           4  stm32g4xx_hal.o(.data)
    uwTickFreq                               0x20000008   Data           4  stm32g4xx_hal.o(.data)
    SystemCoreClock                          0x2000000c   Data           4  system_stm32g4xx.o(.data)
    cnt                                      0x20000010   Data           4  usermain.o(.data)
    result                                   0x20000018   Data           8  usermain.o(.data)
    signal_output                            0x20000020   Data           8  usermain.o(.data)
    ID                                       0x20000028   Data           1  usermain.o(.data)
    signal_amp                               0x20000038   Data           8  tplockinamp.o(.data)
    signal_input                             0x20000040   Data           8  tplockinamp.o(.data)
    signal_pha                               0x20000048   Data           8  tplockinamp.o(.data)
    __stdout                                 0x20000050   Data           4  stdout.o(.data)
    hspi1                                    0x20000058   Data         100  spi.o(.bss)
    huart1                                   0x200000bc   Data         144  usart.o(.bss)
    adc_result                               0x20000150   Data        8192  usermain.o(.bss)
    AD7190_data                              0x20002150   Data        4096  ad719x.o(.bss)
    TpLockInAmp_B                            0x20003150   Data          32  tplockinamp.o(.bss)
    TpLockInAmp_DW                           0x20003170   Data       17872  tplockinamp.o(.bss)
    __initial_sp                             0x20007b40   Data           0  startup_stm32g431xx.o(STACK)



==============================================================================

Memory Map of the image

  Image Entry point : 0x080001d9

  Load Region LR_IROM1 (Base: 0x08000000, Size: 0x000074f0, Max: 0x00020000, ABSOLUTE)

    Execution Region ER_IROM1 (Exec base: 0x08000000, Load base: 0x08000000, Size: 0x00007498, Max: 0x00020000, ABSOLUTE)

    Exec Addr    Load Addr    Size         Type   Attr      Idx    E Section Name        Object

    0x08000000   0x08000000   0x000001d8   Data   RO            3    RESET               startup_stm32g431xx.o
    0x080001d8   0x080001d8   0x00000000   Code   RO         3111  * .ARM.Collect$$$$00000000  mc_w.l(entry.o)
    0x080001d8   0x080001d8   0x00000004   Code   RO         3430    .ARM.Collect$$$$00000001  mc_w.l(entry2.o)
    0x080001dc   0x080001dc   0x00000004   Code   RO         3433    .ARM.Collect$$$$00000004  mc_w.l(entry5.o)
    0x080001e0   0x080001e0   0x00000000   Code   RO         3435    .ARM.Collect$$$$00000008  mc_w.l(entry7b.o)
    0x080001e0   0x080001e0   0x00000000   Code   RO         3437    .ARM.Collect$$$$0000000A  mc_w.l(entry8b.o)
    0x080001e0   0x080001e0   0x00000008   Code   RO         3438    .ARM.Collect$$$$0000000B  mc_w.l(entry9a.o)
    0x080001e8   0x080001e8   0x00000004   Code   RO         3445    .ARM.Collect$$$$0000000E  mc_w.l(entry12b.o)
    0x080001ec   0x080001ec   0x00000000   Code   RO         3440    .ARM.Collect$$$$0000000F  mc_w.l(entry10a.o)
    0x080001ec   0x080001ec   0x00000000   Code   RO         3442    .ARM.Collect$$$$00000011  mc_w.l(entry11a.o)
    0x080001ec   0x080001ec   0x00000004   Code   RO         3431    .ARM.Collect$$$$00002712  mc_w.l(entry2.o)
    0x080001f0   0x080001f0   0x00000024   Code   RO            4    .text               startup_stm32g431xx.o
    0x08000214   0x08000214   0x00000062   Code   RO         3114    .text               mc_w.l(uldiv.o)
    0x08000276   0x08000276   0x00000024   Code   RO         3116    .text               mc_w.l(memseta.o)
    0x0800029a   0x0800029a   0x0000014e   Code   RO         3379    .text               mf_w.l(dadd.o)
    0x080003e8   0x080003e8   0x000000e4   Code   RO         3381    .text               mf_w.l(dmul.o)
    0x080004cc   0x080004cc   0x000000de   Code   RO         3383    .text               mf_w.l(ddiv.o)
    0x080005aa   0x080005aa   0x0000001a   Code   RO         3385    .text               mf_w.l(dfltui.o)
    0x080005c4   0x080005c4   0x00000030   Code   RO         3387    .text               mf_w.l(cdcmple.o)
    0x080005f4   0x080005f4   0x00000030   Code   RO         3389    .text               mf_w.l(cdrcmple.o)
    0x08000624   0x08000624   0x0000002c   Code   RO         3447    .text               mc_w.l(uidiv.o)
    0x08000650   0x08000650   0x0000001e   Code   RO         3449    .text               mc_w.l(llshl.o)
    0x0800066e   0x0800066e   0x00000020   Code   RO         3451    .text               mc_w.l(llushr.o)
    0x0800068e   0x0800068e   0x00000024   Code   RO         3453    .text               mc_w.l(llsshr.o)
    0x080006b2   0x080006b2   0x00000000   Code   RO         3462    .text               mc_w.l(iusefp.o)
    0x080006b2   0x080006b2   0x000000ba   Code   RO         3463    .text               mf_w.l(depilogue.o)
    0x0800076c   0x0800076c   0x0000002e   Code   RO         3467    .text               mf_w.l(dscalb.o)
    0x0800079a   0x0800079a   0x000000a2   Code   RO         3469    .text               mf_w.l(dsqrt.o)
    0x0800083c   0x0800083c   0x00000022   Code   RO         3471    .text               mf_w.l(dflti.o)
    0x0800085e   0x0800085e   0x00000030   Code   RO         3473    .text               mf_w.l(dfixul.o)
    0x0800088e   0x0800088e   0x00000002   PAD
    0x08000890   0x08000890   0x00000024   Code   RO         3475    .text               mc_w.l(init.o)
    0x080008b4   0x080008b4   0x0000003e   Code   RO         3477    .text               mf_w.l(dfixi.o)
    0x080008f2   0x080008f2   0x00000002   PAD
    0x080008f4   0x080008f4   0x00000028   Code   RO         2933    i.AD7190_RST        ad719x.o
    0x0800091c   0x0800091c   0x000000e8   Code   RO         2934    i.AD7190_ReadDataContinous  ad719x.o
    0x08000a04   0x08000a04   0x0000007c   Code   RO         2936    i.AD7190_ValueConversion  ad719x.o
    0x08000a80   0x08000a80   0x00000040   Code   RO         2937    i.AD7190_WR_ConfigReg  ad719x.o
    0x08000ac0   0x08000ac0   0x00000040   Code   RO         2938    i.AD7190_WR_ModeReg  ad719x.o
    0x08000b00   0x08000b00   0x00000004   Code   RO          294    i.BusFault_Handler  stm32g4xx_it.o
    0x08000b04   0x08000b04   0x00000002   Code   RO          295    i.DebugMon_Handler  stm32g4xx_it.o
    0x08000b06   0x08000b06   0x00000006   Code   RO           13    i.Error_Handler     main.o
    0x08000b0c   0x08000b0c   0x000001d8   Code   RO         1502    i.HAL_GPIO_Init     stm32g4xx_hal_gpio.o
    0x08000ce4   0x08000ce4   0x0000000a   Code   RO         1506    i.HAL_GPIO_WritePin  stm32g4xx_hal_gpio.o
    0x08000cee   0x08000cee   0x00000002   PAD
    0x08000cf0   0x08000cf0   0x0000000c   Code   RO          755    i.HAL_GetTick       stm32g4xx_hal.o
    0x08000cfc   0x08000cfc   0x00000018   Code   RO          758    i.HAL_IncTick       stm32g4xx_hal.o
    0x08000d14   0x08000d14   0x0000001e   Code   RO          759    i.HAL_Init          stm32g4xx_hal.o
    0x08000d32   0x08000d32   0x00000002   PAD
    0x08000d34   0x08000d34   0x00000058   Code   RO          760    i.HAL_InitTick      stm32g4xx_hal.o
    0x08000d8c   0x08000d8c   0x00000044   Code   RO          369    i.HAL_MspInit       stm32g4xx_hal_msp.o
    0x08000dd0   0x08000dd0   0x0000007a   Code   RO         2155    i.HAL_NVIC_SetPriority  stm32g4xx_hal_cortex.o
    0x08000e4a   0x08000e4a   0x00000002   PAD
    0x08000e4c   0x08000e4c   0x00000028   Code   RO         2156    i.HAL_NVIC_SetPriorityGrouping  stm32g4xx_hal_cortex.o
    0x08000e74   0x08000e74   0x00000118   Code   RO         1905    i.HAL_PWREx_ControlVoltageScaling  stm32g4xx_hal_pwr_ex.o
    0x08000f8c   0x08000f8c   0x00000014   Code   RO         1917    i.HAL_PWREx_DisableUCPDDeadBattery  stm32g4xx_hal_pwr_ex.o
    0x08000fa0   0x08000fa0   0x00000370   Code   RO         1109    i.HAL_RCCEx_PeriphCLKConfig  stm32g4xx_hal_rcc_ex.o
    0x08001310   0x08001310   0x00000224   Code   RO          979    i.HAL_RCC_ClockConfig  stm32g4xx_hal_rcc.o
    0x08001534   0x08001534   0x0000000c   Code   RO          985    i.HAL_RCC_GetHCLKFreq  stm32g4xx_hal_rcc.o
    0x08001540   0x08001540   0x00000024   Code   RO          987    i.HAL_RCC_GetPCLK1Freq  stm32g4xx_hal_rcc.o
    0x08001564   0x08001564   0x00000024   Code   RO          988    i.HAL_RCC_GetPCLK2Freq  stm32g4xx_hal_rcc.o
    0x08001588   0x08001588   0x00000098   Code   RO          989    i.HAL_RCC_GetSysClockFreq  stm32g4xx_hal_rcc.o
    0x08001620   0x08001620   0x00000568   Code   RO          992    i.HAL_RCC_OscConfig  stm32g4xx_hal_rcc.o
    0x08001b88   0x08001b88   0x000000fc   Code   RO          404    i.HAL_SPI_Init      stm32g4xx_hal_spi.o
    0x08001c84   0x08001c84   0x000000ac   Code   RO          211    i.HAL_SPI_MspInit   spi.o
    0x08001d30   0x08001d30   0x000001a6   Code   RO          407    i.HAL_SPI_Receive   stm32g4xx_hal_spi.o
    0x08001ed6   0x08001ed6   0x000001ea   Code   RO          412    i.HAL_SPI_Transmit  stm32g4xx_hal_spi.o
    0x080020c0   0x080020c0   0x000002bc   Code   RO          413    i.HAL_SPI_TransmitReceive  stm32g4xx_hal_spi.o
    0x0800237c   0x0800237c   0x00000034   Code   RO         2160    i.HAL_SYSTICK_Config  stm32g4xx_hal_cortex.o
    0x080023b0   0x080023b0   0x0000004e   Code   RO         2745    i.HAL_UARTEx_DisableFifoMode  stm32g4xx_hal_uart_ex.o
    0x080023fe   0x080023fe   0x0000005e   Code   RO         2753    i.HAL_UARTEx_SetRxFifoThreshold  stm32g4xx_hal_uart_ex.o
    0x0800245c   0x0800245c   0x0000005e   Code   RO         2754    i.HAL_UARTEx_SetTxFifoThreshold  stm32g4xx_hal_uart_ex.o
    0x080024ba   0x080024ba   0x00000078   Code   RO         2349    i.HAL_UART_Init     stm32g4xx_hal_uart.o
    0x08002532   0x08002532   0x00000002   PAD
    0x08002534   0x08002534   0x00000078   Code   RO          253    i.HAL_UART_MspInit  usart.o
    0x080025ac   0x080025ac   0x000000d6   Code   RO         2358    i.HAL_UART_Transmit  stm32g4xx_hal_uart.o
    0x08002682   0x08002682   0x00000004   Code   RO          296    i.HardFault_Handler  stm32g4xx_it.o
    0x08002686   0x08002686   0x00000002   PAD
    0x08002688   0x08002688   0x000000a4   Code   RO          186    i.MX_GPIO_Init      gpio.o
    0x0800272c   0x0800272c   0x00000050   Code   RO          212    i.MX_SPI1_Init      spi.o
    0x0800277c   0x0800277c   0x0000006c   Code   RO          254    i.MX_USART1_UART_Init  usart.o
    0x080027e8   0x080027e8   0x00000004   Code   RO          297    i.MemManage_Handler  stm32g4xx_it.o
    0x080027ec   0x080027ec   0x00000004   Code   RO          298    i.NMI_Handler       stm32g4xx_it.o
    0x080027f0   0x080027f0   0x00000002   Code   RO          299    i.PendSV_Handler    stm32g4xx_it.o
    0x080027f2   0x080027f2   0x00000002   PAD
    0x080027f4   0x080027f4   0x00000068   Code   RO          993    i.RCC_GetSysClockFreqFromPLLSource  stm32g4xx_hal_rcc.o
    0x0800285c   0x0800285c   0x00000082   Code   RO          441    i.SPI_EndRxTransaction  stm32g4xx_hal_spi.o
    0x080028de   0x080028de   0x00000064   Code   RO          442    i.SPI_EndRxTxTransaction  stm32g4xx_hal_spi.o
    0x08002942   0x08002942   0x00000002   PAD
    0x08002944   0x08002944   0x000000e8   Code   RO          447    i.SPI_WaitFifoStateUntilTimeout  stm32g4xx_hal_spi.o
    0x08002a2c   0x08002a2c   0x000000d8   Code   RO          448    i.SPI_WaitFlagStateUntilTimeout  stm32g4xx_hal_spi.o
    0x08002b04   0x08002b04   0x00000002   Code   RO          300    i.SVC_Handler       stm32g4xx_it.o
    0x08002b06   0x08002b06   0x00000008   Code   RO          301    i.SysTick_Handler   stm32g4xx_it.o
    0x08002b0e   0x08002b0e   0x00000088   Code   RO           14    i.SystemClock_Config  main.o
    0x08002b96   0x08002b96   0x00000002   PAD
    0x08002b98   0x08002b98   0x00000014   Code   RO         2863    i.SystemInit        system_stm32g4xx.o
    0x08002bac   0x08002bac   0x000000d0   Code   RO         2998    i.T_CICCompensationDecimator_Init  tplockinamp.o
    0x08002c7c   0x08002c7c   0x00000032   Code   RO         2999    i.T_CICCompensationDecimator_Term  tplockinamp.o
    0x08002cae   0x08002cae   0x00000002   PAD
    0x08002cb0   0x08002cb0   0x00000044   Code   RO         3000    i.TpLockInAmp_initialize  tplockinamp.o
    0x08002cf4   0x08002cf4   0x0000070c   Code   RO         3001    i.TpLockInAmp_step  tplockinamp.o
    0x08003400   0x08003400   0x00000018   Code   RO         3002    i.TpLockInAmp_terminate  tplockinamp.o
    0x08003418   0x08003418   0x0000026c   Code   RO         3003    i.TpLock_CICCompensationDecimator  tplockinamp.o
    0x08003684   0x08003684   0x00000058   Code   RO         2758    i.UARTEx_SetNbDataToProcess  stm32g4xx_hal_uart_ex.o
    0x080036dc   0x080036dc   0x000000f8   Code   RO         2363    i.UART_AdvFeatureConfig  stm32g4xx_hal_uart.o
    0x080037d4   0x080037d4   0x00000076   Code   RO         2364    i.UART_CheckIdleState  stm32g4xx_hal_uart.o
    0x0800384a   0x0800384a   0x00000002   PAD
    0x0800384c   0x0800384c   0x0000038c   Code   RO         2382    i.UART_SetConfig    stm32g4xx_hal_uart.o
    0x08003bd8   0x08003bd8   0x000000be   Code   RO         2389    i.UART_WaitOnFlagUntilTimeout  stm32g4xx_hal_uart.o
    0x08003c96   0x08003c96   0x00000004   Code   RO          302    i.UsageFault_Handler  stm32g4xx_it.o
    0x08003c9a   0x08003c9a   0x00000002   PAD
    0x08003c9c   0x08003c9c   0x00000100   Code   RO         2899    i.Usermain          usermain.o
    0x08003d9c   0x08003d9c   0x00000020   Code   RO         3351    i.__0printf         mc_w.l(printfa.o)
    0x08003dbc   0x08003dbc   0x00000030   Code   RO         3414    i.__ARM_fpclassify  m_wm.l(fpclassify.o)
    0x08003dec   0x08003dec   0x00000010   Code   RO         2162    i.__NVIC_GetPriorityGrouping  stm32g4xx_hal_cortex.o
    0x08003dfc   0x08003dfc   0x00000028   Code   RO         2163    i.__NVIC_SetPriority  stm32g4xx_hal_cortex.o
    0x08003e24   0x08003e24   0x00000004   PAD
    0x08003e28   0x08003e28   0x000002d8   Code   RO         3059    i.__hardfp_atan     m_wm.l(atan.o)
    0x08004100   0x08004100   0x00000c50   Code   RO         3073    i.__hardfp_pow      m_wm.l(pow.o)
    0x08004d50   0x08004d50   0x000000c8   Code   RO         3087    i.__hardfp_sin      m_wm.l(sin.o)
    0x08004e18   0x08004e18   0x0000007a   Code   RO         3099    i.__hardfp_sqrt     m_wm.l(sqrt.o)
    0x08004e92   0x08004e92   0x00000006   PAD
    0x08004e98   0x08004e98   0x00000438   Code   RO         3419    i.__ieee754_rem_pio2  m_wm.l(rred.o)
    0x080052d0   0x080052d0   0x00000170   Code   RO         3391    i.__kernel_cos      m_wm.l(cos_i.o)
    0x08005440   0x08005440   0x000000f8   Code   RO         3416    i.__kernel_poly     m_wm.l(poly.o)
    0x08005538   0x08005538   0x00000130   Code   RO         3424    i.__kernel_sin      m_wm.l(sin_i.o)
    0x08005668   0x08005668   0x00000030   Code   RO         3394    i.__mathlib_dbl_divzero  m_wm.l(dunder.o)
    0x08005698   0x08005698   0x00000014   Code   RO         3395    i.__mathlib_dbl_infnan  m_wm.l(dunder.o)
    0x080056ac   0x080056ac   0x00000014   Code   RO         3396    i.__mathlib_dbl_infnan2  m_wm.l(dunder.o)
    0x080056c0   0x080056c0   0x00000020   Code   RO         3397    i.__mathlib_dbl_invalid  m_wm.l(dunder.o)
    0x080056e0   0x080056e0   0x00000020   Code   RO         3398    i.__mathlib_dbl_overflow  m_wm.l(dunder.o)
    0x08005700   0x08005700   0x00000020   Code   RO         3400    i.__mathlib_dbl_underflow  m_wm.l(dunder.o)
    0x08005720   0x08005720   0x0000000e   Code   RO         3481    i.__scatterload_copy  mc_w.l(handlers.o)
    0x0800572e   0x0800572e   0x00000002   Code   RO         3482    i.__scatterload_null  mc_w.l(handlers.o)
    0x08005730   0x08005730   0x0000000e   Code   RO         3483    i.__scatterload_zeroinit  mc_w.l(handlers.o)
    0x0800573e   0x0800573e   0x00000002   PAD
    0x08005740   0x08005740   0x0000000c   Code   RO         3457    i.__set_errno       mc_w.l(errno.o)
    0x0800574c   0x0800574c   0x00000184   Code   RO         3358    i._fp_digits        mc_w.l(printfa.o)
    0x080058d0   0x080058d0   0x000006b4   Code   RO         3359    i._printf_core      mc_w.l(printfa.o)
    0x08005f84   0x08005f84   0x00000024   Code   RO         3360    i._printf_post_padding  mc_w.l(printfa.o)
    0x08005fa8   0x08005fa8   0x0000002e   Code   RO         3361    i._printf_pre_padding  mc_w.l(printfa.o)
    0x08005fd6   0x08005fd6   0x00000018   Code   RO         3410    i.fabs              m_wm.l(fabs.o)
    0x08005fee   0x08005fee   0x00000002   PAD
    0x08005ff0   0x08005ff0   0x0000001c   Code   RO         2900    i.fputc             usermain.o
    0x0800600c   0x0800600c   0x0000001c   Code   RO           15    i.main              main.o
    0x08006028   0x08006028   0x0000004c   Code   RO         3004    i.rate_scheduler    tplockinamp.o
    0x08006074   0x08006074   0x0000006e   Code   RO         3101    i.sqrt              m_wm.l(sqrt.o)
    0x080060e2   0x080060e2   0x00000018   Data   RO         2390    .constdata          stm32g4xx_hal_uart.o
    0x080060fa   0x080060fa   0x00000010   Data   RO         2760    .constdata          stm32g4xx_hal_uart_ex.o
    0x0800610a   0x0800610a   0x00000018   Data   RO         2864    .constdata          system_stm32g4xx.o
    0x08006122   0x08006122   0x00000006   PAD
    0x08006128   0x08006128   0x00001108   Data   RO         3006    .constdata          tplockinamp.o
    0x08007230   0x08007230   0x00000098   Data   RO         3062    .constdata          m_wm.l(atan.o)
    0x080072c8   0x080072c8   0x00000088   Data   RO         3076    .constdata          m_wm.l(pow.o)
    0x08007350   0x08007350   0x00000030   Data   RO         3392    .constdata          m_wm.l(cos_i.o)
    0x08007380   0x08007380   0x00000008   Data   RO         3418    .constdata          m_wm.l(qnan.o)
    0x08007388   0x08007388   0x000000c8   Data   RO         3421    .constdata          m_wm.l(rred.o)
    0x08007450   0x08007450   0x00000028   Data   RO         3425    .constdata          m_wm.l(sin_i.o)
    0x08007478   0x08007478   0x00000020   Data   RO         3479    Region$$Table       anon$$obj.o


    Execution Region RW_IRAM1 (Exec base: 0x20000000, Load base: 0x08007498, Size: 0x00007b40, Max: 0x00008000, ABSOLUTE)

    Exec Addr    Load Addr    Size         Type   Attr      Idx    E Section Name        Object

    0x20000000   0x08007498   0x0000000c   Data   RW          779    .data               stm32g4xx_hal.o
    0x2000000c   0x080074a4   0x00000004   Data   RW         2865    .data               system_stm32g4xx.o
    0x20000010   0x080074a8   0x00000019   Data   RW         2902    .data               usermain.o
    0x20000029   0x080074c1   0x00000007   PAD
    0x20000030   0x080074c8   0x00000020   Data   RW         3007    .data               tplockinamp.o
    0x20000050   0x080074e8   0x00000004   Data   RW         3446    .data               mc_w.l(stdout.o)
    0x20000054   0x080074ec   0x00000004   Data   RW         3458    .data               mc_w.l(errno.o)
    0x20000058        -       0x00000064   Zero   RW          213    .bss                spi.o
    0x200000bc        -       0x00000090   Zero   RW          255    .bss                usart.o
    0x2000014c   0x080074f0   0x00000004   PAD
    0x20000150        -       0x00002000   Zero   RW         2901    .bss                usermain.o
    0x20002150        -       0x00001000   Zero   RW         2939    .bss                ad719x.o
    0x20003150        -       0x000045f0   Zero   RW         3005    .bss                tplockinamp.o
    0x20007740        -       0x00000400   Zero   RW            1    STACK               startup_stm32g431xx.o


==============================================================================

Image component sizes


      Code (inc. data)   RO Data    RW Data    ZI Data      Debug   Object Name

       524         60          0          0       4096       4035   ad719x.o
       164          4          0          0          0        967   gpio.o
       170          0          0          0          0     584777   main.o
       252         20          0          0        100       1749   spi.o
        36          8        472          0       1024        840   startup_stm32g431xx.o
       154         28          0         12          0       3705   stm32g4xx_hal.o
       270         22          0          0          0      33670   stm32g4xx_hal_cortex.o
       482         34          0          0          0       2272   stm32g4xx_hal_gpio.o
        68          6          0          0          0        858   stm32g4xx_hal_msp.o
       300         18          0          0          0       1417   stm32g4xx_hal_pwr_ex.o
      2272        108          0          0          0       6988   stm32g4xx_hal_rcc.o
       880          8          0          0          0       1880   stm32g4xx_hal_rcc_ex.o
      2542         12          0          0          0       9210   stm32g4xx_hal_spi.o
      1798         62         24          0          0      25058   stm32g4xx_hal_uart.o
       354         10         16          0          0       3673   stm32g4xx_hal_uart_ex.o
        34          0          0          0          0       4250   stm32g4xx_it.o
        20          6         24          4          0       1139   system_stm32g4xx.o
      2850        130       4360         32      17904       9326   tplockinamp.o
       228         24          0          0        144       1738   usart.o
       284         64          0         25       8192       1852   usermain.o

    ----------------------------------------------------------------------
     13708        628       4934         80      31464     699404   Object Totals
         0          0         32          0          0          0   (incl. Generated)
        26          4          6          7          4          0   (incl. Padding)

    ----------------------------------------------------------------------

      Code (inc. data)   RO Data    RW Data    ZI Data      Debug   Library Member Name

       728        106        152          0          0        228   atan.o
       368         46         48          0          0        200   cos_i.o
       184         44          0          0          0        744   dunder.o
        24          0          0          0          0        124   fabs.o
        48          0          0          0          0        124   fpclassify.o
       248          0          0          0          0        152   poly.o
      3152        296        136          0          0        352   pow.o
         0          0          8          0          0          0   qnan.o
      1080        142        200          0          0        188   rred.o
       200         20          0          0          0        164   sin.o
       304         24         40          0          0        208   sin_i.o
       232          0          0          0          0        296   sqrt.o
         0          0          0          0          0          0   entry.o
         0          0          0          0          0          0   entry10a.o
         0          0          0          0          0          0   entry11a.o
         4          0          0          0          0          0   entry12b.o
         8          4          0          0          0          0   entry2.o
         4          0          0          0          0          0   entry5.o
         0          0          0          0          0          0   entry7b.o
         0          0          0          0          0          0   entry8b.o
         8          4          0          0          0          0   entry9a.o
        12          6          0          4          0         68   errno.o
        30          0          0          0          0          0   handlers.o
        36          8          0          0          0         68   init.o
         0          0          0          0          0          0   iusefp.o
        30          0          0          0          0         68   llshl.o
        36          0          0          0          0         68   llsshr.o
        32          0          0          0          0         68   llushr.o
        36          0          0          0          0        108   memseta.o
      2218         90          0          0          0        464   printfa.o
         0          0          0          4          0          0   stdout.o
        44          0          0          0          0         80   uidiv.o
        98          0          0          0          0         92   uldiv.o
        48          0          0          0          0         68   cdcmple.o
        48          0          0          0          0         68   cdrcmple.o
       334          0          0          0          0        148   dadd.o
       222          0          0          0          0        100   ddiv.o
       186          0          0          0          0        176   depilogue.o
        62          0          0          0          0         80   dfixi.o
        48          0          0          0          0         68   dfixul.o
        34          0          0          0          0         76   dflti.o
        26          0          0          0          0         76   dfltui.o
       228          0          0          0          0         96   dmul.o
        46          0          0          0          0         80   dscalb.o
       162          0          0          0          0        100   dsqrt.o

    ----------------------------------------------------------------------
     10622        790        584          8          0       5000   Library Totals
        14          0          0          0          0          0   (incl. Padding)

    ----------------------------------------------------------------------

      Code (inc. data)   RO Data    RW Data    ZI Data      Debug   Library Name

      6568        678        584          0          0       2780   m_wm.l
      2596        112          0          8          0       1084   mc_w.l
      1444          0          0          0          0       1136   mf_w.l

    ----------------------------------------------------------------------
     10622        790        584          8          0       5000   Library Totals

    ----------------------------------------------------------------------

==============================================================================


      Code (inc. data)   RO Data    RW Data    ZI Data      Debug   

     24330       1418       5518         88      31464     695264   Grand Totals
     24330       1418       5518         88      31464     695264   ELF Image Totals
     24330       1418       5518         88          0          0   ROM Totals

==============================================================================

    Total RO  Size (Code + RO Data)                29848 (  29.15kB)
    Total RW  Size (RW Data + ZI Data)             31552 (  30.81kB)
    Total ROM Size (Code + RO Data + RW Data)      29936 (  29.23kB)

==============================================================================

